<!doctype html public "-//w3c//dtd html 4.0 transitional//en">
<html><head>
<title>Static Call Graph - [01BaseNMP\01BaseNMP.axf]</title></head>
<body><HR>
<H1>Static Call Graph for image 01BaseNMP\01BaseNMP.axf</H1><HR>
<BR><P>#&#060CALLGRAPH&#062# ARM Linker, 5060960: Last Updated: Mon Jun 24 17:16:55 2024
<BR><P>
<H3>Maximum Stack Usage =       1144 bytes + Unknown(Functions without stacksize, Cycles, Untraceable Function Pointers)</H3><H3>
Call chain for Maximum Stack Depth:</H3>
__rt_entry_main &rArr; main &rArr; motor_run &rArr; motor_speed_ctrl &rArr; motor_comm_send &rArr; crc_get_crc16 &rArr; __aeabi_memcpy4
<P>
<H3>
Functions with no stack information
</H3><UL>
 <LI><a href="#[97]">__user_initial_stackheap</a>
</UL>
</UL>
<P>
<H3>
Mutually Recursive functions
</H3> <LI><a href="#[21]">ADC_IRQHandler</a>&nbsp;&nbsp;&nbsp;&rArr;&nbsp;&nbsp;&nbsp;<a href="#[21]">ADC_IRQHandler</a><BR>
 <LI><a href="#[9]">BusFault_Handler</a>&nbsp;&nbsp;&nbsp;&rArr;&nbsp;&nbsp;&nbsp;<a href="#[9]">BusFault_Handler</a><BR>
 <LI><a href="#[10d]">UART_EndTxTransfer</a>&nbsp;&nbsp;&nbsp;&rArr;&nbsp;&nbsp;&nbsp;<a href="#[10d]">UART_EndTxTransfer</a><BR>
 <LI><a href="#[10e]">UART_EndRxTransfer</a>&nbsp;&nbsp;&nbsp;&rArr;&nbsp;&nbsp;&nbsp;<a href="#[10e]">UART_EndRxTransfer</a><BR>
 <LI><a href="#[7]">HardFault_Handler</a>&nbsp;&nbsp;&nbsp;&rArr;&nbsp;&nbsp;&nbsp;<a href="#[7]">HardFault_Handler</a><BR>
 <LI><a href="#[8]">MemManage_Handler</a>&nbsp;&nbsp;&nbsp;&rArr;&nbsp;&nbsp;&nbsp;<a href="#[8]">MemManage_Handler</a><BR>
 <LI><a href="#[6]">NMI_Handler</a>&nbsp;&nbsp;&nbsp;&rArr;&nbsp;&nbsp;&nbsp;<a href="#[6]">NMI_Handler</a><BR>
 <LI><a href="#[a]">UsageFault_Handler</a>&nbsp;&nbsp;&nbsp;&rArr;&nbsp;&nbsp;&nbsp;<a href="#[a]">UsageFault_Handler</a><BR>
</UL>
<P>
<H3>
Function Pointers
</H3><UL>
 <LI><a href="#[21]">ADC_IRQHandler</a> from startup_stm32f205xx.o(.text) referenced from startup_stm32f205xx.o(RESET)
 <LI><a href="#[9]">BusFault_Handler</a> from stm32f2xx_it.o(i.BusFault_Handler) referenced from startup_stm32f205xx.o(RESET)
 <LI><a href="#[23]">CAN1_RX0_IRQHandler</a> from startup_stm32f205xx.o(.text) referenced from startup_stm32f205xx.o(RESET)
 <LI><a href="#[24]">CAN1_RX1_IRQHandler</a> from startup_stm32f205xx.o(.text) referenced from startup_stm32f205xx.o(RESET)
 <LI><a href="#[25]">CAN1_SCE_IRQHandler</a> from startup_stm32f205xx.o(.text) referenced from startup_stm32f205xx.o(RESET)
 <LI><a href="#[22]">CAN1_TX_IRQHandler</a> from startup_stm32f205xx.o(.text) referenced from startup_stm32f205xx.o(RESET)
 <LI><a href="#[4d]">CAN2_RX0_IRQHandler</a> from startup_stm32f205xx.o(.text) referenced from startup_stm32f205xx.o(RESET)
 <LI><a href="#[4e]">CAN2_RX1_IRQHandler</a> from startup_stm32f205xx.o(.text) referenced from startup_stm32f205xx.o(RESET)
 <LI><a href="#[4f]">CAN2_SCE_IRQHandler</a> from startup_stm32f205xx.o(.text) referenced from startup_stm32f205xx.o(RESET)
 <LI><a href="#[4c]">CAN2_TX_IRQHandler</a> from startup_stm32f205xx.o(.text) referenced from startup_stm32f205xx.o(RESET)
 <LI><a href="#[1a]">DMA1_Stream0_IRQHandler</a> from startup_stm32f205xx.o(.text) referenced from startup_stm32f205xx.o(RESET)
 <LI><a href="#[1b]">DMA1_Stream1_IRQHandler</a> from startup_stm32f205xx.o(.text) referenced from startup_stm32f205xx.o(RESET)
 <LI><a href="#[1c]">DMA1_Stream2_IRQHandler</a> from startup_stm32f205xx.o(.text) referenced from startup_stm32f205xx.o(RESET)
 <LI><a href="#[1d]">DMA1_Stream3_IRQHandler</a> from startup_stm32f205xx.o(.text) referenced from startup_stm32f205xx.o(RESET)
 <LI><a href="#[1e]">DMA1_Stream4_IRQHandler</a> from startup_stm32f205xx.o(.text) referenced from startup_stm32f205xx.o(RESET)
 <LI><a href="#[1f]">DMA1_Stream5_IRQHandler</a> from bsp_usart.o(i.DMA1_Stream5_IRQHandler) referenced from startup_stm32f205xx.o(RESET)
 <LI><a href="#[20]">DMA1_Stream6_IRQHandler</a> from bsp_usart.o(i.DMA1_Stream6_IRQHandler) referenced from startup_stm32f205xx.o(RESET)
 <LI><a href="#[3e]">DMA1_Stream7_IRQHandler</a> from startup_stm32f205xx.o(.text) referenced from startup_stm32f205xx.o(RESET)
 <LI><a href="#[47]">DMA2_Stream0_IRQHandler</a> from startup_stm32f205xx.o(.text) referenced from startup_stm32f205xx.o(RESET)
 <LI><a href="#[48]">DMA2_Stream1_IRQHandler</a> from startup_stm32f205xx.o(.text) referenced from startup_stm32f205xx.o(RESET)
 <LI><a href="#[49]">DMA2_Stream2_IRQHandler</a> from stm32f2xx_it.o(i.DMA2_Stream2_IRQHandler) referenced from startup_stm32f205xx.o(RESET)
 <LI><a href="#[4a]">DMA2_Stream3_IRQHandler</a> from startup_stm32f205xx.o(.text) referenced from startup_stm32f205xx.o(RESET)
 <LI><a href="#[4b]">DMA2_Stream4_IRQHandler</a> from startup_stm32f205xx.o(.text) referenced from startup_stm32f205xx.o(RESET)
 <LI><a href="#[51]">DMA2_Stream5_IRQHandler</a> from startup_stm32f205xx.o(.text) referenced from startup_stm32f205xx.o(RESET)
 <LI><a href="#[52]">DMA2_Stream6_IRQHandler</a> from startup_stm32f205xx.o(.text) referenced from startup_stm32f205xx.o(RESET)
 <LI><a href="#[53]">DMA2_Stream7_IRQHandler</a> from stm32f2xx_it.o(i.DMA2_Stream7_IRQHandler) referenced from startup_stm32f205xx.o(RESET)
 <LI><a href="#[c]">DebugMon_Handler</a> from stm32f2xx_it.o(i.DebugMon_Handler) referenced from startup_stm32f205xx.o(RESET)
 <LI><a href="#[15]">EXTI0_IRQHandler</a> from startup_stm32f205xx.o(.text) referenced from startup_stm32f205xx.o(RESET)
 <LI><a href="#[37]">EXTI15_10_IRQHandler</a> from startup_stm32f205xx.o(.text) referenced from startup_stm32f205xx.o(RESET)
 <LI><a href="#[16]">EXTI1_IRQHandler</a> from startup_stm32f205xx.o(.text) referenced from startup_stm32f205xx.o(RESET)
 <LI><a href="#[17]">EXTI2_IRQHandler</a> from startup_stm32f205xx.o(.text) referenced from startup_stm32f205xx.o(RESET)
 <LI><a href="#[18]">EXTI3_IRQHandler</a> from startup_stm32f205xx.o(.text) referenced from startup_stm32f205xx.o(RESET)
 <LI><a href="#[19]">EXTI4_IRQHandler</a> from startup_stm32f205xx.o(.text) referenced from startup_stm32f205xx.o(RESET)
 <LI><a href="#[26]">EXTI9_5_IRQHandler</a> from startup_stm32f205xx.o(.text) referenced from startup_stm32f205xx.o(RESET)
 <LI><a href="#[13]">FLASH_IRQHandler</a> from startup_stm32f205xx.o(.text) referenced from startup_stm32f205xx.o(RESET)
 <LI><a href="#[3f]">FSMC_IRQHandler</a> from startup_stm32f205xx.o(.text) referenced from startup_stm32f205xx.o(RESET)
 <LI><a href="#[5b]">HASH_RNG_IRQHandler</a> from startup_stm32f205xx.o(.text) referenced from startup_stm32f205xx.o(RESET)
 <LI><a href="#[7]">HardFault_Handler</a> from stm32f2xx_it.o(i.HardFault_Handler) referenced from startup_stm32f205xx.o(RESET)
 <LI><a href="#[2f]">I2C1_ER_IRQHandler</a> from startup_stm32f205xx.o(.text) referenced from startup_stm32f205xx.o(RESET)
 <LI><a href="#[2e]">I2C1_EV_IRQHandler</a> from startup_stm32f205xx.o(.text) referenced from startup_stm32f205xx.o(RESET)
 <LI><a href="#[31]">I2C2_ER_IRQHandler</a> from startup_stm32f205xx.o(.text) referenced from startup_stm32f205xx.o(RESET)
 <LI><a href="#[30]">I2C2_EV_IRQHandler</a> from startup_stm32f205xx.o(.text) referenced from startup_stm32f205xx.o(RESET)
 <LI><a href="#[56]">I2C3_ER_IRQHandler</a> from startup_stm32f205xx.o(.text) referenced from startup_stm32f205xx.o(RESET)
 <LI><a href="#[55]">I2C3_EV_IRQHandler</a> from startup_stm32f205xx.o(.text) referenced from startup_stm32f205xx.o(RESET)
 <LI><a href="#[8]">MemManage_Handler</a> from stm32f2xx_it.o(i.MemManage_Handler) referenced from startup_stm32f205xx.o(RESET)
 <LI><a href="#[6]">NMI_Handler</a> from stm32f2xx_it.o(i.NMI_Handler) referenced from startup_stm32f205xx.o(RESET)
 <LI><a href="#[50]">OTG_FS_IRQHandler</a> from startup_stm32f205xx.o(.text) referenced from startup_stm32f205xx.o(RESET)
 <LI><a href="#[39]">OTG_FS_WKUP_IRQHandler</a> from startup_stm32f205xx.o(.text) referenced from startup_stm32f205xx.o(RESET)
 <LI><a href="#[58]">OTG_HS_EP1_IN_IRQHandler</a> from startup_stm32f205xx.o(.text) referenced from startup_stm32f205xx.o(RESET)
 <LI><a href="#[57]">OTG_HS_EP1_OUT_IRQHandler</a> from startup_stm32f205xx.o(.text) referenced from startup_stm32f205xx.o(RESET)
 <LI><a href="#[5a]">OTG_HS_IRQHandler</a> from startup_stm32f205xx.o(.text) referenced from startup_stm32f205xx.o(RESET)
 <LI><a href="#[59]">OTG_HS_WKUP_IRQHandler</a> from startup_stm32f205xx.o(.text) referenced from startup_stm32f205xx.o(RESET)
 <LI><a href="#[10]">PVD_IRQHandler</a> from startup_stm32f205xx.o(.text) referenced from startup_stm32f205xx.o(RESET)
 <LI><a href="#[d]">PendSV_Handler</a> from stm32f2xx_it.o(i.PendSV_Handler) referenced from startup_stm32f205xx.o(RESET)
 <LI><a href="#[14]">RCC_IRQHandler</a> from startup_stm32f205xx.o(.text) referenced from startup_stm32f205xx.o(RESET)
 <LI><a href="#[38]">RTC_Alarm_IRQHandler</a> from startup_stm32f205xx.o(.text) referenced from startup_stm32f205xx.o(RESET)
 <LI><a href="#[12]">RTC_WKUP_IRQHandler</a> from startup_stm32f205xx.o(.text) referenced from startup_stm32f205xx.o(RESET)
 <LI><a href="#[5]">Reset_Handler</a> from startup_stm32f205xx.o(.text) referenced from startup_stm32f205xx.o(RESET)
 <LI><a href="#[40]">SDIO_IRQHandler</a> from startup_stm32f205xx.o(.text) referenced from startup_stm32f205xx.o(RESET)
 <LI><a href="#[32]">SPI1_IRQHandler</a> from startup_stm32f205xx.o(.text) referenced from startup_stm32f205xx.o(RESET)
 <LI><a href="#[33]">SPI2_IRQHandler</a> from startup_stm32f205xx.o(.text) referenced from startup_stm32f205xx.o(RESET)
 <LI><a href="#[42]">SPI3_IRQHandler</a> from startup_stm32f205xx.o(.text) referenced from startup_stm32f205xx.o(RESET)
 <LI><a href="#[b]">SVC_Handler</a> from stm32f2xx_it.o(i.SVC_Handler) referenced from startup_stm32f205xx.o(RESET)
 <LI><a href="#[e]">SysTick_Handler</a> from stm32f2xx_it.o(i.SysTick_Handler) referenced from startup_stm32f205xx.o(RESET)
 <LI><a href="#[5c]">SystemInit</a> from system_stm32f2xx.o(i.SystemInit) referenced from startup_stm32f205xx.o(.text)
 <LI><a href="#[11]">TAMP_STAMP_IRQHandler</a> from startup_stm32f205xx.o(.text) referenced from startup_stm32f205xx.o(RESET)
 <LI><a href="#[27]">TIM1_BRK_TIM9_IRQHandler</a> from startup_stm32f205xx.o(.text) referenced from startup_stm32f205xx.o(RESET)
 <LI><a href="#[2a]">TIM1_CC_IRQHandler</a> from startup_stm32f205xx.o(.text) referenced from startup_stm32f205xx.o(RESET)
 <LI><a href="#[29]">TIM1_TRG_COM_TIM11_IRQHandler</a> from startup_stm32f205xx.o(.text) referenced from startup_stm32f205xx.o(RESET)
 <LI><a href="#[28]">TIM1_UP_TIM10_IRQHandler</a> from startup_stm32f205xx.o(.text) referenced from startup_stm32f205xx.o(RESET)
 <LI><a href="#[2b]">TIM2_IRQHandler</a> from startup_stm32f205xx.o(.text) referenced from startup_stm32f205xx.o(RESET)
 <LI><a href="#[2c]">TIM3_IRQHandler</a> from startup_stm32f205xx.o(.text) referenced from startup_stm32f205xx.o(RESET)
 <LI><a href="#[2d]">TIM4_IRQHandler</a> from startup_stm32f205xx.o(.text) referenced from startup_stm32f205xx.o(RESET)
 <LI><a href="#[41]">TIM5_IRQHandler</a> from startup_stm32f205xx.o(.text) referenced from startup_stm32f205xx.o(RESET)
 <LI><a href="#[45]">TIM6_DAC_IRQHandler</a> from stm32f2xx_it.o(i.TIM6_DAC_IRQHandler) referenced from startup_stm32f205xx.o(RESET)
 <LI><a href="#[46]">TIM7_IRQHandler</a> from startup_stm32f205xx.o(.text) referenced from startup_stm32f205xx.o(RESET)
 <LI><a href="#[3a]">TIM8_BRK_TIM12_IRQHandler</a> from startup_stm32f205xx.o(.text) referenced from startup_stm32f205xx.o(RESET)
 <LI><a href="#[3d]">TIM8_CC_IRQHandler</a> from startup_stm32f205xx.o(.text) referenced from startup_stm32f205xx.o(RESET)
 <LI><a href="#[3c]">TIM8_TRG_COM_TIM14_IRQHandler</a> from startup_stm32f205xx.o(.text) referenced from startup_stm32f205xx.o(RESET)
 <LI><a href="#[3b]">TIM8_UP_TIM13_IRQHandler</a> from startup_stm32f205xx.o(.text) referenced from startup_stm32f205xx.o(RESET)
 <LI><a href="#[43]">UART4_IRQHandler</a> from stm32f2xx_it.o(i.UART4_IRQHandler) referenced from startup_stm32f205xx.o(RESET)
 <LI><a href="#[44]">UART5_IRQHandler</a> from stm32f2xx_it.o(i.UART5_IRQHandler) referenced from startup_stm32f205xx.o(RESET)
 <LI><a href="#[60]">UART_DMAAbortOnError</a> from stm32f2xx_hal_uart.o(i.UART_DMAAbortOnError) referenced from stm32f2xx_hal_uart.o(i.HAL_UART_IRQHandler)
 <LI><a href="#[63]">UART_DMAError</a> from stm32f2xx_hal_uart.o(i.UART_DMAError) referenced from stm32f2xx_hal_uart.o(i.HAL_UART_Transmit_DMA)
 <LI><a href="#[63]">UART_DMAError</a> from stm32f2xx_hal_uart.o(i.UART_DMAError) referenced from stm32f2xx_hal_uart.o(i.UART_Start_Receive_DMA)
 <LI><a href="#[64]">UART_DMAReceiveCplt</a> from stm32f2xx_hal_uart.o(i.UART_DMAReceiveCplt) referenced from stm32f2xx_hal_uart.o(i.UART_Start_Receive_DMA)
 <LI><a href="#[65]">UART_DMARxHalfCplt</a> from stm32f2xx_hal_uart.o(i.UART_DMARxHalfCplt) referenced from stm32f2xx_hal_uart.o(i.UART_Start_Receive_DMA)
 <LI><a href="#[61]">UART_DMATransmitCplt</a> from stm32f2xx_hal_uart.o(i.UART_DMATransmitCplt) referenced from stm32f2xx_hal_uart.o(i.HAL_UART_Transmit_DMA)
 <LI><a href="#[62]">UART_DMATxHalfCplt</a> from stm32f2xx_hal_uart.o(i.UART_DMATxHalfCplt) referenced from stm32f2xx_hal_uart.o(i.HAL_UART_Transmit_DMA)
 <LI><a href="#[34]">USART1_IRQHandler</a> from stm32f2xx_it.o(i.USART1_IRQHandler) referenced from startup_stm32f205xx.o(RESET)
 <LI><a href="#[35]">USART2_IRQHandler</a> from bsp_usart.o(i.USART2_IRQHandler) referenced from startup_stm32f205xx.o(RESET)
 <LI><a href="#[36]">USART3_IRQHandler</a> from stm32f2xx_it.o(i.USART3_IRQHandler) referenced from startup_stm32f205xx.o(RESET)
 <LI><a href="#[54]">USART6_IRQHandler</a> from startup_stm32f205xx.o(.text) referenced from startup_stm32f205xx.o(RESET)
 <LI><a href="#[a]">UsageFault_Handler</a> from stm32f2xx_it.o(i.UsageFault_Handler) referenced from startup_stm32f205xx.o(RESET)
 <LI><a href="#[f]">WWDG_IRQHandler</a> from startup_stm32f205xx.o(.text) referenced from startup_stm32f205xx.o(RESET)
 <LI><a href="#[66]">__main</a> from __main.o(!!!main) referenced from startup_stm32f205xx.o(.text)
 <LI><a href="#[5f]">_printf_input_char</a> from _printf_char_common.o(.text) referenced from _printf_char_common.o(.text)
 <LI><a href="#[5e]">_sputc</a> from _sputc.o(.text) referenced from noretval__2sprintf.o(.text)
</UL>
<P>
<H3>
Global Symbols
</H3>
<P><STRONG><a name="[66]"></a>__main</STRONG> (Thumb, 8 bytes, Stack size 0 bytes, __main.o(!!!main))
<BR><BR>[Calls]<UL><LI><a href="#[67]">&gt;&gt;</a>&nbsp;&nbsp;&nbsp;__scatterload
<LI><a href="#[68]">&gt;&gt;</a>&nbsp;&nbsp;&nbsp;__rt_entry
</UL>

<P><STRONG><a name="[67]"></a>__scatterload</STRONG> (Thumb, 0 bytes, Stack size unknown bytes, __scatter.o(!!!scatter))
<BR><BR>[Called By]<UL><LI><a href="#[66]">&gt;&gt;</a>&nbsp;&nbsp;&nbsp;__main
</UL>

<P><STRONG><a name="[69]"></a>__scatterload_rt2</STRONG> (Thumb, 44 bytes, Stack size unknown bytes, __scatter.o(!!!scatter), UNUSED)
<BR><BR>[Calls]<UL><LI><a href="#[68]">&gt;&gt;</a>&nbsp;&nbsp;&nbsp;__rt_entry
</UL>

<P><STRONG><a name="[18d]"></a>__scatterload_rt2_thumb_only</STRONG> (Thumb, 0 bytes, Stack size unknown bytes, __scatter.o(!!!scatter), UNUSED)

<P><STRONG><a name="[18e]"></a>__scatterload_null</STRONG> (Thumb, 0 bytes, Stack size unknown bytes, __scatter.o(!!!scatter), UNUSED)

<P><STRONG><a name="[6a]"></a>__scatterload_copy</STRONG> (Thumb, 26 bytes, Stack size unknown bytes, __scatter_copy.o(!!handler_copy), UNUSED)
<BR><BR>[Calls]<UL><LI><a href="#[6a]">&gt;&gt;</a>&nbsp;&nbsp;&nbsp;__scatterload_copy
</UL>
<BR>[Called By]<UL><LI><a href="#[6a]">&gt;&gt;</a>&nbsp;&nbsp;&nbsp;__scatterload_copy
</UL>

<P><STRONG><a name="[18f]"></a>__scatterload_zeroinit</STRONG> (Thumb, 28 bytes, Stack size unknown bytes, __scatter_zi.o(!!handler_zi), UNUSED)

<P><STRONG><a name="[6b]"></a>_printf_f</STRONG> (Thumb, 0 bytes, Stack size unknown bytes, _printf_f.o(.ARM.Collect$$_printf_percent$$00000003))
<BR><BR>[Stack]<UL><LI>Max Depth = 324 + Unknown Stack Size
<LI>Call Chain = _printf_f &rArr; _printf_fp_dec &rArr; _printf_fp_dec_real &rArr; _fp_digits &rArr; _btod_etento &rArr; _btod_emul &rArr; _e2e
</UL>
<BR>[Calls]<UL><LI><a href="#[6c]">&gt;&gt;</a>&nbsp;&nbsp;&nbsp;_printf_fp_dec
</UL>

<P><STRONG><a name="[8a]"></a>_printf_percent</STRONG> (Thumb, 0 bytes, Stack size unknown bytes, _printf_percent.o(.ARM.Collect$$_printf_percent$$00000000))
<BR><BR>[Called By]<UL><LI><a href="#[88]">&gt;&gt;</a>&nbsp;&nbsp;&nbsp;__printf
</UL>

<P><STRONG><a name="[6d]"></a>_printf_d</STRONG> (Thumb, 0 bytes, Stack size unknown bytes, _printf_d.o(.ARM.Collect$$_printf_percent$$00000009))
<BR><BR>[Stack]<UL><LI>Max Depth = 72 + Unknown Stack Size
<LI>Call Chain = _printf_d &rArr; _printf_int_dec &rArr; _printf_int_common &rArr; _printf_post_padding
</UL>
<BR>[Calls]<UL><LI><a href="#[6e]">&gt;&gt;</a>&nbsp;&nbsp;&nbsp;_printf_int_dec
</UL>

<P><STRONG><a name="[6f]"></a>_printf_x</STRONG> (Thumb, 0 bytes, Stack size unknown bytes, _printf_x.o(.ARM.Collect$$_printf_percent$$0000000C))
<BR><BR>[Stack]<UL><LI>Max Depth = 64 + Unknown Stack Size
<LI>Call Chain = _printf_x &rArr; _printf_int_hex &rArr; _printf_int_common &rArr; _printf_post_padding
</UL>
<BR>[Calls]<UL><LI><a href="#[70]">&gt;&gt;</a>&nbsp;&nbsp;&nbsp;_printf_int_hex
</UL>

<P><STRONG><a name="[71]"></a>_printf_s</STRONG> (Thumb, 0 bytes, Stack size unknown bytes, _printf_s.o(.ARM.Collect$$_printf_percent$$00000014))
<BR><BR>[Stack]<UL><LI>Max Depth = 40 + Unknown Stack Size
<LI>Call Chain = _printf_s &rArr; _printf_string &rArr; _printf_cs_common &rArr; _printf_str &rArr; _printf_post_padding
</UL>
<BR>[Calls]<UL><LI><a href="#[72]">&gt;&gt;</a>&nbsp;&nbsp;&nbsp;_printf_string
</UL>

<P><STRONG><a name="[190]"></a>_printf_percent_end</STRONG> (Thumb, 0 bytes, Stack size unknown bytes, _printf_percent_end.o(.ARM.Collect$$_printf_percent$$00000017))

<P><STRONG><a name="[7a]"></a>__rt_lib_init</STRONG> (Thumb, 0 bytes, Stack size unknown bytes, libinit.o(.ARM.Collect$$libinit$$00000000))
<BR><BR>[Called By]<UL><LI><a href="#[79]">&gt;&gt;</a>&nbsp;&nbsp;&nbsp;__rt_entry_li
</UL>

<P><STRONG><a name="[191]"></a>__rt_lib_init_fp_1</STRONG> (Thumb, 0 bytes, Stack size unknown bytes, libinit2.o(.ARM.Collect$$libinit$$00000002))

<P><STRONG><a name="[192]"></a>__rt_lib_init_heap_1</STRONG> (Thumb, 0 bytes, Stack size unknown bytes, libinit2.o(.ARM.Collect$$libinit$$0000000A))

<P><STRONG><a name="[73]"></a>__rt_lib_init_lc_common</STRONG> (Thumb, 0 bytes, Stack size unknown bytes, libinit2.o(.ARM.Collect$$libinit$$0000000F))
<BR><BR>[Calls]<UL><LI><a href="#[74]">&gt;&gt;</a>&nbsp;&nbsp;&nbsp;__rt_locale
</UL>

<P><STRONG><a name="[193]"></a>__rt_lib_init_preinit_1</STRONG> (Thumb, 0 bytes, Stack size unknown bytes, libinit2.o(.ARM.Collect$$libinit$$00000004))

<P><STRONG><a name="[194]"></a>__rt_lib_init_rand_1</STRONG> (Thumb, 0 bytes, Stack size unknown bytes, libinit2.o(.ARM.Collect$$libinit$$0000000E))

<P><STRONG><a name="[195]"></a>__rt_lib_init_user_alloc_1</STRONG> (Thumb, 0 bytes, Stack size unknown bytes, libinit2.o(.ARM.Collect$$libinit$$0000000C))

<P><STRONG><a name="[196]"></a>__rt_lib_init_lc_collate_1</STRONG> (Thumb, 0 bytes, Stack size unknown bytes, libinit2.o(.ARM.Collect$$libinit$$00000011))

<P><STRONG><a name="[197]"></a>__rt_lib_init_lc_ctype_1</STRONG> (Thumb, 0 bytes, Stack size unknown bytes, libinit2.o(.ARM.Collect$$libinit$$00000013))

<P><STRONG><a name="[198]"></a>__rt_lib_init_lc_monetary_1</STRONG> (Thumb, 0 bytes, Stack size unknown bytes, libinit2.o(.ARM.Collect$$libinit$$00000015))

<P><STRONG><a name="[75]"></a>__rt_lib_init_lc_numeric_2</STRONG> (Thumb, 0 bytes, Stack size unknown bytes, libinit2.o(.ARM.Collect$$libinit$$00000016))
<BR><BR>[Stack]<UL><LI>Max Depth = 8 + Unknown Stack Size
<LI>Call Chain = __rt_lib_init_lc_numeric_2 &rArr; _get_lc_numeric
</UL>
<BR>[Calls]<UL><LI><a href="#[76]">&gt;&gt;</a>&nbsp;&nbsp;&nbsp;_get_lc_numeric
</UL>

<P><STRONG><a name="[199]"></a>__rt_lib_init_alloca_1</STRONG> (Thumb, 0 bytes, Stack size unknown bytes, libinit2.o(.ARM.Collect$$libinit$$0000002E))

<P><STRONG><a name="[19a]"></a>__rt_lib_init_argv_1</STRONG> (Thumb, 0 bytes, Stack size unknown bytes, libinit2.o(.ARM.Collect$$libinit$$0000002C))

<P><STRONG><a name="[19b]"></a>__rt_lib_init_atexit_1</STRONG> (Thumb, 0 bytes, Stack size unknown bytes, libinit2.o(.ARM.Collect$$libinit$$0000001B))

<P><STRONG><a name="[19c]"></a>__rt_lib_init_clock_1</STRONG> (Thumb, 0 bytes, Stack size unknown bytes, libinit2.o(.ARM.Collect$$libinit$$00000021))

<P><STRONG><a name="[19d]"></a>__rt_lib_init_cpp_1</STRONG> (Thumb, 0 bytes, Stack size unknown bytes, libinit2.o(.ARM.Collect$$libinit$$00000032))

<P><STRONG><a name="[19e]"></a>__rt_lib_init_exceptions_1</STRONG> (Thumb, 0 bytes, Stack size unknown bytes, libinit2.o(.ARM.Collect$$libinit$$00000030))

<P><STRONG><a name="[19f]"></a>__rt_lib_init_fp_trap_1</STRONG> (Thumb, 0 bytes, Stack size unknown bytes, libinit2.o(.ARM.Collect$$libinit$$0000001F))

<P><STRONG><a name="[1a0]"></a>__rt_lib_init_getenv_1</STRONG> (Thumb, 0 bytes, Stack size unknown bytes, libinit2.o(.ARM.Collect$$libinit$$00000023))

<P><STRONG><a name="[1a1]"></a>__rt_lib_init_lc_numeric_1</STRONG> (Thumb, 0 bytes, Stack size unknown bytes, libinit2.o(.ARM.Collect$$libinit$$00000017))

<P><STRONG><a name="[1a2]"></a>__rt_lib_init_lc_time_1</STRONG> (Thumb, 0 bytes, Stack size unknown bytes, libinit2.o(.ARM.Collect$$libinit$$00000019))

<P><STRONG><a name="[1a3]"></a>__rt_lib_init_return</STRONG> (Thumb, 0 bytes, Stack size unknown bytes, libinit2.o(.ARM.Collect$$libinit$$00000033))

<P><STRONG><a name="[1a4]"></a>__rt_lib_init_signal_1</STRONG> (Thumb, 0 bytes, Stack size unknown bytes, libinit2.o(.ARM.Collect$$libinit$$0000001D))

<P><STRONG><a name="[1a5]"></a>__rt_lib_init_stdio_1</STRONG> (Thumb, 0 bytes, Stack size unknown bytes, libinit2.o(.ARM.Collect$$libinit$$00000025))

<P><STRONG><a name="[7f]"></a>__rt_lib_shutdown</STRONG> (Thumb, 0 bytes, Stack size unknown bytes, libshutdown.o(.ARM.Collect$$libshutdown$$00000000))
<BR><BR>[Called By]<UL><LI><a href="#[7e]">&gt;&gt;</a>&nbsp;&nbsp;&nbsp;__rt_exit_ls
</UL>

<P><STRONG><a name="[1a6]"></a>__rt_lib_shutdown_cpp_1</STRONG> (Thumb, 0 bytes, Stack size unknown bytes, libshutdown2.o(.ARM.Collect$$libshutdown$$00000004))

<P><STRONG><a name="[1a7]"></a>__rt_lib_shutdown_fini_1</STRONG> (Thumb, 0 bytes, Stack size unknown bytes, libshutdown2.o(.ARM.Collect$$libshutdown$$00000002))

<P><STRONG><a name="[1a8]"></a>__rt_lib_shutdown_fp_trap_1</STRONG> (Thumb, 0 bytes, Stack size unknown bytes, libshutdown2.o(.ARM.Collect$$libshutdown$$00000009))

<P><STRONG><a name="[1a9]"></a>__rt_lib_shutdown_heap_1</STRONG> (Thumb, 0 bytes, Stack size unknown bytes, libshutdown2.o(.ARM.Collect$$libshutdown$$00000011))

<P><STRONG><a name="[1aa]"></a>__rt_lib_shutdown_return</STRONG> (Thumb, 0 bytes, Stack size unknown bytes, libshutdown2.o(.ARM.Collect$$libshutdown$$00000012))

<P><STRONG><a name="[1ab]"></a>__rt_lib_shutdown_signal_1</STRONG> (Thumb, 0 bytes, Stack size unknown bytes, libshutdown2.o(.ARM.Collect$$libshutdown$$0000000C))

<P><STRONG><a name="[1ac]"></a>__rt_lib_shutdown_stdio_1</STRONG> (Thumb, 0 bytes, Stack size unknown bytes, libshutdown2.o(.ARM.Collect$$libshutdown$$00000006))

<P><STRONG><a name="[1ad]"></a>__rt_lib_shutdown_user_alloc_1</STRONG> (Thumb, 0 bytes, Stack size unknown bytes, libshutdown2.o(.ARM.Collect$$libshutdown$$0000000E))

<P><STRONG><a name="[68]"></a>__rt_entry</STRONG> (Thumb, 0 bytes, Stack size unknown bytes, __rtentry.o(.ARM.Collect$$rtentry$$00000000))
<BR><BR>[Called By]<UL><LI><a href="#[69]">&gt;&gt;</a>&nbsp;&nbsp;&nbsp;__scatterload_rt2
<LI><a href="#[66]">&gt;&gt;</a>&nbsp;&nbsp;&nbsp;__main
</UL>

<P><STRONG><a name="[1ae]"></a>__rt_entry_presh_1</STRONG> (Thumb, 0 bytes, Stack size unknown bytes, __rtentry2.o(.ARM.Collect$$rtentry$$00000002))

<P><STRONG><a name="[77]"></a>__rt_entry_sh</STRONG> (Thumb, 0 bytes, Stack size unknown bytes, __rtentry4.o(.ARM.Collect$$rtentry$$00000004))
<BR><BR>[Stack]<UL><LI>Max Depth = 8 + Unknown Stack Size
<LI>Call Chain = __rt_entry_sh &rArr; __user_setup_stackheap
</UL>
<BR>[Calls]<UL><LI><a href="#[78]">&gt;&gt;</a>&nbsp;&nbsp;&nbsp;__user_setup_stackheap
</UL>

<P><STRONG><a name="[79]"></a>__rt_entry_li</STRONG> (Thumb, 0 bytes, Stack size unknown bytes, __rtentry2.o(.ARM.Collect$$rtentry$$0000000A))
<BR><BR>[Calls]<UL><LI><a href="#[7a]">&gt;&gt;</a>&nbsp;&nbsp;&nbsp;__rt_lib_init
</UL>

<P><STRONG><a name="[1af]"></a>__rt_entry_postsh_1</STRONG> (Thumb, 0 bytes, Stack size unknown bytes, __rtentry2.o(.ARM.Collect$$rtentry$$00000009))

<P><STRONG><a name="[7b]"></a>__rt_entry_main</STRONG> (Thumb, 0 bytes, Stack size unknown bytes, __rtentry2.o(.ARM.Collect$$rtentry$$0000000D))
<BR><BR>[Stack]<UL><LI>Max Depth = 1144 + Unknown Stack Size
<LI>Call Chain = __rt_entry_main &rArr; main &rArr; motor_run &rArr; motor_speed_ctrl &rArr; motor_comm_send &rArr; crc_get_crc16 &rArr; __aeabi_memcpy4
</UL>
<BR>[Calls]<UL><LI><a href="#[7c]">&gt;&gt;</a>&nbsp;&nbsp;&nbsp;main
<LI><a href="#[7d]">&gt;&gt;</a>&nbsp;&nbsp;&nbsp;exit
</UL>

<P><STRONG><a name="[1b0]"></a>__rt_entry_postli_1</STRONG> (Thumb, 0 bytes, Stack size unknown bytes, __rtentry2.o(.ARM.Collect$$rtentry$$0000000C))

<P><STRONG><a name="[98]"></a>__rt_exit</STRONG> (Thumb, 0 bytes, Stack size unknown bytes, rtexit.o(.ARM.Collect$$rtexit$$00000000))
<BR><BR>[Called By]<UL><LI><a href="#[7d]">&gt;&gt;</a>&nbsp;&nbsp;&nbsp;exit
</UL>

<P><STRONG><a name="[7e]"></a>__rt_exit_ls</STRONG> (Thumb, 0 bytes, Stack size unknown bytes, rtexit2.o(.ARM.Collect$$rtexit$$00000003))
<BR><BR>[Calls]<UL><LI><a href="#[7f]">&gt;&gt;</a>&nbsp;&nbsp;&nbsp;__rt_lib_shutdown
</UL>

<P><STRONG><a name="[1b1]"></a>__rt_exit_prels_1</STRONG> (Thumb, 0 bytes, Stack size unknown bytes, rtexit2.o(.ARM.Collect$$rtexit$$00000002))

<P><STRONG><a name="[80]"></a>__rt_exit_exit</STRONG> (Thumb, 0 bytes, Stack size unknown bytes, rtexit2.o(.ARM.Collect$$rtexit$$00000004))
<BR><BR>[Calls]<UL><LI><a href="#[81]">&gt;&gt;</a>&nbsp;&nbsp;&nbsp;_sys_exit
</UL>

<P><STRONG><a name="[5]"></a>Reset_Handler</STRONG> (Thumb, 8 bytes, Stack size 0 bytes, startup_stm32f205xx.o(.text))
<BR>[Address Reference Count : 1]<UL><LI> startup_stm32f205xx.o(RESET)
</UL>
<P><STRONG><a name="[21]"></a>ADC_IRQHandler</STRONG> (Thumb, 0 bytes, Stack size 0 bytes, startup_stm32f205xx.o(.text))
<BR><BR>[Calls]<UL><LI><a href="#[21]">&gt;&gt;</a>&nbsp;&nbsp;&nbsp;ADC_IRQHandler
</UL>
<BR>[Called By]<UL><LI><a href="#[21]">&gt;&gt;</a>&nbsp;&nbsp;&nbsp;ADC_IRQHandler
</UL>
<BR>[Address Reference Count : 1]<UL><LI> startup_stm32f205xx.o(RESET)
</UL>
<P><STRONG><a name="[23]"></a>CAN1_RX0_IRQHandler</STRONG> (Thumb, 0 bytes, Stack size 0 bytes, startup_stm32f205xx.o(.text))
<BR>[Address Reference Count : 1]<UL><LI> startup_stm32f205xx.o(RESET)
</UL>
<P><STRONG><a name="[24]"></a>CAN1_RX1_IRQHandler</STRONG> (Thumb, 0 bytes, Stack size 0 bytes, startup_stm32f205xx.o(.text))
<BR>[Address Reference Count : 1]<UL><LI> startup_stm32f205xx.o(RESET)
</UL>
<P><STRONG><a name="[25]"></a>CAN1_SCE_IRQHandler</STRONG> (Thumb, 0 bytes, Stack size 0 bytes, startup_stm32f205xx.o(.text))
<BR>[Address Reference Count : 1]<UL><LI> startup_stm32f205xx.o(RESET)
</UL>
<P><STRONG><a name="[22]"></a>CAN1_TX_IRQHandler</STRONG> (Thumb, 0 bytes, Stack size 0 bytes, startup_stm32f205xx.o(.text))
<BR>[Address Reference Count : 1]<UL><LI> startup_stm32f205xx.o(RESET)
</UL>
<P><STRONG><a name="[4d]"></a>CAN2_RX0_IRQHandler</STRONG> (Thumb, 0 bytes, Stack size 0 bytes, startup_stm32f205xx.o(.text))
<BR>[Address Reference Count : 1]<UL><LI> startup_stm32f205xx.o(RESET)
</UL>
<P><STRONG><a name="[4e]"></a>CAN2_RX1_IRQHandler</STRONG> (Thumb, 0 bytes, Stack size 0 bytes, startup_stm32f205xx.o(.text))
<BR>[Address Reference Count : 1]<UL><LI> startup_stm32f205xx.o(RESET)
</UL>
<P><STRONG><a name="[4f]"></a>CAN2_SCE_IRQHandler</STRONG> (Thumb, 0 bytes, Stack size 0 bytes, startup_stm32f205xx.o(.text))
<BR>[Address Reference Count : 1]<UL><LI> startup_stm32f205xx.o(RESET)
</UL>
<P><STRONG><a name="[4c]"></a>CAN2_TX_IRQHandler</STRONG> (Thumb, 0 bytes, Stack size 0 bytes, startup_stm32f205xx.o(.text))
<BR>[Address Reference Count : 1]<UL><LI> startup_stm32f205xx.o(RESET)
</UL>
<P><STRONG><a name="[1a]"></a>DMA1_Stream0_IRQHandler</STRONG> (Thumb, 0 bytes, Stack size 0 bytes, startup_stm32f205xx.o(.text))
<BR>[Address Reference Count : 1]<UL><LI> startup_stm32f205xx.o(RESET)
</UL>
<P><STRONG><a name="[1b]"></a>DMA1_Stream1_IRQHandler</STRONG> (Thumb, 0 bytes, Stack size 0 bytes, startup_stm32f205xx.o(.text))
<BR>[Address Reference Count : 1]<UL><LI> startup_stm32f205xx.o(RESET)
</UL>
<P><STRONG><a name="[1c]"></a>DMA1_Stream2_IRQHandler</STRONG> (Thumb, 0 bytes, Stack size 0 bytes, startup_stm32f205xx.o(.text))
<BR>[Address Reference Count : 1]<UL><LI> startup_stm32f205xx.o(RESET)
</UL>
<P><STRONG><a name="[1d]"></a>DMA1_Stream3_IRQHandler</STRONG> (Thumb, 0 bytes, Stack size 0 bytes, startup_stm32f205xx.o(.text))
<BR>[Address Reference Count : 1]<UL><LI> startup_stm32f205xx.o(RESET)
</UL>
<P><STRONG><a name="[1e]"></a>DMA1_Stream4_IRQHandler</STRONG> (Thumb, 0 bytes, Stack size 0 bytes, startup_stm32f205xx.o(.text))
<BR>[Address Reference Count : 1]<UL><LI> startup_stm32f205xx.o(RESET)
</UL>
<P><STRONG><a name="[3e]"></a>DMA1_Stream7_IRQHandler</STRONG> (Thumb, 0 bytes, Stack size 0 bytes, startup_stm32f205xx.o(.text))
<BR>[Address Reference Count : 1]<UL><LI> startup_stm32f205xx.o(RESET)
</UL>
<P><STRONG><a name="[47]"></a>DMA2_Stream0_IRQHandler</STRONG> (Thumb, 0 bytes, Stack size 0 bytes, startup_stm32f205xx.o(.text))
<BR>[Address Reference Count : 1]<UL><LI> startup_stm32f205xx.o(RESET)
</UL>
<P><STRONG><a name="[48]"></a>DMA2_Stream1_IRQHandler</STRONG> (Thumb, 0 bytes, Stack size 0 bytes, startup_stm32f205xx.o(.text))
<BR>[Address Reference Count : 1]<UL><LI> startup_stm32f205xx.o(RESET)
</UL>
<P><STRONG><a name="[4a]"></a>DMA2_Stream3_IRQHandler</STRONG> (Thumb, 0 bytes, Stack size 0 bytes, startup_stm32f205xx.o(.text))
<BR>[Address Reference Count : 1]<UL><LI> startup_stm32f205xx.o(RESET)
</UL>
<P><STRONG><a name="[4b]"></a>DMA2_Stream4_IRQHandler</STRONG> (Thumb, 0 bytes, Stack size 0 bytes, startup_stm32f205xx.o(.text))
<BR>[Address Reference Count : 1]<UL><LI> startup_stm32f205xx.o(RESET)
</UL>
<P><STRONG><a name="[51]"></a>DMA2_Stream5_IRQHandler</STRONG> (Thumb, 0 bytes, Stack size 0 bytes, startup_stm32f205xx.o(.text))
<BR>[Address Reference Count : 1]<UL><LI> startup_stm32f205xx.o(RESET)
</UL>
<P><STRONG><a name="[52]"></a>DMA2_Stream6_IRQHandler</STRONG> (Thumb, 0 bytes, Stack size 0 bytes, startup_stm32f205xx.o(.text))
<BR>[Address Reference Count : 1]<UL><LI> startup_stm32f205xx.o(RESET)
</UL>
<P><STRONG><a name="[15]"></a>EXTI0_IRQHandler</STRONG> (Thumb, 0 bytes, Stack size 0 bytes, startup_stm32f205xx.o(.text))
<BR>[Address Reference Count : 1]<UL><LI> startup_stm32f205xx.o(RESET)
</UL>
<P><STRONG><a name="[37]"></a>EXTI15_10_IRQHandler</STRONG> (Thumb, 0 bytes, Stack size 0 bytes, startup_stm32f205xx.o(.text))
<BR>[Address Reference Count : 1]<UL><LI> startup_stm32f205xx.o(RESET)
</UL>
<P><STRONG><a name="[16]"></a>EXTI1_IRQHandler</STRONG> (Thumb, 0 bytes, Stack size 0 bytes, startup_stm32f205xx.o(.text))
<BR>[Address Reference Count : 1]<UL><LI> startup_stm32f205xx.o(RESET)
</UL>
<P><STRONG><a name="[17]"></a>EXTI2_IRQHandler</STRONG> (Thumb, 0 bytes, Stack size 0 bytes, startup_stm32f205xx.o(.text))
<BR>[Address Reference Count : 1]<UL><LI> startup_stm32f205xx.o(RESET)
</UL>
<P><STRONG><a name="[18]"></a>EXTI3_IRQHandler</STRONG> (Thumb, 0 bytes, Stack size 0 bytes, startup_stm32f205xx.o(.text))
<BR>[Address Reference Count : 1]<UL><LI> startup_stm32f205xx.o(RESET)
</UL>
<P><STRONG><a name="[19]"></a>EXTI4_IRQHandler</STRONG> (Thumb, 0 bytes, Stack size 0 bytes, startup_stm32f205xx.o(.text))
<BR>[Address Reference Count : 1]<UL><LI> startup_stm32f205xx.o(RESET)
</UL>
<P><STRONG><a name="[26]"></a>EXTI9_5_IRQHandler</STRONG> (Thumb, 0 bytes, Stack size 0 bytes, startup_stm32f205xx.o(.text))
<BR>[Address Reference Count : 1]<UL><LI> startup_stm32f205xx.o(RESET)
</UL>
<P><STRONG><a name="[13]"></a>FLASH_IRQHandler</STRONG> (Thumb, 0 bytes, Stack size 0 bytes, startup_stm32f205xx.o(.text))
<BR>[Address Reference Count : 1]<UL><LI> startup_stm32f205xx.o(RESET)
</UL>
<P><STRONG><a name="[3f]"></a>FSMC_IRQHandler</STRONG> (Thumb, 0 bytes, Stack size 0 bytes, startup_stm32f205xx.o(.text))
<BR>[Address Reference Count : 1]<UL><LI> startup_stm32f205xx.o(RESET)
</UL>
<P><STRONG><a name="[5b]"></a>HASH_RNG_IRQHandler</STRONG> (Thumb, 0 bytes, Stack size 0 bytes, startup_stm32f205xx.o(.text))
<BR>[Address Reference Count : 1]<UL><LI> startup_stm32f205xx.o(RESET)
</UL>
<P><STRONG><a name="[2f]"></a>I2C1_ER_IRQHandler</STRONG> (Thumb, 0 bytes, Stack size 0 bytes, startup_stm32f205xx.o(.text))
<BR>[Address Reference Count : 1]<UL><LI> startup_stm32f205xx.o(RESET)
</UL>
<P><STRONG><a name="[2e]"></a>I2C1_EV_IRQHandler</STRONG> (Thumb, 0 bytes, Stack size 0 bytes, startup_stm32f205xx.o(.text))
<BR>[Address Reference Count : 1]<UL><LI> startup_stm32f205xx.o(RESET)
</UL>
<P><STRONG><a name="[31]"></a>I2C2_ER_IRQHandler</STRONG> (Thumb, 0 bytes, Stack size 0 bytes, startup_stm32f205xx.o(.text))
<BR>[Address Reference Count : 1]<UL><LI> startup_stm32f205xx.o(RESET)
</UL>
<P><STRONG><a name="[30]"></a>I2C2_EV_IRQHandler</STRONG> (Thumb, 0 bytes, Stack size 0 bytes, startup_stm32f205xx.o(.text))
<BR>[Address Reference Count : 1]<UL><LI> startup_stm32f205xx.o(RESET)
</UL>
<P><STRONG><a name="[56]"></a>I2C3_ER_IRQHandler</STRONG> (Thumb, 0 bytes, Stack size 0 bytes, startup_stm32f205xx.o(.text))
<BR>[Address Reference Count : 1]<UL><LI> startup_stm32f205xx.o(RESET)
</UL>
<P><STRONG><a name="[55]"></a>I2C3_EV_IRQHandler</STRONG> (Thumb, 0 bytes, Stack size 0 bytes, startup_stm32f205xx.o(.text))
<BR>[Address Reference Count : 1]<UL><LI> startup_stm32f205xx.o(RESET)
</UL>
<P><STRONG><a name="[50]"></a>OTG_FS_IRQHandler</STRONG> (Thumb, 0 bytes, Stack size 0 bytes, startup_stm32f205xx.o(.text))
<BR>[Address Reference Count : 1]<UL><LI> startup_stm32f205xx.o(RESET)
</UL>
<P><STRONG><a name="[39]"></a>OTG_FS_WKUP_IRQHandler</STRONG> (Thumb, 0 bytes, Stack size 0 bytes, startup_stm32f205xx.o(.text))
<BR>[Address Reference Count : 1]<UL><LI> startup_stm32f205xx.o(RESET)
</UL>
<P><STRONG><a name="[58]"></a>OTG_HS_EP1_IN_IRQHandler</STRONG> (Thumb, 0 bytes, Stack size 0 bytes, startup_stm32f205xx.o(.text))
<BR>[Address Reference Count : 1]<UL><LI> startup_stm32f205xx.o(RESET)
</UL>
<P><STRONG><a name="[57]"></a>OTG_HS_EP1_OUT_IRQHandler</STRONG> (Thumb, 0 bytes, Stack size 0 bytes, startup_stm32f205xx.o(.text))
<BR>[Address Reference Count : 1]<UL><LI> startup_stm32f205xx.o(RESET)
</UL>
<P><STRONG><a name="[5a]"></a>OTG_HS_IRQHandler</STRONG> (Thumb, 0 bytes, Stack size 0 bytes, startup_stm32f205xx.o(.text))
<BR>[Address Reference Count : 1]<UL><LI> startup_stm32f205xx.o(RESET)
</UL>
<P><STRONG><a name="[59]"></a>OTG_HS_WKUP_IRQHandler</STRONG> (Thumb, 0 bytes, Stack size 0 bytes, startup_stm32f205xx.o(.text))
<BR>[Address Reference Count : 1]<UL><LI> startup_stm32f205xx.o(RESET)
</UL>
<P><STRONG><a name="[10]"></a>PVD_IRQHandler</STRONG> (Thumb, 0 bytes, Stack size 0 bytes, startup_stm32f205xx.o(.text))
<BR>[Address Reference Count : 1]<UL><LI> startup_stm32f205xx.o(RESET)
</UL>
<P><STRONG><a name="[14]"></a>RCC_IRQHandler</STRONG> (Thumb, 0 bytes, Stack size 0 bytes, startup_stm32f205xx.o(.text))
<BR>[Address Reference Count : 1]<UL><LI> startup_stm32f205xx.o(RESET)
</UL>
<P><STRONG><a name="[38]"></a>RTC_Alarm_IRQHandler</STRONG> (Thumb, 0 bytes, Stack size 0 bytes, startup_stm32f205xx.o(.text))
<BR>[Address Reference Count : 1]<UL><LI> startup_stm32f205xx.o(RESET)
</UL>
<P><STRONG><a name="[12]"></a>RTC_WKUP_IRQHandler</STRONG> (Thumb, 0 bytes, Stack size 0 bytes, startup_stm32f205xx.o(.text))
<BR>[Address Reference Count : 1]<UL><LI> startup_stm32f205xx.o(RESET)
</UL>
<P><STRONG><a name="[40]"></a>SDIO_IRQHandler</STRONG> (Thumb, 0 bytes, Stack size 0 bytes, startup_stm32f205xx.o(.text))
<BR>[Address Reference Count : 1]<UL><LI> startup_stm32f205xx.o(RESET)
</UL>
<P><STRONG><a name="[32]"></a>SPI1_IRQHandler</STRONG> (Thumb, 0 bytes, Stack size 0 bytes, startup_stm32f205xx.o(.text))
<BR>[Address Reference Count : 1]<UL><LI> startup_stm32f205xx.o(RESET)
</UL>
<P><STRONG><a name="[33]"></a>SPI2_IRQHandler</STRONG> (Thumb, 0 bytes, Stack size 0 bytes, startup_stm32f205xx.o(.text))
<BR>[Address Reference Count : 1]<UL><LI> startup_stm32f205xx.o(RESET)
</UL>
<P><STRONG><a name="[42]"></a>SPI3_IRQHandler</STRONG> (Thumb, 0 bytes, Stack size 0 bytes, startup_stm32f205xx.o(.text))
<BR>[Address Reference Count : 1]<UL><LI> startup_stm32f205xx.o(RESET)
</UL>
<P><STRONG><a name="[11]"></a>TAMP_STAMP_IRQHandler</STRONG> (Thumb, 0 bytes, Stack size 0 bytes, startup_stm32f205xx.o(.text))
<BR>[Address Reference Count : 1]<UL><LI> startup_stm32f205xx.o(RESET)
</UL>
<P><STRONG><a name="[27]"></a>TIM1_BRK_TIM9_IRQHandler</STRONG> (Thumb, 0 bytes, Stack size 0 bytes, startup_stm32f205xx.o(.text))
<BR>[Address Reference Count : 1]<UL><LI> startup_stm32f205xx.o(RESET)
</UL>
<P><STRONG><a name="[2a]"></a>TIM1_CC_IRQHandler</STRONG> (Thumb, 0 bytes, Stack size 0 bytes, startup_stm32f205xx.o(.text))
<BR>[Address Reference Count : 1]<UL><LI> startup_stm32f205xx.o(RESET)
</UL>
<P><STRONG><a name="[29]"></a>TIM1_TRG_COM_TIM11_IRQHandler</STRONG> (Thumb, 0 bytes, Stack size 0 bytes, startup_stm32f205xx.o(.text))
<BR>[Address Reference Count : 1]<UL><LI> startup_stm32f205xx.o(RESET)
</UL>
<P><STRONG><a name="[28]"></a>TIM1_UP_TIM10_IRQHandler</STRONG> (Thumb, 0 bytes, Stack size 0 bytes, startup_stm32f205xx.o(.text))
<BR>[Address Reference Count : 1]<UL><LI> startup_stm32f205xx.o(RESET)
</UL>
<P><STRONG><a name="[2b]"></a>TIM2_IRQHandler</STRONG> (Thumb, 0 bytes, Stack size 0 bytes, startup_stm32f205xx.o(.text))
<BR>[Address Reference Count : 1]<UL><LI> startup_stm32f205xx.o(RESET)
</UL>
<P><STRONG><a name="[2c]"></a>TIM3_IRQHandler</STRONG> (Thumb, 0 bytes, Stack size 0 bytes, startup_stm32f205xx.o(.text))
<BR>[Address Reference Count : 1]<UL><LI> startup_stm32f205xx.o(RESET)
</UL>
<P><STRONG><a name="[2d]"></a>TIM4_IRQHandler</STRONG> (Thumb, 0 bytes, Stack size 0 bytes, startup_stm32f205xx.o(.text))
<BR>[Address Reference Count : 1]<UL><LI> startup_stm32f205xx.o(RESET)
</UL>
<P><STRONG><a name="[41]"></a>TIM5_IRQHandler</STRONG> (Thumb, 0 bytes, Stack size 0 bytes, startup_stm32f205xx.o(.text))
<BR>[Address Reference Count : 1]<UL><LI> startup_stm32f205xx.o(RESET)
</UL>
<P><STRONG><a name="[46]"></a>TIM7_IRQHandler</STRONG> (Thumb, 0 bytes, Stack size 0 bytes, startup_stm32f205xx.o(.text))
<BR>[Address Reference Count : 1]<UL><LI> startup_stm32f205xx.o(RESET)
</UL>
<P><STRONG><a name="[3a]"></a>TIM8_BRK_TIM12_IRQHandler</STRONG> (Thumb, 0 bytes, Stack size 0 bytes, startup_stm32f205xx.o(.text))
<BR>[Address Reference Count : 1]<UL><LI> startup_stm32f205xx.o(RESET)
</UL>
<P><STRONG><a name="[3d]"></a>TIM8_CC_IRQHandler</STRONG> (Thumb, 0 bytes, Stack size 0 bytes, startup_stm32f205xx.o(.text))
<BR>[Address Reference Count : 1]<UL><LI> startup_stm32f205xx.o(RESET)
</UL>
<P><STRONG><a name="[3c]"></a>TIM8_TRG_COM_TIM14_IRQHandler</STRONG> (Thumb, 0 bytes, Stack size 0 bytes, startup_stm32f205xx.o(.text))
<BR>[Address Reference Count : 1]<UL><LI> startup_stm32f205xx.o(RESET)
</UL>
<P><STRONG><a name="[3b]"></a>TIM8_UP_TIM13_IRQHandler</STRONG> (Thumb, 0 bytes, Stack size 0 bytes, startup_stm32f205xx.o(.text))
<BR>[Address Reference Count : 1]<UL><LI> startup_stm32f205xx.o(RESET)
</UL>
<P><STRONG><a name="[54]"></a>USART6_IRQHandler</STRONG> (Thumb, 0 bytes, Stack size 0 bytes, startup_stm32f205xx.o(.text))
<BR>[Address Reference Count : 1]<UL><LI> startup_stm32f205xx.o(RESET)
</UL>
<P><STRONG><a name="[f]"></a>WWDG_IRQHandler</STRONG> (Thumb, 0 bytes, Stack size 0 bytes, startup_stm32f205xx.o(.text))
<BR>[Address Reference Count : 1]<UL><LI> startup_stm32f205xx.o(RESET)
</UL>
<P><STRONG><a name="[97]"></a>__user_initial_stackheap</STRONG> (Thumb, 0 bytes, Stack size unknown bytes, startup_stm32f205xx.o(.text))
<BR><BR>[Called By]<UL><LI><a href="#[78]">&gt;&gt;</a>&nbsp;&nbsp;&nbsp;__user_setup_stackheap
</UL>

<P><STRONG><a name="[e2]"></a>__aeabi_uldivmod</STRONG> (Thumb, 0 bytes, Stack size 48 bytes, lludivv7m.o(.text))
<BR><BR>[Stack]<UL><LI>Max Depth = 48<LI>Call Chain = __aeabi_uldivmod
</UL>
<BR>[Called By]<UL><LI><a href="#[e1]">&gt;&gt;</a>&nbsp;&nbsp;&nbsp;HAL_RCC_GetSysClockFreq
</UL>

<P><STRONG><a name="[1b2]"></a>_ll_udiv</STRONG> (Thumb, 238 bytes, Stack size 48 bytes, lludivv7m.o(.text), UNUSED)

<P><STRONG><a name="[82]"></a>__2sprintf</STRONG> (Thumb, 34 bytes, Stack size 32 bytes, noretval__2sprintf.o(.text))
<BR><BR>[Stack]<UL><LI>Max Depth = 136 + Unknown Stack Size
<LI>Call Chain = __2sprintf &rArr; _printf_char_common &rArr; __printf
</UL>
<BR>[Calls]<UL><LI><a href="#[5e]">&gt;&gt;</a>&nbsp;&nbsp;&nbsp;_sputc
<LI><a href="#[83]">&gt;&gt;</a>&nbsp;&nbsp;&nbsp;_printf_char_common
</UL>
<BR>[Called By]<UL><LI><a href="#[128]">&gt;&gt;</a>&nbsp;&nbsp;&nbsp;IBPDataAnalysis
<LI><a href="#[bf]">&gt;&gt;</a>&nbsp;&nbsp;&nbsp;FlowDealt
<LI><a href="#[b4]">&gt;&gt;</a>&nbsp;&nbsp;&nbsp;ChangeTxtValue
<LI><a href="#[a8]">&gt;&gt;</a>&nbsp;&nbsp;&nbsp;BatteryUpDate
<LI><a href="#[7c]">&gt;&gt;</a>&nbsp;&nbsp;&nbsp;main
<LI><a href="#[c3]">&gt;&gt;</a>&nbsp;&nbsp;&nbsp;FlowSetBuble
</UL>

<P><STRONG><a name="[85]"></a>_printf_pre_padding</STRONG> (Thumb, 44 bytes, Stack size 16 bytes, _printf_pad.o(.text))
<BR><BR>[Stack]<UL><LI>Max Depth = 16<LI>Call Chain = _printf_pre_padding
</UL>
<BR>[Called By]<UL><LI><a href="#[84]">&gt;&gt;</a>&nbsp;&nbsp;&nbsp;_printf_str
<LI><a href="#[93]">&gt;&gt;</a>&nbsp;&nbsp;&nbsp;_printf_fp_infnan
<LI><a href="#[91]">&gt;&gt;</a>&nbsp;&nbsp;&nbsp;_printf_fp_dec_real
<LI><a href="#[87]">&gt;&gt;</a>&nbsp;&nbsp;&nbsp;_printf_int_common
</UL>

<P><STRONG><a name="[86]"></a>_printf_post_padding</STRONG> (Thumb, 34 bytes, Stack size 16 bytes, _printf_pad.o(.text))
<BR><BR>[Stack]<UL><LI>Max Depth = 16<LI>Call Chain = _printf_post_padding
</UL>
<BR>[Called By]<UL><LI><a href="#[84]">&gt;&gt;</a>&nbsp;&nbsp;&nbsp;_printf_str
<LI><a href="#[93]">&gt;&gt;</a>&nbsp;&nbsp;&nbsp;_printf_fp_infnan
<LI><a href="#[91]">&gt;&gt;</a>&nbsp;&nbsp;&nbsp;_printf_fp_dec_real
<LI><a href="#[87]">&gt;&gt;</a>&nbsp;&nbsp;&nbsp;_printf_int_common
</UL>

<P><STRONG><a name="[84]"></a>_printf_str</STRONG> (Thumb, 82 bytes, Stack size 16 bytes, _printf_str.o(.text))
<BR><BR>[Stack]<UL><LI>Max Depth = 32<LI>Call Chain = _printf_str &rArr; _printf_post_padding
</UL>
<BR>[Calls]<UL><LI><a href="#[86]">&gt;&gt;</a>&nbsp;&nbsp;&nbsp;_printf_post_padding
<LI><a href="#[85]">&gt;&gt;</a>&nbsp;&nbsp;&nbsp;_printf_pre_padding
</UL>
<BR>[Called By]<UL><LI><a href="#[94]">&gt;&gt;</a>&nbsp;&nbsp;&nbsp;_printf_cs_common
</UL>

<P><STRONG><a name="[6e]"></a>_printf_int_dec</STRONG> (Thumb, 104 bytes, Stack size 24 bytes, _printf_dec.o(.text))
<BR><BR>[Stack]<UL><LI>Max Depth = 72<LI>Call Chain = _printf_int_dec &rArr; _printf_int_common &rArr; _printf_post_padding
</UL>
<BR>[Calls]<UL><LI><a href="#[87]">&gt;&gt;</a>&nbsp;&nbsp;&nbsp;_printf_int_common
</UL>
<BR>[Called By]<UL><LI><a href="#[6d]">&gt;&gt;</a>&nbsp;&nbsp;&nbsp;_printf_d
</UL>

<P><STRONG><a name="[70]"></a>_printf_int_hex</STRONG> (Thumb, 84 bytes, Stack size 16 bytes, _printf_hex_int.o(.text))
<BR><BR>[Stack]<UL><LI>Max Depth = 64<LI>Call Chain = _printf_int_hex &rArr; _printf_int_common &rArr; _printf_post_padding
</UL>
<BR>[Calls]<UL><LI><a href="#[87]">&gt;&gt;</a>&nbsp;&nbsp;&nbsp;_printf_int_common
</UL>
<BR>[Called By]<UL><LI><a href="#[6f]">&gt;&gt;</a>&nbsp;&nbsp;&nbsp;_printf_x
</UL>

<P><STRONG><a name="[1b3]"></a>_printf_longlong_hex</STRONG> (Thumb, 0 bytes, Stack size 16 bytes, _printf_hex_int.o(.text), UNUSED)

<P><STRONG><a name="[88]"></a>__printf</STRONG> (Thumb, 308 bytes, Stack size 40 bytes, __printf_flags_wp.o(.text))
<BR><BR>[Stack]<UL><LI>Max Depth = 40 + Unknown Stack Size
<LI>Call Chain = __printf
</UL>
<BR>[Calls]<UL><LI><a href="#[8a]">&gt;&gt;</a>&nbsp;&nbsp;&nbsp;_printf_percent
<LI><a href="#[89]">&gt;&gt;</a>&nbsp;&nbsp;&nbsp;_is_digit
</UL>
<BR>[Called By]<UL><LI><a href="#[83]">&gt;&gt;</a>&nbsp;&nbsp;&nbsp;_printf_char_common
</UL>

<P><STRONG><a name="[aa]"></a>strlen</STRONG> (Thumb, 62 bytes, Stack size 8 bytes, strlen.o(.text))
<BR><BR>[Stack]<UL><LI>Max Depth = 8<LI>Call Chain = strlen
</UL>
<BR>[Called By]<UL><LI><a href="#[128]">&gt;&gt;</a>&nbsp;&nbsp;&nbsp;IBPDataAnalysis
<LI><a href="#[bf]">&gt;&gt;</a>&nbsp;&nbsp;&nbsp;FlowDealt
<LI><a href="#[b4]">&gt;&gt;</a>&nbsp;&nbsp;&nbsp;ChangeTxtValue
<LI><a href="#[a8]">&gt;&gt;</a>&nbsp;&nbsp;&nbsp;BatteryUpDate
<LI><a href="#[7c]">&gt;&gt;</a>&nbsp;&nbsp;&nbsp;main
<LI><a href="#[c3]">&gt;&gt;</a>&nbsp;&nbsp;&nbsp;FlowSetBuble
</UL>

<P><STRONG><a name="[152]"></a>__aeabi_memcpy4</STRONG> (Thumb, 0 bytes, Stack size 8 bytes, rt_memcpy_w.o(.text))
<BR><BR>[Stack]<UL><LI>Max Depth = 8<LI>Call Chain = __aeabi_memcpy4
</UL>
<BR>[Called By]<UL><LI><a href="#[166]">&gt;&gt;</a>&nbsp;&nbsp;&nbsp;uart2_init
<LI><a href="#[151]">&gt;&gt;</a>&nbsp;&nbsp;&nbsp;crc_get_crc16
</UL>

<P><STRONG><a name="[1b4]"></a>__aeabi_memcpy8</STRONG> (Thumb, 0 bytes, Stack size 8 bytes, rt_memcpy_w.o(.text), UNUSED)

<P><STRONG><a name="[1b5]"></a>__rt_memcpy_w</STRONG> (Thumb, 100 bytes, Stack size 8 bytes, rt_memcpy_w.o(.text), UNUSED)

<P><STRONG><a name="[1b6]"></a>_memcpy_lastbytes_aligned</STRONG> (Thumb, 0 bytes, Stack size unknown bytes, rt_memcpy_w.o(.text), UNUSED)

<P><STRONG><a name="[cd]"></a>__aeabi_memclr4</STRONG> (Thumb, 0 bytes, Stack size 4 bytes, rt_memclr_w.o(.text))
<BR><BR>[Stack]<UL><LI>Max Depth = 4<LI>Call Chain = __aeabi_memclr4
</UL>
<BR>[Called By]<UL><LI><a href="#[ff]">&gt;&gt;</a>&nbsp;&nbsp;&nbsp;HAL_TIM_MspPostInit
<LI><a href="#[f0]">&gt;&gt;</a>&nbsp;&nbsp;&nbsp;HAL_SPI_MspInit
<LI><a href="#[cb]">&gt;&gt;</a>&nbsp;&nbsp;&nbsp;HAL_ADC_MspInit
<LI><a href="#[155]">&gt;&gt;</a>&nbsp;&nbsp;&nbsp;motor_run
<LI><a href="#[12f]">&gt;&gt;</a>&nbsp;&nbsp;&nbsp;MX_TIM4_Init
<LI><a href="#[12c]">&gt;&gt;</a>&nbsp;&nbsp;&nbsp;MX_GPIO_Init
<LI><a href="#[14a]">&gt;&gt;</a>&nbsp;&nbsp;&nbsp;SystemClock_Config
<LI><a href="#[117]">&gt;&gt;</a>&nbsp;&nbsp;&nbsp;HAL_UART_MspInit
<LI><a href="#[166]">&gt;&gt;</a>&nbsp;&nbsp;&nbsp;uart2_init
<LI><a href="#[163]">&gt;&gt;</a>&nbsp;&nbsp;&nbsp;motor_comm_send
<LI><a href="#[160]">&gt;&gt;</a>&nbsp;&nbsp;&nbsp;motor_comm_rx
</UL>

<P><STRONG><a name="[1b7]"></a>__aeabi_memclr8</STRONG> (Thumb, 0 bytes, Stack size 4 bytes, rt_memclr_w.o(.text), UNUSED)

<P><STRONG><a name="[1b8]"></a>__rt_memclr_w</STRONG> (Thumb, 78 bytes, Stack size 4 bytes, rt_memclr_w.o(.text), UNUSED)

<P><STRONG><a name="[1b9]"></a>_memset_w</STRONG> (Thumb, 0 bytes, Stack size unknown bytes, rt_memclr_w.o(.text), UNUSED)

<P><STRONG><a name="[1ba]"></a>__use_two_region_memory</STRONG> (Thumb, 2 bytes, Stack size 0 bytes, heapauxi.o(.text), UNUSED)

<P><STRONG><a name="[1bb]"></a>__rt_heap_escrow$2region</STRONG> (Thumb, 2 bytes, Stack size 0 bytes, heapauxi.o(.text), UNUSED)

<P><STRONG><a name="[1bc]"></a>__rt_heap_expand$2region</STRONG> (Thumb, 2 bytes, Stack size 0 bytes, heapauxi.o(.text), UNUSED)

<P><STRONG><a name="[87]"></a>_printf_int_common</STRONG> (Thumb, 178 bytes, Stack size 32 bytes, _printf_intcommon.o(.text))
<BR><BR>[Stack]<UL><LI>Max Depth = 48<LI>Call Chain = _printf_int_common &rArr; _printf_post_padding
</UL>
<BR>[Calls]<UL><LI><a href="#[86]">&gt;&gt;</a>&nbsp;&nbsp;&nbsp;_printf_post_padding
<LI><a href="#[85]">&gt;&gt;</a>&nbsp;&nbsp;&nbsp;_printf_pre_padding
</UL>
<BR>[Called By]<UL><LI><a href="#[70]">&gt;&gt;</a>&nbsp;&nbsp;&nbsp;_printf_int_hex
<LI><a href="#[6e]">&gt;&gt;</a>&nbsp;&nbsp;&nbsp;_printf_int_dec
</UL>

<P><STRONG><a name="[1bd]"></a>__lib_sel_fp_printf</STRONG> (Thumb, 2 bytes, Stack size 0 bytes, _printf_fp_dec.o(.text), UNUSED)

<P><STRONG><a name="[91]"></a>_printf_fp_dec_real</STRONG> (Thumb, 620 bytes, Stack size 104 bytes, _printf_fp_dec.o(.text))
<BR><BR>[Stack]<UL><LI>Max Depth = 324<LI>Call Chain = _printf_fp_dec_real &rArr; _fp_digits &rArr; _btod_etento &rArr; _btod_emul &rArr; _e2e
</UL>
<BR>[Calls]<UL><LI><a href="#[86]">&gt;&gt;</a>&nbsp;&nbsp;&nbsp;_printf_post_padding
<LI><a href="#[85]">&gt;&gt;</a>&nbsp;&nbsp;&nbsp;_printf_pre_padding
<LI><a href="#[92]">&gt;&gt;</a>&nbsp;&nbsp;&nbsp;__ARM_fpclassify
<LI><a href="#[93]">&gt;&gt;</a>&nbsp;&nbsp;&nbsp;_printf_fp_infnan
<LI><a href="#[74]">&gt;&gt;</a>&nbsp;&nbsp;&nbsp;__rt_locale
<LI><a href="#[8b]">&gt;&gt;</a>&nbsp;&nbsp;&nbsp;_fp_digits
</UL>
<BR>[Called By]<UL><LI><a href="#[6c]">&gt;&gt;</a>&nbsp;&nbsp;&nbsp;_printf_fp_dec
</UL>

<P><STRONG><a name="[83]"></a>_printf_char_common</STRONG> (Thumb, 32 bytes, Stack size 64 bytes, _printf_char_common.o(.text))
<BR><BR>[Stack]<UL><LI>Max Depth = 104 + Unknown Stack Size
<LI>Call Chain = _printf_char_common &rArr; __printf
</UL>
<BR>[Calls]<UL><LI><a href="#[88]">&gt;&gt;</a>&nbsp;&nbsp;&nbsp;__printf
</UL>
<BR>[Called By]<UL><LI><a href="#[82]">&gt;&gt;</a>&nbsp;&nbsp;&nbsp;__2sprintf
</UL>

<P><STRONG><a name="[5e]"></a>_sputc</STRONG> (Thumb, 10 bytes, Stack size 0 bytes, _sputc.o(.text))
<BR><BR>[Called By]<UL><LI><a href="#[82]">&gt;&gt;</a>&nbsp;&nbsp;&nbsp;__2sprintf
</UL>
<BR>[Address Reference Count : 1]<UL><LI> noretval__2sprintf.o(.text)
</UL>
<P><STRONG><a name="[94]"></a>_printf_cs_common</STRONG> (Thumb, 20 bytes, Stack size 8 bytes, _printf_char.o(.text))
<BR><BR>[Stack]<UL><LI>Max Depth = 40<LI>Call Chain = _printf_cs_common &rArr; _printf_str &rArr; _printf_post_padding
</UL>
<BR>[Calls]<UL><LI><a href="#[84]">&gt;&gt;</a>&nbsp;&nbsp;&nbsp;_printf_str
</UL>
<BR>[Called By]<UL><LI><a href="#[72]">&gt;&gt;</a>&nbsp;&nbsp;&nbsp;_printf_string
<LI><a href="#[95]">&gt;&gt;</a>&nbsp;&nbsp;&nbsp;_printf_char
</UL>

<P><STRONG><a name="[95]"></a>_printf_char</STRONG> (Thumb, 16 bytes, Stack size 0 bytes, _printf_char.o(.text), UNUSED)
<BR><BR>[Calls]<UL><LI><a href="#[94]">&gt;&gt;</a>&nbsp;&nbsp;&nbsp;_printf_cs_common
</UL>

<P><STRONG><a name="[72]"></a>_printf_string</STRONG> (Thumb, 8 bytes, Stack size 0 bytes, _printf_char.o(.text))
<BR><BR>[Stack]<UL><LI>Max Depth = 40<LI>Call Chain = _printf_string &rArr; _printf_cs_common &rArr; _printf_str &rArr; _printf_post_padding
</UL>
<BR>[Calls]<UL><LI><a href="#[94]">&gt;&gt;</a>&nbsp;&nbsp;&nbsp;_printf_cs_common
</UL>
<BR>[Called By]<UL><LI><a href="#[71]">&gt;&gt;</a>&nbsp;&nbsp;&nbsp;_printf_s
</UL>

<P><STRONG><a name="[74]"></a>__rt_locale</STRONG> (Thumb, 8 bytes, Stack size 0 bytes, rt_locale_intlibspace.o(.text))
<BR><BR>[Called By]<UL><LI><a href="#[73]">&gt;&gt;</a>&nbsp;&nbsp;&nbsp;__rt_lib_init_lc_common
<LI><a href="#[91]">&gt;&gt;</a>&nbsp;&nbsp;&nbsp;_printf_fp_dec_real
</UL>

<P><STRONG><a name="[90]"></a>_ll_udiv10</STRONG> (Thumb, 138 bytes, Stack size 12 bytes, lludiv10.o(.text))
<BR><BR>[Stack]<UL><LI>Max Depth = 12<LI>Call Chain = _ll_udiv10
</UL>
<BR>[Called By]<UL><LI><a href="#[8b]">&gt;&gt;</a>&nbsp;&nbsp;&nbsp;_fp_digits
</UL>

<P><STRONG><a name="[93]"></a>_printf_fp_infnan</STRONG> (Thumb, 112 bytes, Stack size 24 bytes, _printf_fp_infnan.o(.text))
<BR><BR>[Stack]<UL><LI>Max Depth = 40<LI>Call Chain = _printf_fp_infnan &rArr; _printf_post_padding
</UL>
<BR>[Calls]<UL><LI><a href="#[86]">&gt;&gt;</a>&nbsp;&nbsp;&nbsp;_printf_post_padding
<LI><a href="#[85]">&gt;&gt;</a>&nbsp;&nbsp;&nbsp;_printf_pre_padding
</UL>
<BR>[Called By]<UL><LI><a href="#[91]">&gt;&gt;</a>&nbsp;&nbsp;&nbsp;_printf_fp_dec_real
</UL>

<P><STRONG><a name="[8c]"></a>_btod_etento</STRONG> (Thumb, 224 bytes, Stack size 72 bytes, bigflt0.o(.text))
<BR><BR>[Stack]<UL><LI>Max Depth = 124<LI>Call Chain = _btod_etento &rArr; _btod_emul &rArr; _e2e
</UL>
<BR>[Calls]<UL><LI><a href="#[8f]">&gt;&gt;</a>&nbsp;&nbsp;&nbsp;_btod_emul
<LI><a href="#[8e]">&gt;&gt;</a>&nbsp;&nbsp;&nbsp;_btod_ediv
</UL>
<BR>[Called By]<UL><LI><a href="#[8b]">&gt;&gt;</a>&nbsp;&nbsp;&nbsp;_fp_digits
</UL>

<P><STRONG><a name="[1be]"></a>__user_libspace</STRONG> (Thumb, 8 bytes, Stack size 0 bytes, libspace.o(.text), UNUSED)

<P><STRONG><a name="[96]"></a>__user_perproc_libspace</STRONG> (Thumb, 0 bytes, Stack size 0 bytes, libspace.o(.text))
<BR><BR>[Called By]<UL><LI><a href="#[78]">&gt;&gt;</a>&nbsp;&nbsp;&nbsp;__user_setup_stackheap
</UL>

<P><STRONG><a name="[1bf]"></a>__user_perthread_libspace</STRONG> (Thumb, 0 bytes, Stack size 0 bytes, libspace.o(.text), UNUSED)

<P><STRONG><a name="[78]"></a>__user_setup_stackheap</STRONG> (Thumb, 74 bytes, Stack size 8 bytes, sys_stackheap_outer.o(.text))
<BR><BR>[Stack]<UL><LI>Max Depth = 8 + Unknown Stack Size
<LI>Call Chain = __user_setup_stackheap
</UL>
<BR>[Calls]<UL><LI><a href="#[97]">&gt;&gt;</a>&nbsp;&nbsp;&nbsp;__user_initial_stackheap
<LI><a href="#[96]">&gt;&gt;</a>&nbsp;&nbsp;&nbsp;__user_perproc_libspace
</UL>
<BR>[Called By]<UL><LI><a href="#[77]">&gt;&gt;</a>&nbsp;&nbsp;&nbsp;__rt_entry_sh
</UL>

<P><STRONG><a name="[7d]"></a>exit</STRONG> (Thumb, 18 bytes, Stack size 8 bytes, exit.o(.text))
<BR><BR>[Stack]<UL><LI>Max Depth = 8 + Unknown Stack Size
<LI>Call Chain = exit
</UL>
<BR>[Calls]<UL><LI><a href="#[98]">&gt;&gt;</a>&nbsp;&nbsp;&nbsp;__rt_exit
</UL>
<BR>[Called By]<UL><LI><a href="#[7b]">&gt;&gt;</a>&nbsp;&nbsp;&nbsp;__rt_entry_main
</UL>

<P><STRONG><a name="[175]"></a>strcmp</STRONG> (Thumb, 128 bytes, Stack size 0 bytes, strcmpv7m.o(.text))
<BR><BR>[Called By]<UL><LI><a href="#[76]">&gt;&gt;</a>&nbsp;&nbsp;&nbsp;_get_lc_numeric
</UL>

<P><STRONG><a name="[81]"></a>_sys_exit</STRONG> (Thumb, 8 bytes, Stack size 0 bytes, sys_exit.o(.text))
<BR><BR>[Called By]<UL><LI><a href="#[80]">&gt;&gt;</a>&nbsp;&nbsp;&nbsp;__rt_exit_exit
</UL>

<P><STRONG><a name="[1c0]"></a>__I$use$semihosting</STRONG> (Thumb, 0 bytes, Stack size 0 bytes, use_no_semi.o(.text), UNUSED)

<P><STRONG><a name="[1c1]"></a>__use_no_semihosting_swi</STRONG> (Thumb, 2 bytes, Stack size 0 bytes, use_no_semi.o(.text), UNUSED)

<P><STRONG><a name="[1c2]"></a>__semihosting_library_function</STRONG> (Thumb, 0 bytes, Stack size 0 bytes, indicate_semi.o(.text), UNUSED)

<P><STRONG><a name="[8d]"></a>_btod_d2e</STRONG> (Thumb, 62 bytes, Stack size 0 bytes, btod.o(CL$$btod_d2e))
<BR><BR>[Calls]<UL><LI><a href="#[99]">&gt;&gt;</a>&nbsp;&nbsp;&nbsp;_d2e_norm_op1
</UL>
<BR>[Called By]<UL><LI><a href="#[8b]">&gt;&gt;</a>&nbsp;&nbsp;&nbsp;_fp_digits
</UL>

<P><STRONG><a name="[9a]"></a>_d2e_denorm_low</STRONG> (Thumb, 70 bytes, Stack size 0 bytes, btod.o(CL$$btod_d2e_denorm_low))
<BR><BR>[Called By]<UL><LI><a href="#[99]">&gt;&gt;</a>&nbsp;&nbsp;&nbsp;_d2e_norm_op1
</UL>

<P><STRONG><a name="[99]"></a>_d2e_norm_op1</STRONG> (Thumb, 96 bytes, Stack size 0 bytes, btod.o(CL$$btod_d2e_norm_op1))
<BR><BR>[Calls]<UL><LI><a href="#[9a]">&gt;&gt;</a>&nbsp;&nbsp;&nbsp;_d2e_denorm_low
</UL>
<BR>[Called By]<UL><LI><a href="#[8d]">&gt;&gt;</a>&nbsp;&nbsp;&nbsp;_btod_d2e
</UL>

<P><STRONG><a name="[9b]"></a>__btod_div_common</STRONG> (Thumb, 696 bytes, Stack size 24 bytes, btod.o(CL$$btod_div_common))
<BR><BR>[Stack]<UL><LI>Max Depth = 24<LI>Call Chain = __btod_div_common
</UL>
<BR>[Called By]<UL><LI><a href="#[8e]">&gt;&gt;</a>&nbsp;&nbsp;&nbsp;_btod_ediv
</UL>

<P><STRONG><a name="[9c]"></a>_e2e</STRONG> (Thumb, 220 bytes, Stack size 24 bytes, btod.o(CL$$btod_e2e))
<BR><BR>[Stack]<UL><LI>Max Depth = 24<LI>Call Chain = _e2e
</UL>
<BR>[Called By]<UL><LI><a href="#[8f]">&gt;&gt;</a>&nbsp;&nbsp;&nbsp;_btod_emul
<LI><a href="#[8e]">&gt;&gt;</a>&nbsp;&nbsp;&nbsp;_btod_ediv
</UL>

<P><STRONG><a name="[8e]"></a>_btod_ediv</STRONG> (Thumb, 42 bytes, Stack size 28 bytes, btod.o(CL$$btod_ediv))
<BR><BR>[Stack]<UL><LI>Max Depth = 52<LI>Call Chain = _btod_ediv &rArr; _e2e
</UL>
<BR>[Calls]<UL><LI><a href="#[9c]">&gt;&gt;</a>&nbsp;&nbsp;&nbsp;_e2e
<LI><a href="#[9b]">&gt;&gt;</a>&nbsp;&nbsp;&nbsp;__btod_div_common
</UL>
<BR>[Called By]<UL><LI><a href="#[8c]">&gt;&gt;</a>&nbsp;&nbsp;&nbsp;_btod_etento
<LI><a href="#[8b]">&gt;&gt;</a>&nbsp;&nbsp;&nbsp;_fp_digits
</UL>

<P><STRONG><a name="[8f]"></a>_btod_emul</STRONG> (Thumb, 42 bytes, Stack size 28 bytes, btod.o(CL$$btod_emul))
<BR><BR>[Stack]<UL><LI>Max Depth = 52<LI>Call Chain = _btod_emul &rArr; _e2e
</UL>
<BR>[Calls]<UL><LI><a href="#[9d]">&gt;&gt;</a>&nbsp;&nbsp;&nbsp;__btod_mult_common
<LI><a href="#[9c]">&gt;&gt;</a>&nbsp;&nbsp;&nbsp;_e2e
</UL>
<BR>[Called By]<UL><LI><a href="#[8c]">&gt;&gt;</a>&nbsp;&nbsp;&nbsp;_btod_etento
<LI><a href="#[8b]">&gt;&gt;</a>&nbsp;&nbsp;&nbsp;_fp_digits
</UL>

<P><STRONG><a name="[9d]"></a>__btod_mult_common</STRONG> (Thumb, 580 bytes, Stack size 16 bytes, btod.o(CL$$btod_mult_common))
<BR><BR>[Stack]<UL><LI>Max Depth = 16<LI>Call Chain = __btod_mult_common
</UL>
<BR>[Called By]<UL><LI><a href="#[8f]">&gt;&gt;</a>&nbsp;&nbsp;&nbsp;_btod_emul
</UL>

<P><STRONG><a name="[159]"></a>ADCFilter</STRONG> (Thumb, 146 bytes, Stack size 20 bytes, adc.o(i.ADCFilter))
<BR><BR>[Stack]<UL><LI>Max Depth = 20<LI>Call Chain = ADCFilter
</UL>
<BR>[Called By]<UL><LI><a href="#[7c]">&gt;&gt;</a>&nbsp;&nbsp;&nbsp;main
</UL>

<P><STRONG><a name="[9e]"></a>AdcConvert</STRONG> (Thumb, 130 bytes, Stack size 16 bytes, adc.o(i.AdcConvert))
<BR><BR>[Stack]<UL><LI>Max Depth = 28<LI>Call Chain = AdcConvert &rArr; HAL_ADC_Start
</UL>
<BR>[Calls]<UL><LI><a href="#[a1]">&gt;&gt;</a>&nbsp;&nbsp;&nbsp;HAL_ADC_Stop
<LI><a href="#[9f]">&gt;&gt;</a>&nbsp;&nbsp;&nbsp;HAL_ADC_GetValue
<LI><a href="#[a0]">&gt;&gt;</a>&nbsp;&nbsp;&nbsp;AdcFilterValue
<LI><a href="#[a2]">&gt;&gt;</a>&nbsp;&nbsp;&nbsp;HAL_ADC_Start
</UL>
<BR>[Called By]<UL><LI><a href="#[7c]">&gt;&gt;</a>&nbsp;&nbsp;&nbsp;main
</UL>

<P><STRONG><a name="[a0]"></a>AdcFilterValue</STRONG> (Thumb, 48 bytes, Stack size 0 bytes, adc.o(i.AdcFilterValue))
<BR><BR>[Called By]<UL><LI><a href="#[9e]">&gt;&gt;</a>&nbsp;&nbsp;&nbsp;AdcConvert
</UL>

<P><STRONG><a name="[a3]"></a>AddHistorySampleDateFloat</STRONG> (Thumb, 96 bytes, Stack size 20 bytes, usart.o(i.AddHistorySampleDateFloat))
<BR><BR>[Stack]<UL><LI>Max Depth = 40<LI>Call Chain = AddHistorySampleDateFloat &rArr; UsartSetTxBuf
</UL>
<BR>[Calls]<UL><LI><a href="#[a4]">&gt;&gt;</a>&nbsp;&nbsp;&nbsp;UsartSetTxBuf
</UL>
<BR>[Called By]<UL><LI><a href="#[7c]">&gt;&gt;</a>&nbsp;&nbsp;&nbsp;main
</UL>

<P><STRONG><a name="[a5]"></a>AddHistorySampleDateFloatTwice</STRONG> (Thumb, 124 bytes, Stack size 28 bytes, usart.o(i.AddHistorySampleDateFloatTwice))
<BR><BR>[Stack]<UL><LI>Max Depth = 48<LI>Call Chain = AddHistorySampleDateFloatTwice &rArr; UsartSetTxBuf
</UL>
<BR>[Calls]<UL><LI><a href="#[a4]">&gt;&gt;</a>&nbsp;&nbsp;&nbsp;UsartSetTxBuf
</UL>
<BR>[Called By]<UL><LI><a href="#[7c]">&gt;&gt;</a>&nbsp;&nbsp;&nbsp;main
</UL>

<P><STRONG><a name="[13c]"></a>BIN2BCD</STRONG> (Thumb, 22 bytes, Stack size 0 bytes, usart.o(i.BIN2BCD))
<BR><BR>[Called By]<UL><LI><a href="#[124]">&gt;&gt;</a>&nbsp;&nbsp;&nbsp;SetRTCToHmi
</UL>

<P><STRONG><a name="[a6]"></a>BatteryDealt</STRONG> (Thumb, 60 bytes, Stack size 12 bytes, usart.o(i.BatteryDealt))
<BR><BR>[Stack]<UL><LI>Max Depth = 28<LI>Call Chain = BatteryDealt &rArr; MakeCrcModbus
</UL>
<BR>[Calls]<UL><LI><a href="#[a7]">&gt;&gt;</a>&nbsp;&nbsp;&nbsp;MakeCrcModbus
</UL>
<BR>[Called By]<UL><LI><a href="#[7c]">&gt;&gt;</a>&nbsp;&nbsp;&nbsp;main
</UL>

<P><STRONG><a name="[a8]"></a>BatteryUpDate</STRONG> (Thumb, 178 bytes, Stack size 40 bytes, usart.o(i.BatteryUpDate))
<BR><BR>[Stack]<UL><LI>Max Depth = 176 + Unknown Stack Size
<LI>Call Chain = BatteryUpDate &rArr; __2sprintf &rArr; _printf_char_common &rArr; __printf
</UL>
<BR>[Calls]<UL><LI><a href="#[a9]">&gt;&gt;</a>&nbsp;&nbsp;&nbsp;ChangeIconFrame
<LI><a href="#[a4]">&gt;&gt;</a>&nbsp;&nbsp;&nbsp;UsartSetTxBuf
<LI><a href="#[82]">&gt;&gt;</a>&nbsp;&nbsp;&nbsp;__2sprintf
<LI><a href="#[aa]">&gt;&gt;</a>&nbsp;&nbsp;&nbsp;strlen
</UL>
<BR>[Called By]<UL><LI><a href="#[7c]">&gt;&gt;</a>&nbsp;&nbsp;&nbsp;main
</UL>

<P><STRONG><a name="[ab]"></a>BubbleTimer</STRONG> (Thumb, 112 bytes, Stack size 16 bytes, usart.o(i.BubbleTimer))
<BR><BR>[Stack]<UL><LI>Max Depth = 60<LI>Call Chain = BubbleTimer &rArr; ChangeIconFrame &rArr; UsartSetTxBuf
</UL>
<BR>[Calls]<UL><LI><a href="#[ad]">&gt;&gt;</a>&nbsp;&nbsp;&nbsp;HAL_GPIO_WritePin
<LI><a href="#[a9]">&gt;&gt;</a>&nbsp;&nbsp;&nbsp;ChangeIconFrame
<LI><a href="#[ac]">&gt;&gt;</a>&nbsp;&nbsp;&nbsp;SetCtrlVisable
</UL>
<BR>[Called By]<UL><LI><a href="#[7c]">&gt;&gt;</a>&nbsp;&nbsp;&nbsp;main
</UL>

<P><STRONG><a name="[9]"></a>BusFault_Handler</STRONG> (Thumb, 2 bytes, Stack size 0 bytes, stm32f2xx_it.o(i.BusFault_Handler))
<BR><BR>[Calls]<UL><LI><a href="#[9]">&gt;&gt;</a>&nbsp;&nbsp;&nbsp;BusFault_Handler
</UL>
<BR>[Called By]<UL><LI><a href="#[9]">&gt;&gt;</a>&nbsp;&nbsp;&nbsp;BusFault_Handler
</UL>
<BR>[Address Reference Count : 1]<UL><LI> startup_stm32f205xx.o(RESET)
</UL>
<P><STRONG><a name="[ae]"></a>ChangeCurveRange</STRONG> (Thumb, 120 bytes, Stack size 28 bytes, usart.o(i.ChangeCurveRange))
<BR><BR>[Stack]<UL><LI>Max Depth = 48<LI>Call Chain = ChangeCurveRange &rArr; UsartSetTxBuf
</UL>
<BR>[Calls]<UL><LI><a href="#[a4]">&gt;&gt;</a>&nbsp;&nbsp;&nbsp;UsartSetTxBuf
</UL>
<BR>[Called By]<UL><LI><a href="#[13d]">&gt;&gt;</a>&nbsp;&nbsp;&nbsp;SetScreenCurveRange
</UL>

<P><STRONG><a name="[a9]"></a>ChangeIconFrame</STRONG> (Thumb, 80 bytes, Stack size 24 bytes, usart.o(i.ChangeIconFrame))
<BR><BR>[Stack]<UL><LI>Max Depth = 44<LI>Call Chain = ChangeIconFrame &rArr; UsartSetTxBuf
</UL>
<BR>[Calls]<UL><LI><a href="#[a4]">&gt;&gt;</a>&nbsp;&nbsp;&nbsp;UsartSetTxBuf
</UL>
<BR>[Called By]<UL><LI><a href="#[11e]">&gt;&gt;</a>&nbsp;&nbsp;&nbsp;HmiCmdDealt
<LI><a href="#[c6]">&gt;&gt;</a>&nbsp;&nbsp;&nbsp;GpioChk
<LI><a href="#[bf]">&gt;&gt;</a>&nbsp;&nbsp;&nbsp;FlowDealt
<LI><a href="#[ab]">&gt;&gt;</a>&nbsp;&nbsp;&nbsp;BubbleTimer
<LI><a href="#[a8]">&gt;&gt;</a>&nbsp;&nbsp;&nbsp;BatteryUpDate
</UL>

<P><STRONG><a name="[af]"></a>ChangePSWTxt</STRONG> (Thumb, 110 bytes, Stack size 12 bytes, usart.o(i.ChangePSWTxt))
<BR><BR>[Stack]<UL><LI>Max Depth = 48<LI>Call Chain = ChangePSWTxt &rArr; ClearTxtContent &rArr; UsartSetTxBuf
</UL>
<BR>[Calls]<UL><LI><a href="#[b0]">&gt;&gt;</a>&nbsp;&nbsp;&nbsp;ClearTxtContent
<LI><a href="#[ac]">&gt;&gt;</a>&nbsp;&nbsp;&nbsp;SetCtrlVisable
<LI><a href="#[b1]">&gt;&gt;</a>&nbsp;&nbsp;&nbsp;ChangeScreen
</UL>
<BR>[Called By]<UL><LI><a href="#[11e]">&gt;&gt;</a>&nbsp;&nbsp;&nbsp;HmiCmdDealt
</UL>

<P><STRONG><a name="[b1]"></a>ChangeScreen</STRONG> (Thumb, 62 bytes, Stack size 16 bytes, usart.o(i.ChangeScreen))
<BR><BR>[Stack]<UL><LI>Max Depth = 36<LI>Call Chain = ChangeScreen &rArr; UsartSetTxBuf
</UL>
<BR>[Calls]<UL><LI><a href="#[a4]">&gt;&gt;</a>&nbsp;&nbsp;&nbsp;UsartSetTxBuf
</UL>
<BR>[Called By]<UL><LI><a href="#[af]">&gt;&gt;</a>&nbsp;&nbsp;&nbsp;ChangePSWTxt
</UL>

<P><STRONG><a name="[b2]"></a>ChangeSelectorIndex</STRONG> (Thumb, 76 bytes, Stack size 16 bytes, usart.o(i.ChangeSelectorIndex))
<BR><BR>[Stack]<UL><LI>Max Depth = 36<LI>Call Chain = ChangeSelectorIndex &rArr; UsartSetTxBuf
</UL>
<BR>[Calls]<UL><LI><a href="#[a4]">&gt;&gt;</a>&nbsp;&nbsp;&nbsp;UsartSetTxBuf
</UL>
<BR>[Called By]<UL><LI><a href="#[11e]">&gt;&gt;</a>&nbsp;&nbsp;&nbsp;HmiCmdDealt
</UL>

<P><STRONG><a name="[b3]"></a>ChangeSetSpeed</STRONG> (Thumb, 44 bytes, Stack size 0 bytes, usart.o(i.ChangeSetSpeed))
<BR><BR>[Stack]<UL><LI>Max Depth = 216 + Unknown Stack Size
<LI>Call Chain = ChangeSetSpeed &rArr; ChangeTxtValue &rArr; __2sprintf &rArr; _printf_char_common &rArr; __printf
</UL>
<BR>[Calls]<UL><LI><a href="#[b4]">&gt;&gt;</a>&nbsp;&nbsp;&nbsp;ChangeTxtValue
</UL>
<BR>[Called By]<UL><LI><a href="#[11e]">&gt;&gt;</a>&nbsp;&nbsp;&nbsp;HmiCmdDealt
<LI><a href="#[11d]">&gt;&gt;</a>&nbsp;&nbsp;&nbsp;HmiAdjustDected
</UL>

<P><STRONG><a name="[b5]"></a>ChangeSetTemp</STRONG> (Thumb, 56 bytes, Stack size 8 bytes, usart.o(i.ChangeSetTemp))
<BR><BR>[Stack]<UL><LI>Max Depth = 224 + Unknown Stack Size
<LI>Call Chain = ChangeSetTemp &rArr; ChangeTxtValue &rArr; __2sprintf &rArr; _printf_char_common &rArr; __printf
</UL>
<BR>[Calls]<UL><LI><a href="#[b4]">&gt;&gt;</a>&nbsp;&nbsp;&nbsp;ChangeTxtValue
<LI><a href="#[b7]">&gt;&gt;</a>&nbsp;&nbsp;&nbsp;__aeabi_fsub
<LI><a href="#[b6]">&gt;&gt;</a>&nbsp;&nbsp;&nbsp;__aeabi_fadd
</UL>
<BR>[Called By]<UL><LI><a href="#[11e]">&gt;&gt;</a>&nbsp;&nbsp;&nbsp;HmiCmdDealt
<LI><a href="#[11d]">&gt;&gt;</a>&nbsp;&nbsp;&nbsp;HmiAdjustDected
</UL>

<P><STRONG><a name="[b4]"></a>ChangeTxtValue</STRONG> (Thumb, 164 bytes, Stack size 80 bytes, usart.o(i.ChangeTxtValue))
<BR><BR>[Stack]<UL><LI>Max Depth = 216 + Unknown Stack Size
<LI>Call Chain = ChangeTxtValue &rArr; __2sprintf &rArr; _printf_char_common &rArr; __printf
</UL>
<BR>[Calls]<UL><LI><a href="#[a4]">&gt;&gt;</a>&nbsp;&nbsp;&nbsp;UsartSetTxBuf
<LI><a href="#[82]">&gt;&gt;</a>&nbsp;&nbsp;&nbsp;__2sprintf
<LI><a href="#[b8]">&gt;&gt;</a>&nbsp;&nbsp;&nbsp;__aeabi_f2d
<LI><a href="#[aa]">&gt;&gt;</a>&nbsp;&nbsp;&nbsp;strlen
</UL>
<BR>[Called By]<UL><LI><a href="#[7c]">&gt;&gt;</a>&nbsp;&nbsp;&nbsp;main
<LI><a href="#[b5]">&gt;&gt;</a>&nbsp;&nbsp;&nbsp;ChangeSetTemp
<LI><a href="#[b3]">&gt;&gt;</a>&nbsp;&nbsp;&nbsp;ChangeSetSpeed
</UL>

<P><STRONG><a name="[b0]"></a>ClearTxtContent</STRONG> (Thumb, 72 bytes, Stack size 16 bytes, usart.o(i.ClearTxtContent))
<BR><BR>[Stack]<UL><LI>Max Depth = 36<LI>Call Chain = ClearTxtContent &rArr; UsartSetTxBuf
</UL>
<BR>[Calls]<UL><LI><a href="#[a4]">&gt;&gt;</a>&nbsp;&nbsp;&nbsp;UsartSetTxBuf
</UL>
<BR>[Called By]<UL><LI><a href="#[11e]">&gt;&gt;</a>&nbsp;&nbsp;&nbsp;HmiCmdDealt
<LI><a href="#[7c]">&gt;&gt;</a>&nbsp;&nbsp;&nbsp;main
<LI><a href="#[af]">&gt;&gt;</a>&nbsp;&nbsp;&nbsp;ChangePSWTxt
</UL>

<P><STRONG><a name="[1f]"></a>DMA1_Stream5_IRQHandler</STRONG> (Thumb, 648 bytes, Stack size 40 bytes, bsp_usart.o(i.DMA1_Stream5_IRQHandler))
<BR><BR>[Stack]<UL><LI>Max Depth = 92<LI>Call Chain = DMA1_Stream5_IRQHandler &rArr; HAL_UART_Receive_DMA &rArr; UART_Start_Receive_DMA &rArr; HAL_DMA_Start_IT &rArr; DMA_SetConfig
</UL>
<BR>[Calls]<UL><LI><a href="#[bc]">&gt;&gt;</a>&nbsp;&nbsp;&nbsp;HAL_DMA_IRQHandler
<LI><a href="#[ba]">&gt;&gt;</a>&nbsp;&nbsp;&nbsp;uart2_receive
<LI><a href="#[bb]">&gt;&gt;</a>&nbsp;&nbsp;&nbsp;HAL_UART_Receive_DMA
<LI><a href="#[b9]">&gt;&gt;</a>&nbsp;&nbsp;&nbsp;HAL_UART_DMAStop
</UL>
<BR>[Address Reference Count : 1]<UL><LI> startup_stm32f205xx.o(RESET)
</UL>
<P><STRONG><a name="[20]"></a>DMA1_Stream6_IRQHandler</STRONG> (Thumb, 8 bytes, Stack size 0 bytes, bsp_usart.o(i.DMA1_Stream6_IRQHandler))
<BR><BR>[Stack]<UL><LI>Max Depth = 32<LI>Call Chain = DMA1_Stream6_IRQHandler &rArr; HAL_DMA_IRQHandler
</UL>
<BR>[Calls]<UL><LI><a href="#[bc]">&gt;&gt;</a>&nbsp;&nbsp;&nbsp;HAL_DMA_IRQHandler
</UL>
<BR>[Address Reference Count : 1]<UL><LI> startup_stm32f205xx.o(RESET)
</UL>
<P><STRONG><a name="[49]"></a>DMA2_Stream2_IRQHandler</STRONG> (Thumb, 6 bytes, Stack size 0 bytes, stm32f2xx_it.o(i.DMA2_Stream2_IRQHandler))
<BR><BR>[Stack]<UL><LI>Max Depth = 32<LI>Call Chain = DMA2_Stream2_IRQHandler &rArr; HAL_DMA_IRQHandler
</UL>
<BR>[Calls]<UL><LI><a href="#[bc]">&gt;&gt;</a>&nbsp;&nbsp;&nbsp;HAL_DMA_IRQHandler
</UL>
<BR>[Address Reference Count : 1]<UL><LI> startup_stm32f205xx.o(RESET)
</UL>
<P><STRONG><a name="[53]"></a>DMA2_Stream7_IRQHandler</STRONG> (Thumb, 6 bytes, Stack size 0 bytes, stm32f2xx_it.o(i.DMA2_Stream7_IRQHandler))
<BR><BR>[Stack]<UL><LI>Max Depth = 32<LI>Call Chain = DMA2_Stream7_IRQHandler &rArr; HAL_DMA_IRQHandler
</UL>
<BR>[Calls]<UL><LI><a href="#[bc]">&gt;&gt;</a>&nbsp;&nbsp;&nbsp;HAL_DMA_IRQHandler
</UL>
<BR>[Address Reference Count : 1]<UL><LI> startup_stm32f205xx.o(RESET)
</UL>
<P><STRONG><a name="[c]"></a>DebugMon_Handler</STRONG> (Thumb, 2 bytes, Stack size 0 bytes, stm32f2xx_it.o(i.DebugMon_Handler))
<BR>[Address Reference Count : 1]<UL><LI> startup_stm32f205xx.o(RESET)
</UL>
<P><STRONG><a name="[11b]"></a>Error_Handler</STRONG> (Thumb, 4 bytes, Stack size 0 bytes, main.o(i.Error_Handler))
<BR><BR>[Called By]<UL><LI><a href="#[137]">&gt;&gt;</a>&nbsp;&nbsp;&nbsp;MX_USART3_UART_Init
<LI><a href="#[136]">&gt;&gt;</a>&nbsp;&nbsp;&nbsp;MX_USART1_UART_Init
<LI><a href="#[135]">&gt;&gt;</a>&nbsp;&nbsp;&nbsp;MX_UART5_Init
<LI><a href="#[134]">&gt;&gt;</a>&nbsp;&nbsp;&nbsp;MX_UART4_Init
<LI><a href="#[133]">&gt;&gt;</a>&nbsp;&nbsp;&nbsp;MX_TIM7_Init
<LI><a href="#[131]">&gt;&gt;</a>&nbsp;&nbsp;&nbsp;MX_TIM6_Init
<LI><a href="#[12f]">&gt;&gt;</a>&nbsp;&nbsp;&nbsp;MX_TIM4_Init
<LI><a href="#[12e]">&gt;&gt;</a>&nbsp;&nbsp;&nbsp;MX_SPI2_Init
<LI><a href="#[12d]">&gt;&gt;</a>&nbsp;&nbsp;&nbsp;MX_RTC_Init
<LI><a href="#[129]">&gt;&gt;</a>&nbsp;&nbsp;&nbsp;MX_ADC1_Init
<LI><a href="#[117]">&gt;&gt;</a>&nbsp;&nbsp;&nbsp;HAL_UART_MspInit
</UL>

<P><STRONG><a name="[bd]"></a>FLowGetData</STRONG> (Thumb, 20 bytes, Stack size 0 bytes, usart.o(i.FLowGetData))
<BR><BR>[Stack]<UL><LI>Max Depth = 28<LI>Call Chain = FLowGetData &rArr; FlowGetMeasure &rArr; MakeCrcFlow
</UL>
<BR>[Calls]<UL><LI><a href="#[be]">&gt;&gt;</a>&nbsp;&nbsp;&nbsp;FlowGetMeasure
</UL>
<BR>[Called By]<UL><LI><a href="#[7c]">&gt;&gt;</a>&nbsp;&nbsp;&nbsp;main
</UL>

<P><STRONG><a name="[bf]"></a>FlowDealt</STRONG> (Thumb, 256 bytes, Stack size 152 bytes, usart.o(i.FlowDealt))
<BR><BR>[Stack]<UL><LI>Max Depth = 328 + Unknown Stack Size
<LI>Call Chain = FlowDealt &rArr; FlowSetBuble &rArr; __2sprintf &rArr; _printf_char_common &rArr; __printf
</UL>
<BR>[Calls]<UL><LI><a href="#[a9]">&gt;&gt;</a>&nbsp;&nbsp;&nbsp;ChangeIconFrame
<LI><a href="#[a4]">&gt;&gt;</a>&nbsp;&nbsp;&nbsp;UsartSetTxBuf
<LI><a href="#[ac]">&gt;&gt;</a>&nbsp;&nbsp;&nbsp;SetCtrlVisable
<LI><a href="#[c0]">&gt;&gt;</a>&nbsp;&nbsp;&nbsp;MakeCrcFlow
<LI><a href="#[c3]">&gt;&gt;</a>&nbsp;&nbsp;&nbsp;FlowSetBuble
<LI><a href="#[82]">&gt;&gt;</a>&nbsp;&nbsp;&nbsp;__2sprintf
<LI><a href="#[c1]">&gt;&gt;</a>&nbsp;&nbsp;&nbsp;__aeabi_ui2f
<LI><a href="#[c2]">&gt;&gt;</a>&nbsp;&nbsp;&nbsp;__aeabi_fdiv
<LI><a href="#[b8]">&gt;&gt;</a>&nbsp;&nbsp;&nbsp;__aeabi_f2d
<LI><a href="#[aa]">&gt;&gt;</a>&nbsp;&nbsp;&nbsp;strlen
</UL>
<BR>[Called By]<UL><LI><a href="#[7c]">&gt;&gt;</a>&nbsp;&nbsp;&nbsp;main
</UL>

<P><STRONG><a name="[be]"></a>FlowGetMeasure</STRONG> (Thumb, 92 bytes, Stack size 16 bytes, usart.o(i.FlowGetMeasure))
<BR><BR>[Stack]<UL><LI>Max Depth = 28<LI>Call Chain = FlowGetMeasure &rArr; MakeCrcFlow
</UL>
<BR>[Calls]<UL><LI><a href="#[ad]">&gt;&gt;</a>&nbsp;&nbsp;&nbsp;HAL_GPIO_WritePin
<LI><a href="#[c4]">&gt;&gt;</a>&nbsp;&nbsp;&nbsp;HAL_UART_Transmit_IT
<LI><a href="#[c0]">&gt;&gt;</a>&nbsp;&nbsp;&nbsp;MakeCrcFlow
</UL>
<BR>[Called By]<UL><LI><a href="#[bd]">&gt;&gt;</a>&nbsp;&nbsp;&nbsp;FLowGetData
</UL>

<P><STRONG><a name="[c3]"></a>FlowSetBuble</STRONG> (Thumb, 120 bytes, Stack size 40 bytes, usart.o(i.FlowSetBuble))
<BR><BR>[Stack]<UL><LI>Max Depth = 176 + Unknown Stack Size
<LI>Call Chain = FlowSetBuble &rArr; __2sprintf &rArr; _printf_char_common &rArr; __printf
</UL>
<BR>[Calls]<UL><LI><a href="#[a4]">&gt;&gt;</a>&nbsp;&nbsp;&nbsp;UsartSetTxBuf
<LI><a href="#[82]">&gt;&gt;</a>&nbsp;&nbsp;&nbsp;__2sprintf
<LI><a href="#[b8]">&gt;&gt;</a>&nbsp;&nbsp;&nbsp;__aeabi_f2d
<LI><a href="#[aa]">&gt;&gt;</a>&nbsp;&nbsp;&nbsp;strlen
</UL>
<BR>[Called By]<UL><LI><a href="#[bf]">&gt;&gt;</a>&nbsp;&nbsp;&nbsp;FlowDealt
</UL>

<P><STRONG><a name="[c5]"></a>GetRTCFromHMI</STRONG> (Thumb, 46 bytes, Stack size 12 bytes, usart.o(i.GetRTCFromHMI))
<BR><BR>[Stack]<UL><LI>Max Depth = 32<LI>Call Chain = GetRTCFromHMI &rArr; UsartSetTxBuf
</UL>
<BR>[Calls]<UL><LI><a href="#[a4]">&gt;&gt;</a>&nbsp;&nbsp;&nbsp;UsartSetTxBuf
</UL>
<BR>[Called By]<UL><LI><a href="#[7c]">&gt;&gt;</a>&nbsp;&nbsp;&nbsp;main
</UL>

<P><STRONG><a name="[c6]"></a>GpioChk</STRONG> (Thumb, 234 bytes, Stack size 24 bytes, gpio.o(i.GpioChk))
<BR><BR>[Stack]<UL><LI>Max Depth = 68<LI>Call Chain = GpioChk &rArr; ChangeIconFrame &rArr; UsartSetTxBuf
</UL>
<BR>[Calls]<UL><LI><a href="#[c8]">&gt;&gt;</a>&nbsp;&nbsp;&nbsp;HAL_TIM_PWM_Stop
<LI><a href="#[ad]">&gt;&gt;</a>&nbsp;&nbsp;&nbsp;HAL_GPIO_WritePin
<LI><a href="#[c7]">&gt;&gt;</a>&nbsp;&nbsp;&nbsp;HAL_GPIO_ReadPin
<LI><a href="#[a9]">&gt;&gt;</a>&nbsp;&nbsp;&nbsp;ChangeIconFrame
<LI><a href="#[c9]">&gt;&gt;</a>&nbsp;&nbsp;&nbsp;HAL_TIM_PWM_Start
</UL>
<BR>[Called By]<UL><LI><a href="#[7c]">&gt;&gt;</a>&nbsp;&nbsp;&nbsp;main
</UL>

<P><STRONG><a name="[12a]"></a>HAL_ADC_ConfigChannel</STRONG> (Thumb, 322 bytes, Stack size 20 bytes, stm32f2xx_hal_adc.o(i.HAL_ADC_ConfigChannel))
<BR><BR>[Stack]<UL><LI>Max Depth = 20<LI>Call Chain = HAL_ADC_ConfigChannel
</UL>
<BR>[Called By]<UL><LI><a href="#[129]">&gt;&gt;</a>&nbsp;&nbsp;&nbsp;MX_ADC1_Init
</UL>

<P><STRONG><a name="[9f]"></a>HAL_ADC_GetValue</STRONG> (Thumb, 6 bytes, Stack size 0 bytes, stm32f2xx_hal_adc.o(i.HAL_ADC_GetValue))
<BR><BR>[Called By]<UL><LI><a href="#[9e]">&gt;&gt;</a>&nbsp;&nbsp;&nbsp;AdcConvert
</UL>

<P><STRONG><a name="[ca]"></a>HAL_ADC_Init</STRONG> (Thumb, 84 bytes, Stack size 16 bytes, stm32f2xx_hal_adc.o(i.HAL_ADC_Init))
<BR><BR>[Stack]<UL><LI>Max Depth = 112<LI>Call Chain = HAL_ADC_Init &rArr; HAL_ADC_MspInit &rArr; HAL_GPIO_Init
</UL>
<BR>[Calls]<UL><LI><a href="#[cb]">&gt;&gt;</a>&nbsp;&nbsp;&nbsp;HAL_ADC_MspInit
<LI><a href="#[cc]">&gt;&gt;</a>&nbsp;&nbsp;&nbsp;ADC_Init
</UL>
<BR>[Called By]<UL><LI><a href="#[129]">&gt;&gt;</a>&nbsp;&nbsp;&nbsp;MX_ADC1_Init
</UL>

<P><STRONG><a name="[cb]"></a>HAL_ADC_MspInit</STRONG> (Thumb, 116 bytes, Stack size 40 bytes, adc.o(i.HAL_ADC_MspInit))
<BR><BR>[Stack]<UL><LI>Max Depth = 96<LI>Call Chain = HAL_ADC_MspInit &rArr; HAL_GPIO_Init
</UL>
<BR>[Calls]<UL><LI><a href="#[ce]">&gt;&gt;</a>&nbsp;&nbsp;&nbsp;HAL_GPIO_Init
<LI><a href="#[cd]">&gt;&gt;</a>&nbsp;&nbsp;&nbsp;__aeabi_memclr4
</UL>
<BR>[Called By]<UL><LI><a href="#[ca]">&gt;&gt;</a>&nbsp;&nbsp;&nbsp;HAL_ADC_Init
</UL>

<P><STRONG><a name="[a2]"></a>HAL_ADC_Start</STRONG> (Thumb, 188 bytes, Stack size 12 bytes, stm32f2xx_hal_adc.o(i.HAL_ADC_Start))
<BR><BR>[Stack]<UL><LI>Max Depth = 12<LI>Call Chain = HAL_ADC_Start
</UL>
<BR>[Called By]<UL><LI><a href="#[9e]">&gt;&gt;</a>&nbsp;&nbsp;&nbsp;AdcConvert
<LI><a href="#[7c]">&gt;&gt;</a>&nbsp;&nbsp;&nbsp;main
</UL>

<P><STRONG><a name="[a1]"></a>HAL_ADC_Stop</STRONG> (Thumb, 60 bytes, Stack size 0 bytes, stm32f2xx_hal_adc.o(i.HAL_ADC_Stop))
<BR><BR>[Called By]<UL><LI><a href="#[129]">&gt;&gt;</a>&nbsp;&nbsp;&nbsp;MX_ADC1_Init
<LI><a href="#[9e]">&gt;&gt;</a>&nbsp;&nbsp;&nbsp;AdcConvert
</UL>

<P><STRONG><a name="[cf]"></a>HAL_DMA_Abort</STRONG> (Thumb, 146 bytes, Stack size 24 bytes, stm32f2xx_hal_dma.o(i.HAL_DMA_Abort))
<BR><BR>[Stack]<UL><LI>Max Depth = 24<LI>Call Chain = HAL_DMA_Abort
</UL>
<BR>[Calls]<UL><LI><a href="#[d0]">&gt;&gt;</a>&nbsp;&nbsp;&nbsp;HAL_GetTick
</UL>
<BR>[Called By]<UL><LI><a href="#[112]">&gt;&gt;</a>&nbsp;&nbsp;&nbsp;HAL_UART_IRQHandler
<LI><a href="#[fb]">&gt;&gt;</a>&nbsp;&nbsp;&nbsp;HAL_TIM_PeriodElapsedCallback
<LI><a href="#[b9]">&gt;&gt;</a>&nbsp;&nbsp;&nbsp;HAL_UART_DMAStop
</UL>

<P><STRONG><a name="[114]"></a>HAL_DMA_Abort_IT</STRONG> (Thumb, 36 bytes, Stack size 0 bytes, stm32f2xx_hal_dma.o(i.HAL_DMA_Abort_IT))
<BR><BR>[Called By]<UL><LI><a href="#[112]">&gt;&gt;</a>&nbsp;&nbsp;&nbsp;HAL_UART_IRQHandler
</UL>

<P><STRONG><a name="[d1]"></a>HAL_DMA_DeInit</STRONG> (Thumb, 98 bytes, Stack size 16 bytes, stm32f2xx_hal_dma.o(i.HAL_DMA_DeInit))
<BR><BR>[Stack]<UL><LI>Max Depth = 16<LI>Call Chain = HAL_DMA_DeInit
</UL>
<BR>[Calls]<UL><LI><a href="#[d2]">&gt;&gt;</a>&nbsp;&nbsp;&nbsp;DMA_CalcBaseAndBitshift
</UL>
<BR>[Called By]<UL><LI><a href="#[110]">&gt;&gt;</a>&nbsp;&nbsp;&nbsp;HAL_UART_MspDeInit
<LI><a href="#[166]">&gt;&gt;</a>&nbsp;&nbsp;&nbsp;uart2_init
</UL>

<P><STRONG><a name="[bc]"></a>HAL_DMA_IRQHandler</STRONG> (Thumb, 412 bytes, Stack size 32 bytes, stm32f2xx_hal_dma.o(i.HAL_DMA_IRQHandler))
<BR><BR>[Stack]<UL><LI>Max Depth = 32<LI>Call Chain = HAL_DMA_IRQHandler
</UL>
<BR>[Called By]<UL><LI><a href="#[53]">&gt;&gt;</a>&nbsp;&nbsp;&nbsp;DMA2_Stream7_IRQHandler
<LI><a href="#[49]">&gt;&gt;</a>&nbsp;&nbsp;&nbsp;DMA2_Stream2_IRQHandler
<LI><a href="#[20]">&gt;&gt;</a>&nbsp;&nbsp;&nbsp;DMA1_Stream6_IRQHandler
<LI><a href="#[1f]">&gt;&gt;</a>&nbsp;&nbsp;&nbsp;DMA1_Stream5_IRQHandler
</UL>

<P><STRONG><a name="[d3]"></a>HAL_DMA_Init</STRONG> (Thumb, 206 bytes, Stack size 24 bytes, stm32f2xx_hal_dma.o(i.HAL_DMA_Init))
<BR><BR>[Stack]<UL><LI>Max Depth = 32<LI>Call Chain = HAL_DMA_Init &rArr; DMA_CheckFifoParam
</UL>
<BR>[Calls]<UL><LI><a href="#[d0]">&gt;&gt;</a>&nbsp;&nbsp;&nbsp;HAL_GetTick
<LI><a href="#[d4]">&gt;&gt;</a>&nbsp;&nbsp;&nbsp;DMA_CheckFifoParam
<LI><a href="#[d2]">&gt;&gt;</a>&nbsp;&nbsp;&nbsp;DMA_CalcBaseAndBitshift
</UL>
<BR>[Called By]<UL><LI><a href="#[117]">&gt;&gt;</a>&nbsp;&nbsp;&nbsp;HAL_UART_MspInit
<LI><a href="#[166]">&gt;&gt;</a>&nbsp;&nbsp;&nbsp;uart2_init
</UL>

<P><STRONG><a name="[d5]"></a>HAL_DMA_Start_IT</STRONG> (Thumb, 110 bytes, Stack size 24 bytes, stm32f2xx_hal_dma.o(i.HAL_DMA_Start_IT))
<BR><BR>[Stack]<UL><LI>Max Depth = 36<LI>Call Chain = HAL_DMA_Start_IT &rArr; DMA_SetConfig
</UL>
<BR>[Calls]<UL><LI><a href="#[d6]">&gt;&gt;</a>&nbsp;&nbsp;&nbsp;DMA_SetConfig
</UL>
<BR>[Called By]<UL><LI><a href="#[11c]">&gt;&gt;</a>&nbsp;&nbsp;&nbsp;HAL_UART_Transmit_DMA
<LI><a href="#[109]">&gt;&gt;</a>&nbsp;&nbsp;&nbsp;UART_Start_Receive_DMA
</UL>

<P><STRONG><a name="[d7]"></a>HAL_Delay</STRONG> (Thumb, 32 bytes, Stack size 16 bytes, stm32f2xx_hal.o(i.HAL_Delay))
<BR><BR>[Stack]<UL><LI>Max Depth = 16<LI>Call Chain = HAL_Delay
</UL>
<BR>[Calls]<UL><LI><a href="#[d0]">&gt;&gt;</a>&nbsp;&nbsp;&nbsp;HAL_GetTick
</UL>
<BR>[Called By]<UL><LI><a href="#[144]">&gt;&gt;</a>&nbsp;&nbsp;&nbsp;SpiFlashReadID
<LI><a href="#[7c]">&gt;&gt;</a>&nbsp;&nbsp;&nbsp;main
</UL>

<P><STRONG><a name="[119]"></a>HAL_GPIO_DeInit</STRONG> (Thumb, 342 bytes, Stack size 40 bytes, stm32f2xx_hal_gpio.o(i.HAL_GPIO_DeInit))
<BR><BR>[Stack]<UL><LI>Max Depth = 40<LI>Call Chain = HAL_GPIO_DeInit
</UL>
<BR>[Called By]<UL><LI><a href="#[110]">&gt;&gt;</a>&nbsp;&nbsp;&nbsp;HAL_UART_MspDeInit
</UL>

<P><STRONG><a name="[ce]"></a>HAL_GPIO_Init</STRONG> (Thumb, 598 bytes, Stack size 56 bytes, stm32f2xx_hal_gpio.o(i.HAL_GPIO_Init))
<BR><BR>[Stack]<UL><LI>Max Depth = 56<LI>Call Chain = HAL_GPIO_Init
</UL>
<BR>[Called By]<UL><LI><a href="#[ff]">&gt;&gt;</a>&nbsp;&nbsp;&nbsp;HAL_TIM_MspPostInit
<LI><a href="#[f0]">&gt;&gt;</a>&nbsp;&nbsp;&nbsp;HAL_SPI_MspInit
<LI><a href="#[cb]">&gt;&gt;</a>&nbsp;&nbsp;&nbsp;HAL_ADC_MspInit
<LI><a href="#[12c]">&gt;&gt;</a>&nbsp;&nbsp;&nbsp;MX_GPIO_Init
<LI><a href="#[117]">&gt;&gt;</a>&nbsp;&nbsp;&nbsp;HAL_UART_MspInit
<LI><a href="#[166]">&gt;&gt;</a>&nbsp;&nbsp;&nbsp;uart2_init
</UL>

<P><STRONG><a name="[c7]"></a>HAL_GPIO_ReadPin</STRONG> (Thumb, 10 bytes, Stack size 0 bytes, stm32f2xx_hal_gpio.o(i.HAL_GPIO_ReadPin))
<BR><BR>[Called By]<UL><LI><a href="#[c6]">&gt;&gt;</a>&nbsp;&nbsp;&nbsp;GpioChk
</UL>

<P><STRONG><a name="[139]"></a>HAL_GPIO_TogglePin</STRONG> (Thumb, 16 bytes, Stack size 0 bytes, stm32f2xx_hal_gpio.o(i.HAL_GPIO_TogglePin))
<BR><BR>[Called By]<UL><LI><a href="#[138]">&gt;&gt;</a>&nbsp;&nbsp;&nbsp;RGBLedDealt
<LI><a href="#[7c]">&gt;&gt;</a>&nbsp;&nbsp;&nbsp;main
</UL>

<P><STRONG><a name="[ad]"></a>HAL_GPIO_WritePin</STRONG> (Thumb, 10 bytes, Stack size 0 bytes, stm32f2xx_hal_gpio.o(i.HAL_GPIO_WritePin))
<BR><BR>[Called By]<UL><LI><a href="#[13f]">&gt;&gt;</a>&nbsp;&nbsp;&nbsp;SpiFlashWriteEnable
<LI><a href="#[148]">&gt;&gt;</a>&nbsp;&nbsp;&nbsp;SpiFlashWrite
<LI><a href="#[146]">&gt;&gt;</a>&nbsp;&nbsp;&nbsp;SpiFlashReadSR
<LI><a href="#[143]">&gt;&gt;</a>&nbsp;&nbsp;&nbsp;SpiFlashRead
<LI><a href="#[13e]">&gt;&gt;</a>&nbsp;&nbsp;&nbsp;SpiFlashEraseSector
<LI><a href="#[144]">&gt;&gt;</a>&nbsp;&nbsp;&nbsp;SpiFlashReadID
<LI><a href="#[138]">&gt;&gt;</a>&nbsp;&nbsp;&nbsp;RGBLedDealt
<LI><a href="#[12c]">&gt;&gt;</a>&nbsp;&nbsp;&nbsp;MX_GPIO_Init
[...]
<BR><BR>[Stack]<UL><LI>Max Depth = 16<LI>Call Chain = __aeabi_f2d
</UL>
<BR>[Called By]<UL><LI><a href="#[bf]">&gt;&gt;</a>&nbsp;&nbsp;&nbsp;FlowDealt
<LI><a href="#[b4]">&gt;&gt;</a>&nbsp;&nbsp;&nbsp;ChangeTxtValue
<LI><a href="#[7c]">&gt;&gt;</a>&nbsp;&nbsp;&nbsp;main
<LI><a href="#[c3]">&gt;&gt;</a>&nbsp;&nbsp;&nbsp;FlowSetBuble
</UL>

<P><STRONG><a name="[181]"></a>_f2d</STRONG> (Thumb, 86 bytes, Stack size 16 bytes, f2d.o(x$fpl$f2d), UNUSED)
<BR><BR>[Calls]<UL><LI><a href="#[182]">&gt;&gt;</a>&nbsp;&nbsp;&nbsp;__fpl_fnaninf
<LI><a href="#[17b]">&gt;&gt;</a>&nbsp;&nbsp;&nbsp;__fpl_dretinf
</UL>

<P><STRONG><a name="[b6]"></a>__aeabi_fadd</STRONG> (Thumb, 0 bytes, Stack size 16 bytes, faddsub_clz.o(x$fpl$fadd))
<BR><BR>[Stack]<UL><LI>Max Depth = 16<LI>Call Chain = __aeabi_fadd
</UL>
<BR>[Called By]<UL><LI><a href="#[b5]">&gt;&gt;</a>&nbsp;&nbsp;&nbsp;ChangeSetTemp
</UL>

<P><STRONG><a name="[183]"></a>_fadd</STRONG> (Thumb, 196 bytes, Stack size 16 bytes, faddsub_clz.o(x$fpl$fadd), UNUSED)
<BR><BR>[Calls]<UL><LI><a href="#[177]">&gt;&gt;</a>&nbsp;&nbsp;&nbsp;__fpl_fretinf
<LI><a href="#[182]">&gt;&gt;</a>&nbsp;&nbsp;&nbsp;__fpl_fnaninf
<LI><a href="#[184]">&gt;&gt;</a>&nbsp;&nbsp;&nbsp;_fsub1
</UL>

<P><STRONG><a name="[187]"></a>__fpl_fcmp_Inf</STRONG> (Thumb, 24 bytes, Stack size 0 bytes, fcmpi.o(x$fpl$fcmpinf), UNUSED)
<BR><BR>[Called By]<UL><LI><a href="#[186]">&gt;&gt;</a>&nbsp;&nbsp;&nbsp;_fcmpeq
</UL>

<P><STRONG><a name="[c2]"></a>__aeabi_fdiv</STRONG> (Thumb, 0 bytes, Stack size 16 bytes, fdiv.o(x$fpl$fdiv))
<BR><BR>[Stack]<UL><LI>Max Depth = 16<LI>Call Chain = __aeabi_fdiv
</UL>
<BR>[Called By]<UL><LI><a href="#[128]">&gt;&gt;</a>&nbsp;&nbsp;&nbsp;IBPDataAnalysis
<LI><a href="#[bf]">&gt;&gt;</a>&nbsp;&nbsp;&nbsp;FlowDealt
<LI><a href="#[7c]">&gt;&gt;</a>&nbsp;&nbsp;&nbsp;main
<LI><a href="#[160]">&gt;&gt;</a>&nbsp;&nbsp;&nbsp;motor_comm_rx
</UL>

<P><STRONG><a name="[185]"></a>_fdiv</STRONG> (Thumb, 384 bytes, Stack size 16 bytes, fdiv.o(x$fpl$fdiv), UNUSED)
<BR><BR>[Calls]<UL><LI><a href="#[177]">&gt;&gt;</a>&nbsp;&nbsp;&nbsp;__fpl_fretinf
<LI><a href="#[182]">&gt;&gt;</a>&nbsp;&nbsp;&nbsp;__fpl_fnaninf
</UL>

<P><STRONG><a name="[16d]"></a>__aeabi_cfcmpeq</STRONG> (Thumb, 0 bytes, Stack size 16 bytes, feqf.o(x$fpl$feqf))
<BR><BR>[Stack]<UL><LI>Max Depth = 16<LI>Call Chain = __aeabi_cfcmpeq
</UL>
<BR>[Called By]<UL><LI><a href="#[16c]">&gt;&gt;</a>&nbsp;&nbsp;&nbsp;motor_speed_ctrl
</UL>

<P><STRONG><a name="[186]"></a>_fcmpeq</STRONG> (Thumb, 104 bytes, Stack size 16 bytes, feqf.o(x$fpl$feqf), UNUSED)
<BR><BR>[Calls]<UL><LI><a href="#[182]">&gt;&gt;</a>&nbsp;&nbsp;&nbsp;__fpl_fnaninf
<LI><a href="#[187]">&gt;&gt;</a>&nbsp;&nbsp;&nbsp;__fpl_fcmp_Inf
</UL>

<P><STRONG><a name="[158]"></a>__aeabi_f2iz</STRONG> (Thumb, 0 bytes, Stack size 16 bytes, ffix.o(x$fpl$ffix))
<BR><BR>[Stack]<UL><LI>Max Depth = 16<LI>Call Chain = __aeabi_f2iz
</UL>
<BR>[Called By]<UL><LI><a href="#[7c]">&gt;&gt;</a>&nbsp;&nbsp;&nbsp;main
</UL>

<P><STRONG><a name="[188]"></a>_ffix</STRONG> (Thumb, 54 bytes, Stack size 16 bytes, ffix.o(x$fpl$ffix), UNUSED)
<BR><BR>[Calls]<UL><LI><a href="#[182]">&gt;&gt;</a>&nbsp;&nbsp;&nbsp;__fpl_fnaninf
</UL>

<P><STRONG><a name="[16e]"></a>__aeabi_f2uiz</STRONG> (Thumb, 0 bytes, Stack size 16 bytes, ffixu.o(x$fpl$ffixu))
<BR><BR>[Stack]<UL><LI>Max Depth = 16<LI>Call Chain = __aeabi_f2uiz
</UL>
<BR>[Called By]<UL><LI><a href="#[16c]">&gt;&gt;</a>&nbsp;&nbsp;&nbsp;motor_speed_ctrl
</UL>

<P><STRONG><a name="[189]"></a>_ffixu</STRONG> (Thumb, 62 bytes, Stack size 16 bytes, ffixu.o(x$fpl$ffixu), UNUSED)
<BR><BR>[Calls]<UL><LI><a href="#[182]">&gt;&gt;</a>&nbsp;&nbsp;&nbsp;__fpl_fnaninf
</UL>

<P><STRONG><a name="[156]"></a>__aeabi_i2f</STRONG> (Thumb, 0 bytes, Stack size 0 bytes, fflt_clz.o(x$fpl$fflt))
<BR><BR>[Called By]<UL><LI><a href="#[7c]">&gt;&gt;</a>&nbsp;&nbsp;&nbsp;main
</UL>

<P><STRONG><a name="[1c5]"></a>_fflt</STRONG> (Thumb, 48 bytes, Stack size 0 bytes, fflt_clz.o(x$fpl$fflt), UNUSED)

<P><STRONG><a name="[c1]"></a>__aeabi_ui2f</STRONG> (Thumb, 0 bytes, Stack size 0 bytes, fflt_clz.o(x$fpl$ffltu))
<BR><BR>[Called By]<UL><LI><a href="#[128]">&gt;&gt;</a>&nbsp;&nbsp;&nbsp;IBPDataAnalysis
<LI><a href="#[bf]">&gt;&gt;</a>&nbsp;&nbsp;&nbsp;FlowDealt
<LI><a href="#[160]">&gt;&gt;</a>&nbsp;&nbsp;&nbsp;motor_comm_rx
</UL>

<P><STRONG><a name="[1c6]"></a>_ffltu</STRONG> (Thumb, 38 bytes, Stack size 0 bytes, fflt_clz.o(x$fpl$ffltu), UNUSED)

<P><STRONG><a name="[157]"></a>__aeabi_fmul</STRONG> (Thumb, 0 bytes, Stack size 16 bytes, fmul.o(x$fpl$fmul))
<BR><BR>[Stack]<UL><LI>Max Depth = 16<LI>Call Chain = __aeabi_fmul
</UL>
<BR>[Called By]<UL><LI><a href="#[7c]">&gt;&gt;</a>&nbsp;&nbsp;&nbsp;main
<LI><a href="#[16c]">&gt;&gt;</a>&nbsp;&nbsp;&nbsp;motor_speed_ctrl
</UL>

<P><STRONG><a name="[18a]"></a>_fmul</STRONG> (Thumb, 258 bytes, Stack size 16 bytes, fmul.o(x$fpl$fmul), UNUSED)
<BR><BR>[Calls]<UL><LI><a href="#[177]">&gt;&gt;</a>&nbsp;&nbsp;&nbsp;__fpl_fretinf
<LI><a href="#[182]">&gt;&gt;</a>&nbsp;&nbsp;&nbsp;__fpl_fnaninf
</UL>

<P><STRONG><a name="[182]"></a>__fpl_fnaninf</STRONG> (Thumb, 140 bytes, Stack size 8 bytes, fnaninf.o(x$fpl$fnaninf), UNUSED)
<BR><BR>[Called By]<UL><LI><a href="#[18a]">&gt;&gt;</a>&nbsp;&nbsp;&nbsp;_fmul
<LI><a href="#[189]">&gt;&gt;</a>&nbsp;&nbsp;&nbsp;_ffixu
<LI><a href="#[188]">&gt;&gt;</a>&nbsp;&nbsp;&nbsp;_ffix
<LI><a href="#[186]">&gt;&gt;</a>&nbsp;&nbsp;&nbsp;_fcmpeq
<LI><a href="#[185]">&gt;&gt;</a>&nbsp;&nbsp;&nbsp;_fdiv
<LI><a href="#[18b]">&gt;&gt;</a>&nbsp;&nbsp;&nbsp;_fsub
<LI><a href="#[183]">&gt;&gt;</a>&nbsp;&nbsp;&nbsp;_fadd
<LI><a href="#[181]">&gt;&gt;</a>&nbsp;&nbsp;&nbsp;_f2d
</UL>

<P><STRONG><a name="[177]"></a>__fpl_fretinf</STRONG> (Thumb, 10 bytes, Stack size 0 bytes, fretinf.o(x$fpl$fretinf), UNUSED)
<BR><BR>[Called By]<UL><LI><a href="#[18a]">&gt;&gt;</a>&nbsp;&nbsp;&nbsp;_fmul
<LI><a href="#[185]">&gt;&gt;</a>&nbsp;&nbsp;&nbsp;_fdiv
<LI><a href="#[183]">&gt;&gt;</a>&nbsp;&nbsp;&nbsp;_fadd
<LI><a href="#[176]">&gt;&gt;</a>&nbsp;&nbsp;&nbsp;_d2f
</UL>

<P><STRONG><a name="[b7]"></a>__aeabi_fsub</STRONG> (Thumb, 0 bytes, Stack size 16 bytes, faddsub_clz.o(x$fpl$fsub))
<BR><BR>[Stack]<UL><LI>Max Depth = 16<LI>Call Chain = __aeabi_fsub
</UL>
<BR>[Called By]<UL><LI><a href="#[128]">&gt;&gt;</a>&nbsp;&nbsp;&nbsp;IBPDataAnalysis
<LI><a href="#[7c]">&gt;&gt;</a>&nbsp;&nbsp;&nbsp;main
<LI><a href="#[b5]">&gt;&gt;</a>&nbsp;&nbsp;&nbsp;ChangeSetTemp
</UL>

<P><STRONG><a name="[18b]"></a>_fsub</STRONG> (Thumb, 234 bytes, Stack size 16 bytes, faddsub_clz.o(x$fpl$fsub), UNUSED)
<BR><BR>[Calls]<UL><LI><a href="#[182]">&gt;&gt;</a>&nbsp;&nbsp;&nbsp;__fpl_fnaninf
<LI><a href="#[18c]">&gt;&gt;</a>&nbsp;&nbsp;&nbsp;_fadd1
</UL>

<P><STRONG><a name="[6c]"></a>_printf_fp_dec</STRONG> (Thumb, 4 bytes, Stack size 0 bytes, printf1.o(x$fpl$printf1))
<BR><BR>[Stack]<UL><LI>Max Depth = 324<LI>Call Chain = _printf_fp_dec &rArr; _printf_fp_dec_real &rArr; _fp_digits &rArr; _btod_etento &rArr; _btod_emul &rArr; _e2e
</UL>
<BR>[Calls]<UL><LI><a href="#[91]">&gt;&gt;</a>&nbsp;&nbsp;&nbsp;_printf_fp_dec_real
</UL>
<BR>[Called By]<UL><LI><a href="#[6b]">&gt;&gt;</a>&nbsp;&nbsp;&nbsp;_printf_f
</UL>
<P>
<H3>
Local Symbols
</H3>
<P><STRONG><a name="[142]"></a>SpiFlashSendAddr</STRONG> (Thumb, 30 bytes, Stack size 8 bytes, spi.o(i.SpiFlashSendAddr))
<BR><BR>[Stack]<UL><LI>Max Depth = 128<LI>Call Chain = SpiFlashSendAddr &rArr; SpiReadWriteByte &rArr; HAL_SPI_TransmitReceive &rArr; SPI_EndRxTxTransaction &rArr; SPI_WaitFlagStateUntilTimeout
</UL>
<BR>[Calls]<UL><LI><a href="#[141]">&gt;&gt;</a>&nbsp;&nbsp;&nbsp;SpiReadWriteByte
</UL>
<BR>[Called By]<UL><LI><a href="#[148]">&gt;&gt;</a>&nbsp;&nbsp;&nbsp;SpiFlashWrite
<LI><a href="#[143]">&gt;&gt;</a>&nbsp;&nbsp;&nbsp;SpiFlashRead
<LI><a href="#[13e]">&gt;&gt;</a>&nbsp;&nbsp;&nbsp;SpiFlashEraseSector
</UL>

<P><STRONG><a name="[140]"></a>SpiFlashWaitBusy</STRONG> (Thumb, 14 bytes, Stack size 8 bytes, spi.o(i.SpiFlashWaitBusy))
<BR><BR>[Stack]<UL><LI>Max Depth = 144<LI>Call Chain = SpiFlashWaitBusy &rArr; SpiFlashReadSR &rArr; SpiReadWriteByte &rArr; HAL_SPI_TransmitReceive &rArr; SPI_EndRxTxTransaction &rArr; SPI_WaitFlagStateUntilTimeout
</UL>
<BR>[Calls]<UL><LI><a href="#[146]">&gt;&gt;</a>&nbsp;&nbsp;&nbsp;SpiFlashReadSR
</UL>
<BR>[Called By]<UL><LI><a href="#[148]">&gt;&gt;</a>&nbsp;&nbsp;&nbsp;SpiFlashWrite
<LI><a href="#[13e]">&gt;&gt;</a>&nbsp;&nbsp;&nbsp;SpiFlashEraseSector
</UL>

<P><STRONG><a name="[cc]"></a>ADC_Init</STRONG> (Thumb, 304 bytes, Stack size 8 bytes, stm32f2xx_hal_adc.o(i.ADC_Init))
<BR><BR>[Stack]<UL><LI>Max Depth = 8<LI>Call Chain = ADC_Init
</UL>
<BR>[Called By]<UL><LI><a href="#[ca]">&gt;&gt;</a>&nbsp;&nbsp;&nbsp;HAL_ADC_Init
</UL>

<P><STRONG><a name="[de]"></a>__NVIC_SetPriority</STRONG> (Thumb, 32 bytes, Stack size 0 bytes, stm32f2xx_hal_cortex.o(i.__NVIC_SetPriority))
<BR><BR>[Called By]<UL><LI><a href="#[dd]">&gt;&gt;</a>&nbsp;&nbsp;&nbsp;HAL_NVIC_SetPriority
<LI><a href="#[dc]">&gt;&gt;</a>&nbsp;&nbsp;&nbsp;HAL_SYSTICK_Config
</UL>

<P><STRONG><a name="[d2]"></a>DMA_CalcBaseAndBitshift</STRONG> (Thumb, 34 bytes, Stack size 0 bytes, stm32f2xx_hal_dma.o(i.DMA_CalcBaseAndBitshift))
<BR><BR>[Called By]<UL><LI><a href="#[d3]">&gt;&gt;</a>&nbsp;&nbsp;&nbsp;HAL_DMA_Init
<LI><a href="#[d1]">&gt;&gt;</a>&nbsp;&nbsp;&nbsp;HAL_DMA_DeInit
</UL>

<P><STRONG><a name="[d4]"></a>DMA_CheckFifoParam</STRONG> (Thumb, 84 bytes, Stack size 8 bytes, stm32f2xx_hal_dma.o(i.DMA_CheckFifoParam))
<BR><BR>[Stack]<UL><LI>Max Depth = 8<LI>Call Chain = DMA_CheckFifoParam
</UL>
<BR>[Called By]<UL><LI><a href="#[d3]">&gt;&gt;</a>&nbsp;&nbsp;&nbsp;HAL_DMA_Init
</UL>

<P><STRONG><a name="[d6]"></a>DMA_SetConfig</STRONG> (Thumb, 40 bytes, Stack size 12 bytes, stm32f2xx_hal_dma.o(i.DMA_SetConfig))
<BR><BR>[Stack]<UL><LI>Max Depth = 12<LI>Call Chain = DMA_SetConfig
</UL>
<BR>[Called By]<UL><LI><a href="#[d5]">&gt;&gt;</a>&nbsp;&nbsp;&nbsp;HAL_DMA_Start_IT
</UL>

<P><STRONG><a name="[f2]"></a>SPI_EndRxTxTransaction</STRONG> (Thumb, 32 bytes, Stack size 16 bytes, stm32f2xx_hal_spi.o(i.SPI_EndRxTxTransaction))
<BR><BR>[Stack]<UL><LI>Max Depth = 48<LI>Call Chain = SPI_EndRxTxTransaction &rArr; SPI_WaitFlagStateUntilTimeout
</UL>
<BR>[Calls]<UL><LI><a href="#[13b]">&gt;&gt;</a>&nbsp;&nbsp;&nbsp;SPI_WaitFlagStateUntilTimeout
</UL>
<BR>[Called By]<UL><LI><a href="#[f1]">&gt;&gt;</a>&nbsp;&nbsp;&nbsp;HAL_SPI_TransmitReceive
</UL>

<P><STRONG><a name="[13b]"></a>SPI_WaitFlagStateUntilTimeout</STRONG> (Thumb, 180 bytes, Stack size 32 bytes, stm32f2xx_hal_spi.o(i.SPI_WaitFlagStateUntilTimeout))
<BR><BR>[Stack]<UL><LI>Max Depth = 32<LI>Call Chain = SPI_WaitFlagStateUntilTimeout
</UL>
<BR>[Calls]<UL><LI><a href="#[d0]">&gt;&gt;</a>&nbsp;&nbsp;&nbsp;HAL_GetTick
</UL>
<BR>[Called By]<UL><LI><a href="#[f2]">&gt;&gt;</a>&nbsp;&nbsp;&nbsp;SPI_EndRxTxTransaction
</UL>

<P><STRONG><a name="[101]"></a>TIM_OC1_SetConfig</STRONG> (Thumb, 88 bytes, Stack size 20 bytes, stm32f2xx_hal_tim.o(i.TIM_OC1_SetConfig))
<BR><BR>[Stack]<UL><LI>Max Depth = 20<LI>Call Chain = TIM_OC1_SetConfig
</UL>
<BR>[Called By]<UL><LI><a href="#[100]">&gt;&gt;</a>&nbsp;&nbsp;&nbsp;HAL_TIM_PWM_ConfigChannel
</UL>

<P><STRONG><a name="[103]"></a>TIM_OC3_SetConfig</STRONG> (Thumb, 96 bytes, Stack size 20 bytes, stm32f2xx_hal_tim.o(i.TIM_OC3_SetConfig))
<BR><BR>[Stack]<UL><LI>Max Depth = 20<LI>Call Chain = TIM_OC3_SetConfig
</UL>
<BR>[Called By]<UL><LI><a href="#[100]">&gt;&gt;</a>&nbsp;&nbsp;&nbsp;HAL_TIM_PWM_ConfigChannel
</UL>

<P><STRONG><a name="[104]"></a>TIM_OC4_SetConfig</STRONG> (Thumb, 70 bytes, Stack size 12 bytes, stm32f2xx_hal_tim.o(i.TIM_OC4_SetConfig))
<BR><BR>[Stack]<UL><LI>Max Depth = 12<LI>Call Chain = TIM_OC4_SetConfig
</UL>
<BR>[Called By]<UL><LI><a href="#[100]">&gt;&gt;</a>&nbsp;&nbsp;&nbsp;HAL_TIM_PWM_ConfigChannel
</UL>

<P><STRONG><a name="[60]"></a>UART_DMAAbortOnError</STRONG> (Thumb, 16 bytes, Stack size 8 bytes, stm32f2xx_hal_uart.o(i.UART_DMAAbortOnError))
<BR><BR>[Stack]<UL><LI>Max Depth = 76<LI>Call Chain = UART_DMAAbortOnError &rArr; HAL_UART_ErrorCallback &rArr; HAL_UARTEx_ReceiveToIdle_DMA &rArr; UART_Start_Receive_DMA &rArr; HAL_DMA_Start_IT &rArr; DMA_SetConfig
</UL>
<BR>[Calls]<UL><LI><a href="#[111]">&gt;&gt;</a>&nbsp;&nbsp;&nbsp;HAL_UART_ErrorCallback
</UL>
<BR>[Address Reference Count : 1]<UL><LI> stm32f2xx_hal_uart.o(i.HAL_UART_IRQHandler)
</UL>
<P><STRONG><a name="[63]"></a>UART_DMAError</STRONG> (Thumb, 74 bytes, Stack size 16 bytes, stm32f2xx_hal_uart.o(i.UART_DMAError))
<BR><BR>[Stack]<UL><LI>Max Depth = 84<LI>Call Chain = UART_DMAError &rArr; HAL_UART_ErrorCallback &rArr; HAL_UARTEx_ReceiveToIdle_DMA &rArr; UART_Start_Receive_DMA &rArr; HAL_DMA_Start_IT &rArr; DMA_SetConfig
</UL>
<BR>[Calls]<UL><LI><a href="#[111]">&gt;&gt;</a>&nbsp;&nbsp;&nbsp;HAL_UART_ErrorCallback
<LI><a href="#[10d]">&gt;&gt;</a>&nbsp;&nbsp;&nbsp;UART_EndTxTransfer
<LI><a href="#[10e]">&gt;&gt;</a>&nbsp;&nbsp;&nbsp;UART_EndRxTransfer
</UL>
<BR>[Address Reference Count : 2]<UL><LI> stm32f2xx_hal_uart.o(i.HAL_UART_Transmit_DMA)
<LI> stm32f2xx_hal_uart.o(i.UART_Start_Receive_DMA)
</UL>
<P><STRONG><a name="[64]"></a>UART_DMAReceiveCplt</STRONG> (Thumb, 134 bytes, Stack size 8 bytes, stm32f2xx_hal_uart.o(i.UART_DMAReceiveCplt))
<BR><BR>[Stack]<UL><LI>Max Depth = 100<LI>Call Chain = UART_DMAReceiveCplt &rArr; HAL_UARTEx_RxEventCallback &rArr; HAL_UARTEx_ReceiveToIdle_DMA &rArr; UART_Start_Receive_DMA &rArr; HAL_DMA_Start_IT &rArr; DMA_SetConfig
</UL>
<BR>[Calls]<UL><LI><a href="#[10c]">&gt;&gt;</a>&nbsp;&nbsp;&nbsp;HAL_UARTEx_RxEventCallback
<LI><a href="#[14b]">&gt;&gt;</a>&nbsp;&nbsp;&nbsp;HAL_UART_RxCpltCallback
</UL>
<BR>[Address Reference Count : 1]<UL><LI> stm32f2xx_hal_uart.o(i.UART_Start_Receive_DMA)
</UL>
<P><STRONG><a name="[65]"></a>UART_DMARxHalfCplt</STRONG> (Thumb, 30 bytes, Stack size 8 bytes, stm32f2xx_hal_uart.o(i.UART_DMARxHalfCplt))
<BR><BR>[Stack]<UL><LI>Max Depth = 100<LI>Call Chain = UART_DMARxHalfCplt &rArr; HAL_UARTEx_RxEventCallback &rArr; HAL_UARTEx_ReceiveToIdle_DMA &rArr; UART_Start_Receive_DMA &rArr; HAL_DMA_Start_IT &rArr; DMA_SetConfig
</UL>
<BR>[Calls]<UL><LI><a href="#[10c]">&gt;&gt;</a>&nbsp;&nbsp;&nbsp;HAL_UARTEx_RxEventCallback
<LI><a href="#[14c]">&gt;&gt;</a>&nbsp;&nbsp;&nbsp;HAL_UART_RxHalfCpltCallback
</UL>
<BR>[Address Reference Count : 1]<UL><LI> stm32f2xx_hal_uart.o(i.UART_Start_Receive_DMA)
</UL>
<P><STRONG><a name="[61]"></a>UART_DMATransmitCplt</STRONG> (Thumb, 66 bytes, Stack size 8 bytes, stm32f2xx_hal_uart.o(i.UART_DMATransmitCplt))
<BR><BR>[Stack]<UL><LI>Max Depth = 28<LI>Call Chain = UART_DMATransmitCplt &rArr; HAL_UART_TxCpltCallback &rArr; HAL_UARTEx_ReceiveToIdle_IT
</UL>
<BR>[Calls]<UL><LI><a href="#[115]">&gt;&gt;</a>&nbsp;&nbsp;&nbsp;HAL_UART_TxCpltCallback
</UL>
<BR>[Address Reference Count : 1]<UL><LI> stm32f2xx_hal_uart.o(i.HAL_UART_Transmit_DMA)
</UL>
<P><STRONG><a name="[62]"></a>UART_DMATxHalfCplt</STRONG> (Thumb, 10 bytes, Stack size 8 bytes, stm32f2xx_hal_uart.o(i.UART_DMATxHalfCplt))
<BR><BR>[Stack]<UL><LI>Max Depth = 8<LI>Call Chain = UART_DMATxHalfCplt
</UL>
<BR>[Calls]<UL><LI><a href="#[14d]">&gt;&gt;</a>&nbsp;&nbsp;&nbsp;HAL_UART_TxHalfCpltCallback
</UL>
<BR>[Address Reference Count : 1]<UL><LI> stm32f2xx_hal_uart.o(i.HAL_UART_Transmit_DMA)
</UL>
<P><STRONG><a name="[10e]"></a>UART_EndRxTransfer</STRONG> (Thumb, 78 bytes, Stack size 0 bytes, stm32f2xx_hal_uart.o(i.UART_EndRxTransfer))
<BR><BR>[Calls]<UL><LI><a href="#[10e]">&gt;&gt;</a>&nbsp;&nbsp;&nbsp;UART_EndRxTransfer
</UL>
<BR>[Called By]<UL><LI><a href="#[112]">&gt;&gt;</a>&nbsp;&nbsp;&nbsp;HAL_UART_IRQHandler
<LI><a href="#[b9]">&gt;&gt;</a>&nbsp;&nbsp;&nbsp;HAL_UART_DMAStop
<LI><a href="#[10e]">&gt;&gt;</a>&nbsp;&nbsp;&nbsp;UART_EndRxTransfer
<LI><a href="#[63]">&gt;&gt;</a>&nbsp;&nbsp;&nbsp;UART_DMAError
</UL>

<P><STRONG><a name="[10d]"></a>UART_EndTxTransfer</STRONG> (Thumb, 28 bytes, Stack size 0 bytes, stm32f2xx_hal_uart.o(i.UART_EndTxTransfer))
<BR><BR>[Calls]<UL><LI><a href="#[10d]">&gt;&gt;</a>&nbsp;&nbsp;&nbsp;UART_EndTxTransfer
</UL>
<BR>[Called By]<UL><LI><a href="#[b9]">&gt;&gt;</a>&nbsp;&nbsp;&nbsp;HAL_UART_DMAStop
<LI><a href="#[10d]">&gt;&gt;</a>&nbsp;&nbsp;&nbsp;UART_EndTxTransfer
<LI><a href="#[63]">&gt;&gt;</a>&nbsp;&nbsp;&nbsp;UART_DMAError
</UL>

<P><STRONG><a name="[113]"></a>UART_Receive_IT</STRONG> (Thumb, 194 bytes, Stack size 8 bytes, stm32f2xx_hal_uart.o(i.UART_Receive_IT))
<BR><BR>[Stack]<UL><LI>Max Depth = 100<LI>Call Chain = UART_Receive_IT &rArr; HAL_UARTEx_RxEventCallback &rArr; HAL_UARTEx_ReceiveToIdle_DMA &rArr; UART_Start_Receive_DMA &rArr; HAL_DMA_Start_IT &rArr; DMA_SetConfig
</UL>
<BR>[Calls]<UL><LI><a href="#[10c]">&gt;&gt;</a>&nbsp;&nbsp;&nbsp;HAL_UARTEx_RxEventCallback
<LI><a href="#[14b]">&gt;&gt;</a>&nbsp;&nbsp;&nbsp;HAL_UART_RxCpltCallback
</UL>
<BR>[Called By]<UL><LI><a href="#[112]">&gt;&gt;</a>&nbsp;&nbsp;&nbsp;HAL_UART_IRQHandler
</UL>

<P><STRONG><a name="[118]"></a>UART_SetConfig</STRONG> (Thumb, 284 bytes, Stack size 24 bytes, stm32f2xx_hal_uart.o(i.UART_SetConfig))
<BR><BR>[Stack]<UL><LI>Max Depth = 24<LI>Call Chain = UART_SetConfig
</UL>
<BR>[Calls]<UL><LI><a href="#[14e]">&gt;&gt;</a>&nbsp;&nbsp;&nbsp;HAL_RCC_GetPCLK2Freq
<LI><a href="#[14f]">&gt;&gt;</a>&nbsp;&nbsp;&nbsp;HAL_RCC_GetPCLK1Freq
</UL>
<BR>[Called By]<UL><LI><a href="#[116]">&gt;&gt;</a>&nbsp;&nbsp;&nbsp;HAL_UART_Init
</UL>

<P><STRONG><a name="[160]"></a>motor_comm_rx</STRONG> (Thumb, 242 bytes, Stack size 232 bytes, motor.o(i.motor_comm_rx))
<BR><BR>[Stack]<UL><LI>Max Depth = 776<LI>Call Chain = motor_comm_rx &rArr; crc_get_crc16 &rArr; __aeabi_memcpy4
</UL>
<BR>[Calls]<UL><LI><a href="#[161]">&gt;&gt;</a>&nbsp;&nbsp;&nbsp;queue_output_u8
<LI><a href="#[162]">&gt;&gt;</a>&nbsp;&nbsp;&nbsp;queue_length
<LI><a href="#[151]">&gt;&gt;</a>&nbsp;&nbsp;&nbsp;crc_get_crc16
<LI><a href="#[c1]">&gt;&gt;</a>&nbsp;&nbsp;&nbsp;__aeabi_ui2f
<LI><a href="#[c2]">&gt;&gt;</a>&nbsp;&nbsp;&nbsp;__aeabi_fdiv
<LI><a href="#[cd]">&gt;&gt;</a>&nbsp;&nbsp;&nbsp;__aeabi_memclr4
</UL>
<BR>[Called By]<UL><LI><a href="#[155]">&gt;&gt;</a>&nbsp;&nbsp;&nbsp;motor_run
</UL>

<P><STRONG><a name="[17f]"></a>_dadd1</STRONG> (Thumb, 0 bytes, Stack size unknown bytes, daddsub_clz.o(x$fpl$dadd), UNUSED)
<BR><BR>[Called By]<UL><LI><a href="#[180]">&gt;&gt;</a>&nbsp;&nbsp;&nbsp;_dsub
<LI><a href="#[17e]">&gt;&gt;</a>&nbsp;&nbsp;&nbsp;_drsb
</UL>

<P><STRONG><a name="[17a]"></a>_dsub1</STRONG> (Thumb, 0 bytes, Stack size unknown bytes, daddsub_clz.o(x$fpl$dsub), UNUSED)
<BR><BR>[Called By]<UL><LI><a href="#[17e]">&gt;&gt;</a>&nbsp;&nbsp;&nbsp;_drsb
<LI><a href="#[179]">&gt;&gt;</a>&nbsp;&nbsp;&nbsp;_dadd
</UL>

<P><STRONG><a name="[18c]"></a>_fadd1</STRONG> (Thumb, 0 bytes, Stack size unknown bytes, faddsub_clz.o(x$fpl$fadd), UNUSED)
<BR><BR>[Called By]<UL><LI><a href="#[18b]">&gt;&gt;</a>&nbsp;&nbsp;&nbsp;_fsub
</UL>

<P><STRONG><a name="[184]"></a>_fsub1</STRONG> (Thumb, 0 bytes, Stack size unknown bytes, faddsub_clz.o(x$fpl$fsub), UNUSED)
<BR><BR>[Called By]<UL><LI><a href="#[183]">&gt;&gt;</a>&nbsp;&nbsp;&nbsp;_fadd
</UL>

<P><STRONG><a name="[8b]"></a>_fp_digits</STRONG> (Thumb, 432 bytes, Stack size 96 bytes, _printf_fp_dec.o(.text))
<BR><BR>[Stack]<UL><LI>Max Depth = 220<LI>Call Chain = _fp_digits &rArr; _btod_etento &rArr; _btod_emul &rArr; _e2e
</UL>
<BR>[Calls]<UL><LI><a href="#[8f]">&gt;&gt;</a>&nbsp;&nbsp;&nbsp;_btod_emul
<LI><a href="#[8e]">&gt;&gt;</a>&nbsp;&nbsp;&nbsp;_btod_ediv
<LI><a href="#[8d]">&gt;&gt;</a>&nbsp;&nbsp;&nbsp;_btod_d2e
<LI><a href="#[8c]">&gt;&gt;</a>&nbsp;&nbsp;&nbsp;_btod_etento
<LI><a href="#[90]">&gt;&gt;</a>&nbsp;&nbsp;&nbsp;_ll_udiv10
</UL>
<BR>[Called By]<UL><LI><a href="#[91]">&gt;&gt;</a>&nbsp;&nbsp;&nbsp;_printf_fp_dec_real
</UL>

<P><STRONG><a name="[5f]"></a>_printf_input_char</STRONG> (Thumb, 10 bytes, Stack size 0 bytes, _printf_char_common.o(.text))
<BR>[Address Reference Count : 1]<UL><LI> _printf_char_common.o(.text)
</UL><P>
<H3>
Undefined Global Symbols
</H3><HR></body></html>
