Component: ARM Compiler 5.06 update 7 (build 960) Tool: armlink [4d3601]

==============================================================================

Section Cross References

    startup_stm32f205xx.o(STACK) refers (Special) to heapauxi.o(.text) for __use_two_region_memory
    startup_stm32f205xx.o(HEAP) refers (Special) to heapauxi.o(.text) for __use_two_region_memory
    startup_stm32f205xx.o(RESET) refers (Special) to heapauxi.o(.text) for __use_two_region_memory
    startup_stm32f205xx.o(RESET) refers to startup_stm32f205xx.o(STACK) for __initial_sp
    startup_stm32f205xx.o(RESET) refers to startup_stm32f205xx.o(.text) for Reset_Handler
    startup_stm32f205xx.o(RESET) refers to stm32f2xx_it.o(i.NMI_Handler) for NMI_Handler
    startup_stm32f205xx.o(RESET) refers to stm32f2xx_it.o(i.HardFault_Handler) for HardFault_Handler
    startup_stm32f205xx.o(RESET) refers to stm32f2xx_it.o(i.MemManage_Handler) for MemManage_Handler
    startup_stm32f205xx.o(RESET) refers to stm32f2xx_it.o(i.BusFault_Handler) for BusFault_Handler
    startup_stm32f205xx.o(RESET) refers to stm32f2xx_it.o(i.UsageFault_Handler) for UsageFault_Handler
    startup_stm32f205xx.o(RESET) refers to stm32f2xx_it.o(i.SVC_Handler) for SVC_Handler
    startup_stm32f205xx.o(RESET) refers to stm32f2xx_it.o(i.DebugMon_Handler) for DebugMon_Handler
    startup_stm32f205xx.o(RESET) refers to stm32f2xx_it.o(i.PendSV_Handler) for PendSV_Handler
    startup_stm32f205xx.o(RESET) refers to stm32f2xx_it.o(i.SysTick_Handler) for SysTick_Handler
    startup_stm32f205xx.o(RESET) refers to bsp_usart.o(i.DMA1_Stream5_IRQHandler) for DMA1_Stream5_IRQHandler
    startup_stm32f205xx.o(RESET) refers to bsp_usart.o(i.DMA1_Stream6_IRQHandler) for DMA1_Stream6_IRQHandler
    startup_stm32f205xx.o(RESET) refers to stm32f2xx_it.o(i.USART1_IRQHandler) for USART1_IRQHandler
    startup_stm32f205xx.o(RESET) refers to bsp_usart.o(i.USART2_IRQHandler) for USART2_IRQHandler
    startup_stm32f205xx.o(RESET) refers to stm32f2xx_it.o(i.USART3_IRQHandler) for USART3_IRQHandler
    startup_stm32f205xx.o(RESET) refers to stm32f2xx_it.o(i.UART4_IRQHandler) for UART4_IRQHandler
    startup_stm32f205xx.o(RESET) refers to stm32f2xx_it.o(i.UART5_IRQHandler) for UART5_IRQHandler
    startup_stm32f205xx.o(RESET) refers to stm32f2xx_it.o(i.TIM6_DAC_IRQHandler) for TIM6_DAC_IRQHandler
    startup_stm32f205xx.o(RESET) refers to stm32f2xx_it.o(i.DMA2_Stream2_IRQHandler) for DMA2_Stream2_IRQHandler
    startup_stm32f205xx.o(RESET) refers to stm32f2xx_it.o(i.DMA2_Stream7_IRQHandler) for DMA2_Stream7_IRQHandler
    startup_stm32f205xx.o(.text) refers (Special) to heapauxi.o(.text) for __use_two_region_memory
    startup_stm32f205xx.o(.text) refers to system_stm32f2xx.o(i.SystemInit) for SystemInit
    startup_stm32f205xx.o(.text) refers to __main.o(!!!main) for __main
    startup_stm32f205xx.o(.text) refers to startup_stm32f205xx.o(HEAP) for Heap_Mem
    startup_stm32f205xx.o(.text) refers to startup_stm32f205xx.o(STACK) for Stack_Mem
    main.o(i.SystemClock_Config) refers to rt_memclr_w.o(.text) for __aeabi_memclr4
    main.o(i.SystemClock_Config) refers to stm32f2xx_hal_rcc.o(i.HAL_RCC_OscConfig) for HAL_RCC_OscConfig
    main.o(i.SystemClock_Config) refers to stm32f2xx_hal_rcc.o(i.HAL_RCC_ClockConfig) for HAL_RCC_ClockConfig
    main.o(i.SystemClock_Config) refers to stm32f2xx_hal_rcc_ex.o(i.HAL_RCCEx_PeriphCLKConfig) for HAL_RCCEx_PeriphCLKConfig
    main.o(i.main) refers to _printf_percent.o(.ARM.Collect$$_printf_percent$$00000000) for _printf_percent
    main.o(i.main) refers to _printf_s.o(.ARM.Collect$$_printf_percent$$00000014) for _printf_s
    main.o(i.main) refers to _printf_str.o(.text) for _printf_str
    main.o(i.main) refers to _printf_x.o(.ARM.Collect$$_printf_percent$$0000000C) for _printf_x
    main.o(i.main) refers to _printf_hex_int.o(.text) for _printf_longlong_hex
    main.o(i.main) refers to _printf_f.o(.ARM.Collect$$_printf_percent$$00000003) for _printf_f
    main.o(i.main) refers to printf1.o(x$fpl$printf1) for _printf_fp_dec
    main.o(i.main) refers to _printf_pad.o(.text) for _printf_pre_padding
    main.o(i.main) refers to stm32f2xx_hal.o(i.HAL_Init) for HAL_Init
    main.o(i.main) refers to main.o(i.SystemClock_Config) for SystemClock_Config
    main.o(i.main) refers to stm32f2xx_hal.o(i.HAL_Delay) for HAL_Delay
    main.o(i.main) refers to gpio.o(i.MX_GPIO_Init) for MX_GPIO_Init
    main.o(i.main) refers to dma.o(i.MX_DMA_Init) for MX_DMA_Init
    main.o(i.main) refers to adc.o(i.MX_ADC1_Init) for MX_ADC1_Init
    main.o(i.main) refers to rtc.o(i.MX_RTC_Init) for MX_RTC_Init
    main.o(i.main) refers to usart.o(i.MX_UART4_Init) for MX_UART4_Init
    main.o(i.main) refers to usart.o(i.MX_USART1_UART_Init) for MX_USART1_UART_Init
    main.o(i.main) refers to usart.o(i.MX_UART5_Init) for MX_UART5_Init
    main.o(i.main) refers to usart.o(i.MX_USART3_UART_Init) for MX_USART3_UART_Init
    main.o(i.main) refers to tim.o(i.MX_TIM4_Init) for MX_TIM4_Init
[...]
    DMA2_Stream0_IRQHandler                  0x08000267   Thumb Code     0  startup_stm32f205xx.o(.text)
    DMA2_Stream1_IRQHandler                  0x08000267   Thumb Code     0  startup_stm32f205xx.o(.text)
    DMA2_Stream3_IRQHandler                  0x08000267   Thumb Code     0  startup_stm32f205xx.o(.text)
    DMA2_Stream4_IRQHandler                  0x08000267   Thumb Code     0  startup_stm32f205xx.o(.text)
    DMA2_Stream5_IRQHandler                  0x08000267   Thumb Code     0  startup_stm32f205xx.o(.text)
    DMA2_Stream6_IRQHandler                  0x08000267   Thumb Code     0  startup_stm32f205xx.o(.text)
    EXTI0_IRQHandler                         0x08000267   Thumb Code     0  startup_stm32f205xx.o(.text)
    EXTI15_10_IRQHandler                     0x08000267   Thumb Code     0  startup_stm32f205xx.o(.text)
    EXTI1_IRQHandler                         0x08000267   Thumb Code     0  startup_stm32f205xx.o(.text)
    EXTI2_IRQHandler                         0x08000267   Thumb Code     0  startup_stm32f205xx.o(.text)
    EXTI3_IRQHandler                         0x08000267   Thumb Code     0  startup_stm32f205xx.o(.text)
    EXTI4_IRQHandler                         0x08000267   Thumb Code     0  startup_stm32f205xx.o(.text)
    EXTI9_5_IRQHandler                       0x08000267   Thumb Code     0  startup_stm32f205xx.o(.text)
    FLASH_IRQHandler                         0x08000267   Thumb Code     0  startup_stm32f205xx.o(.text)
    FSMC_IRQHandler                          0x08000267   Thumb Code     0  startup_stm32f205xx.o(.text)
    HASH_RNG_IRQHandler                      0x08000267   Thumb Code     0  startup_stm32f205xx.o(.text)
    I2C1_ER_IRQHandler                       0x08000267   Thumb Code     0  startup_stm32f205xx.o(.text)
    I2C1_EV_IRQHandler                       0x08000267   Thumb Code     0  startup_stm32f205xx.o(.text)
    I2C2_ER_IRQHandler                       0x08000267   Thumb Code     0  startup_stm32f205xx.o(.text)
    I2C2_EV_IRQHandler                       0x08000267   Thumb Code     0  startup_stm32f205xx.o(.text)
    I2C3_ER_IRQHandler                       0x08000267   Thumb Code     0  startup_stm32f205xx.o(.text)
    I2C3_EV_IRQHandler                       0x08000267   Thumb Code     0  startup_stm32f205xx.o(.text)
    OTG_FS_IRQHandler                        0x08000267   Thumb Code     0  startup_stm32f205xx.o(.text)
    OTG_FS_WKUP_IRQHandler                   0x08000267   Thumb Code     0  startup_stm32f205xx.o(.text)
    OTG_HS_EP1_IN_IRQHandler                 0x08000267   Thumb Code     0  startup_stm32f205xx.o(.text)
    OTG_HS_EP1_OUT_IRQHandler                0x08000267   Thumb Code     0  startup_stm32f205xx.o(.text)
    OTG_HS_IRQHandler                        0x08000267   Thumb Code     0  startup_stm32f205xx.o(.text)
    OTG_HS_WKUP_IRQHandler                   0x08000267   Thumb Code     0  startup_stm32f205xx.o(.text)
    PVD_IRQHandler                           0x08000267   Thumb Code     0  startup_stm32f205xx.o(.text)
    RCC_IRQHandler                           0x08000267   Thumb Code     0  startup_stm32f205xx.o(.text)
    RTC_Alarm_IRQHandler                     0x08000267   Thumb Code     0  startup_stm32f205xx.o(.text)
    RTC_WKUP_IRQHandler                      0x08000267   Thumb Code     0  startup_stm32f205xx.o(.text)
    SDIO_IRQHandler                          0x08000267   Thumb Code     0  startup_stm32f205xx.o(.text)
    SPI1_IRQHandler                          0x08000267   Thumb Code     0  startup_stm32f205xx.o(.text)
    SPI2_IRQHandler                          0x08000267   Thumb Code     0  startup_stm32f205xx.o(.text)
    SPI3_IRQHandler                          0x08000267   Thumb Code     0  startup_stm32f205xx.o(.text)
    TAMP_STAMP_IRQHandler                    0x08000267   Thumb Code     0  startup_stm32f205xx.o(.text)
    TIM1_BRK_TIM9_IRQHandler                 0x08000267   Thumb Code     0  startup_stm32f205xx.o(.text)
    TIM1_CC_IRQHandler                       0x08000267   Thumb Code     0  startup_stm32f205xx.o(.text)
    TIM1_TRG_COM_TIM11_IRQHandler            0x08000267   Thumb Code     0  startup_stm32f205xx.o(.text)
    TIM1_UP_TIM10_IRQHandler                 0x08000267   Thumb Code     0  startup_stm32f205xx.o(.text)
    TIM2_IRQHandler                          0x08000267   Thumb Code     0  startup_stm32f205xx.o(.text)
    TIM3_IRQHandler                          0x08000267   Thumb Code     0  startup_stm32f205xx.o(.text)
    TIM4_IRQHandler                          0x08000267   Thumb Code     0  startup_stm32f205xx.o(.text)
    TIM5_IRQHandler                          0x08000267   Thumb Code     0  startup_stm32f205xx.o(.text)
    TIM7_IRQHandler                          0x08000267   Thumb Code     0  startup_stm32f205xx.o(.text)
    TIM8_BRK_TIM12_IRQHandler                0x08000267   Thumb Code     0  startup_stm32f205xx.o(.text)
    TIM8_CC_IRQHandler                       0x08000267   Thumb Code     0  startup_stm32f205xx.o(.text)
    TIM8_TRG_COM_TIM14_IRQHandler            0x08000267   Thumb Code     0  startup_stm32f205xx.o(.text)
    TIM8_UP_TIM13_IRQHandler                 0x08000267   Thumb Code     0  startup_stm32f205xx.o(.text)
    USART6_IRQHandler                        0x08000267   Thumb Code     0  startup_stm32f205xx.o(.text)
    WWDG_IRQHandler                          0x08000267   Thumb Code     0  startup_stm32f205xx.o(.text)
    __user_initial_stackheap                 0x08000269   Thumb Code     0  startup_stm32f205xx.o(.text)
    __aeabi_uldivmod                         0x0800028d   Thumb Code     0  lludivv7m.o(.text)
    _ll_udiv                                 0x0800028d   Thumb Code   238  lludivv7m.o(.text)
    __2sprintf                               0x0800037d   Thumb Code    34  noretval__2sprintf.o(.text)
    _printf_pre_padding                      0x080003a5   Thumb Code    44  _printf_pad.o(.text)
    _printf_post_padding                     0x080003d1   Thumb Code    34  _printf_pad.o(.text)
    _printf_str                              0x080003f3   Thumb Code    82  _printf_str.o(.text)
    _printf_int_dec                          0x08000445   Thumb Code   104  _printf_dec.o(.text)
    _printf_int_hex                          0x080004bd   Thumb Code    84  _printf_hex_int.o(.text)
    _printf_longlong_hex                     0x080004bd   Thumb Code     0  _printf_hex_int.o(.text)
    __printf                                 0x08000515   Thumb Code   308  __printf_flags_wp.o(.text)
    strlen                                   0x0800064d   Thumb Code    62  strlen.o(.text)
    __aeabi_memcpy4                          0x0800068b   Thumb Code     0  rt_memcpy_w.o(.text)
    __aeabi_memcpy8                          0x0800068b   Thumb Code     0  rt_memcpy_w.o(.text)
    __rt_memcpy_w                            0x0800068b   Thumb Code   100  rt_memcpy_w.o(.text)
    _memcpy_lastbytes_aligned                0x080006d3   Thumb Code     0  rt_memcpy_w.o(.text)
    __aeabi_memclr4                          0x080006ef   Thumb Code     0  rt_memclr_w.o(.text)
    __aeabi_memclr8                          0x080006ef   Thumb Code     0  rt_memclr_w.o(.text)
    __rt_memclr_w                            0x080006ef   Thumb Code    78  rt_memclr_w.o(.text)
    _memset_w                                0x080006f3   Thumb Code     0  rt_memclr_w.o(.text)
    __use_two_region_memory                  0x0800073d   Thumb Code     2  heapauxi.o(.text)
    __rt_heap_escrow$2region                 0x0800073f   Thumb Code     2  heapauxi.o(.text)
    __rt_heap_expand$2region                 0x08000741   Thumb Code     2  heapauxi.o(.text)
    _printf_int_common                       0x08000743   Thumb Code   178  _printf_intcommon.o(.text)
    __lib_sel_fp_printf                      0x080007f5   Thumb Code     2  _printf_fp_dec.o(.text)
    _printf_fp_dec_real                      0x080009a7   Thumb Code   620  _printf_fp_dec.o(.text)
    _printf_char_common                      0x08000c1f   Thumb Code    32  _printf_char_common.o(.text)
    _sputc                                   0x08000c45   Thumb Code    10  _sputc.o(.text)
    _printf_cs_common                        0x08000c4f   Thumb Code    20  _printf_char.o(.text)
    _printf_char                             0x08000c63   Thumb Code    16  _printf_char.o(.text)
    _printf_string                           0x08000c73   Thumb Code     8  _printf_char.o(.text)
    __rt_locale                              0x08000c7d   Thumb Code     8  rt_locale_intlibspace.o(.text)
    _ll_udiv10                               0x08000c85   Thumb Code   138  lludiv10.o(.text)
    _printf_fp_infnan                        0x08000d11   Thumb Code   112  _printf_fp_infnan.o(.text)
    _btod_etento                             0x08000d91   Thumb Code   224  bigflt0.o(.text)
    __user_libspace                          0x08000e75   Thumb Code     8  libspace.o(.text)
    __user_perproc_libspace                  0x08000e75   Thumb Code     0  libspace.o(.text)
    __user_perthread_libspace                0x08000e75   Thumb Code     0  libspace.o(.text)
    __user_setup_stackheap                   0x08000e7d   Thumb Code    74  sys_stackheap_outer.o(.text)
    exit                                     0x08000ec7   Thumb Code    18  exit.o(.text)
    strcmp                                   0x08000ed9   Thumb Code   128  strcmpv7m.o(.text)
    _sys_exit                                0x08000f59   Thumb Code     8  sys_exit.o(.text)
    __I$use$semihosting                      0x08000f65   Thumb Code     0  use_no_semi.o(.text)
    __use_no_semihosting_swi                 0x08000f65   Thumb Code     2  use_no_semi.o(.text)
    __semihosting_library_function           0x08000f67   Thumb Code     0  indicate_semi.o(.text)
    _btod_d2e                                0x08000f67   Thumb Code    62  btod.o(CL$$btod_d2e)
    _d2e_denorm_low                          0x08000fa5   Thumb Code    70  btod.o(CL$$btod_d2e_denorm_low)
    _d2e_norm_op1                            0x08000feb   Thumb Code    96  btod.o(CL$$btod_d2e_norm_op1)
    __btod_div_common                        0x0800104b   Thumb Code   696  btod.o(CL$$btod_div_common)
    _e2e                                     0x08001383   Thumb Code   220  btod.o(CL$$btod_e2e)
    _btod_ediv                               0x0800145f   Thumb Code    42  btod.o(CL$$btod_ediv)
    _btod_emul                               0x08001489   Thumb Code    42  btod.o(CL$$btod_emul)
    __btod_mult_common                       0x080014b3   Thumb Code   580  btod.o(CL$$btod_mult_common)
    ADCFilter                                0x080016f9   Thumb Code   146  adc.o(i.ADCFilter)
    AdcConvert                               0x080018d1   Thumb Code   130  adc.o(i.AdcConvert)
    AdcFilterValue                           0x08001969   Thumb Code    48  adc.o(i.AdcFilterValue)
    AddHistorySampleDateFloat                0x08001999   Thumb Code    96  usart.o(i.AddHistorySampleDateFloat)
    AddHistorySampleDateFloatTwice           0x080019f9   Thumb Code   124  usart.o(i.AddHistorySampleDateFloatTwice)
    BIN2BCD                                  0x08001a75   Thumb Code    22  usart.o(i.BIN2BCD)
    BatteryDealt                             0x08001a8d   Thumb Code    60  usart.o(i.BatteryDealt)
    BatteryUpDate                            0x08001ad1   Thumb Code   178  usart.o(i.BatteryUpDate)
    BubbleTimer                              0x08001b8d   Thumb Code   112  usart.o(i.BubbleTimer)
    BusFault_Handler                         0x08001c0d   Thumb Code     2  stm32f2xx_it.o(i.BusFault_Handler)
    ChangeCurveRange                         0x08001c0f   Thumb Code   120  usart.o(i.ChangeCurveRange)
    ChangeIconFrame                          0x08001c87   Thumb Code    80  usart.o(i.ChangeIconFrame)
    ChangePSWTxt                             0x08001cd9   Thumb Code   110  usart.o(i.ChangePSWTxt)
    ChangeScreen                             0x08001d51   Thumb Code    62  usart.o(i.ChangeScreen)
    ChangeSelectorIndex                      0x08001d8f   Thumb Code    76  usart.o(i.ChangeSelectorIndex)
    ChangeSetSpeed                           0x08001ddd   Thumb Code    44  usart.o(i.ChangeSetSpeed)
    ChangeSetTemp                            0x08001e0d   Thumb Code    56  usart.o(i.ChangeSetTemp)
    ChangeTxtValue                           0x08001e51   Thumb Code   164  usart.o(i.ChangeTxtValue)
    ClearTxtContent                          0x08001f09   Thumb Code    72  usart.o(i.ClearTxtContent)
    DMA1_Stream5_IRQHandler                  0x08001f51   Thumb Code   648  bsp_usart.o(i.DMA1_Stream5_IRQHandler)
    DMA1_Stream6_IRQHandler                  0x080021f1   Thumb Code     8  bsp_usart.o(i.DMA1_Stream6_IRQHandler)
    DMA2_Stream2_IRQHandler                  0x080021fd   Thumb Code     6  stm32f2xx_it.o(i.DMA2_Stream2_IRQHandler)
    DMA2_Stream7_IRQHandler                  0x08002209   Thumb Code     6  stm32f2xx_it.o(i.DMA2_Stream7_IRQHandler)
    DebugMon_Handler                         0x080022b9   Thumb Code     2  stm32f2xx_it.o(i.DebugMon_Handler)
    Error_Handler                            0x080022bb   Thumb Code     4  main.o(i.Error_Handler)
    FLowGetData                              0x080022c1   Thumb Code    20  usart.o(i.FLowGetData)
    FlowDealt                                0x080022d9   Thumb Code   256  usart.o(i.FlowDealt)
    FlowGetMeasure                           0x08002439   Thumb Code    92  usart.o(i.FlowGetMeasure)
    FlowSetBuble                             0x080024a5   Thumb Code   120  usart.o(i.FlowSetBuble)
    GetRTCFromHMI                            0x08002529   Thumb Code    46  usart.o(i.GetRTCFromHMI)
    GpioChk                                  0x08002559   Thumb Code   234  gpio.o(i.GpioChk)
    HAL_ADC_ConfigChannel                    0x0800265d   Thumb Code   322  stm32f2xx_hal_adc.o(i.HAL_ADC_ConfigChannel)
    HAL_ADC_GetValue                         0x080027ad   Thumb Code     6  stm32f2xx_hal_adc.o(i.HAL_ADC_GetValue)
    HAL_ADC_Init                             0x080027b3   Thumb Code    84  stm32f2xx_hal_adc.o(i.HAL_ADC_Init)
    HAL_ADC_MspInit                          0x08002809   Thumb Code   116  adc.o(i.HAL_ADC_MspInit)
    HAL_ADC_Start                            0x0800288d   Thumb Code   188  stm32f2xx_hal_adc.o(i.HAL_ADC_Start)
    HAL_ADC_Stop                             0x08002955   Thumb Code    60  stm32f2xx_hal_adc.o(i.HAL_ADC_Stop)
    HAL_DMA_Abort                            0x08002991   Thumb Code   146  stm32f2xx_hal_dma.o(i.HAL_DMA_Abort)
    HAL_DMA_Abort_IT                         0x08002a23   Thumb Code    36  stm32f2xx_hal_dma.o(i.HAL_DMA_Abort_IT)
    HAL_DMA_DeInit                           0x08002a47   Thumb Code    98  stm32f2xx_hal_dma.o(i.HAL_DMA_DeInit)
    HAL_DMA_IRQHandler                       0x08002aa9   Thumb Code   412  stm32f2xx_hal_dma.o(i.HAL_DMA_IRQHandler)
    HAL_DMA_Init                             0x08002c49   Thumb Code   206  stm32f2xx_hal_dma.o(i.HAL_DMA_Init)
    HAL_DMA_Start_IT                         0x08002d1d   Thumb Code   110  stm32f2xx_hal_dma.o(i.HAL_DMA_Start_IT)
    HAL_Delay                                0x08002d8d   Thumb Code    32  stm32f2xx_hal.o(i.HAL_Delay)
    HAL_GPIO_DeInit                          0x08002db1   Thumb Code   342  stm32f2xx_hal_gpio.o(i.HAL_GPIO_DeInit)
    HAL_GPIO_Init                            0x08002f35   Thumb Code   598  stm32f2xx_hal_gpio.o(i.HAL_GPIO_Init)
    HAL_GPIO_ReadPin                         0x080031bd   Thumb Code    10  stm32f2xx_hal_gpio.o(i.HAL_GPIO_ReadPin)
    HAL_GPIO_TogglePin                       0x080031c7   Thumb Code    16  stm32f2xx_hal_gpio.o(i.HAL_GPIO_TogglePin)
    HAL_GPIO_WritePin                        0x080031d7   Thumb Code    10  stm32f2xx_hal_gpio.o(i.HAL_GPIO_WritePin)
    HAL_GetTick                              0x080031e1   Thumb Code     6  stm32f2xx_hal.o(i.HAL_GetTick)
    HAL_IncTick                              0x080031ed   Thumb Code    12  stm32f2xx_hal.o(i.HAL_IncTick)
    HAL_Init                                 0x080031fd   Thumb Code    48  stm32f2xx_hal.o(i.HAL_Init)
    HAL_InitTick                             0x08003231   Thumb Code    54  stm32f2xx_hal.o(i.HAL_InitTick)
    HAL_MspInit                              0x08003271   Thumb Code    42  stm32f2xx_hal_msp.o(i.HAL_MspInit)
    HAL_NVIC_DisableIRQ                      0x080032a1   Thumb Code    34  stm32f2xx_hal_cortex.o(i.HAL_NVIC_DisableIRQ)
    HAL_NVIC_EnableIRQ                       0x080032c3   Thumb Code    26  stm32f2xx_hal_cortex.o(i.HAL_NVIC_EnableIRQ)
    HAL_NVIC_SetPriority                     0x080032dd   Thumb Code    60  stm32f2xx_hal_cortex.o(i.HAL_NVIC_SetPriority)
    HAL_NVIC_SetPriorityGrouping             0x0800331d   Thumb Code    26  stm32f2xx_hal_cortex.o(i.HAL_NVIC_SetPriorityGrouping)
    HAL_RCCEx_PeriphCLKConfig                0x08003341   Thumb Code   320  stm32f2xx_hal_rcc_ex.o(i.HAL_RCCEx_PeriphCLKConfig)
    HAL_RCC_ClockConfig                      0x08003495   Thumb Code   296  stm32f2xx_hal_rcc.o(i.HAL_RCC_ClockConfig)
    HAL_RCC_GetPCLK1Freq                     0x080035d1   Thumb Code    34  stm32f2xx_hal_rcc.o(i.HAL_RCC_GetPCLK1Freq)
    HAL_RCC_GetPCLK2Freq                     0x08003601   Thumb Code    34  stm32f2xx_hal_rcc.o(i.HAL_RCC_GetPCLK2Freq)
    HAL_RCC_GetSysClockFreq                  0x08003631   Thumb Code    88  stm32f2xx_hal_rcc.o(i.HAL_RCC_GetSysClockFreq)
    HAL_RCC_OscConfig                        0x08003691   Thumb Code   818  stm32f2xx_hal_rcc.o(i.HAL_RCC_OscConfig)
    HAL_RTC_GetDate                          0x080039dd   Thumb Code    62  stm32f2xx_hal_rtc.o(i.HAL_RTC_GetDate)
    HAL_RTC_GetTime                          0x08003a21   Thumb Code    62  stm32f2xx_hal_rtc.o(i.HAL_RTC_GetTime)
    HAL_RTC_Init                             0x08003a65   Thumb Code   150  stm32f2xx_hal_rtc.o(i.HAL_RTC_Init)
    HAL_RTC_MspInit                          0x08003b01   Thumb Code    16  rtc.o(i.HAL_RTC_MspInit)
    HAL_RTC_SetDate                          0x08003b19   Thumb Code   146  stm32f2xx_hal_rtc.o(i.HAL_RTC_SetDate)
    HAL_RTC_SetTime                          0x08003bb1   Thumb Code   186  stm32f2xx_hal_rtc.o(i.HAL_RTC_SetTime)
    HAL_RTC_WaitForSynchro                   0x08003c71   Thumb Code    50  stm32f2xx_hal_rtc.o(i.HAL_RTC_WaitForSynchro)
    HAL_SPI_Init                             0x08003ca3   Thumb Code   188  stm32f2xx_hal_spi.o(i.HAL_SPI_Init)
    HAL_SPI_MspInit                          0x08003d61   Thumb Code    94  spi.o(i.HAL_SPI_MspInit)
    HAL_SPI_TransmitReceive                  0x08003dcd   Thumb Code   494  stm32f2xx_hal_spi.o(i.HAL_SPI_TransmitReceive)
    HAL_SYSTICK_Config                       0x08003fbb   Thumb Code    40  stm32f2xx_hal_cortex.o(i.HAL_SYSTICK_Config)
    HAL_TIMEx_BreakCallback                  0x08003fe3   Thumb Code     2  stm32f2xx_hal_tim_ex.o(i.HAL_TIMEx_BreakCallback)
    HAL_TIMEx_CommutCallback                 0x08003fe5   Thumb Code     2  stm32f2xx_hal_tim_ex.o(i.HAL_TIMEx_CommutCallback)
    HAL_TIMEx_MasterConfigSynchronization    0x08003fe9   Thumb Code   116  stm32f2xx_hal_tim_ex.o(i.HAL_TIMEx_MasterConfigSynchronization)
    HAL_TIM_Base_Init                        0x08004079   Thumb Code    90  stm32f2xx_hal_tim.o(i.HAL_TIM_Base_Init)
    HAL_TIM_Base_MspInit                     0x080040d5   Thumb Code    72  tim.o(i.HAL_TIM_Base_MspInit)
    HAL_TIM_Base_Start                       0x08004129   Thumb Code    90  stm32f2xx_hal_tim.o(i.HAL_TIM_Base_Start)
    HAL_TIM_Base_Start_IT                    0x080041a1   Thumb Code   100  stm32f2xx_hal_tim.o(i.HAL_TIM_Base_Start_IT)
    HAL_TIM_Base_Stop                        0x08004221   Thumb Code    38  stm32f2xx_hal_tim.o(i.HAL_TIM_Base_Stop)
    HAL_TIM_IC_CaptureCallback               0x08004247   Thumb Code     2  stm32f2xx_hal_tim.o(i.HAL_TIM_IC_CaptureCallback)
    HAL_TIM_IRQHandler                       0x08004249   Thumb Code   358  stm32f2xx_hal_tim.o(i.HAL_TIM_IRQHandler)
    HAL_TIM_MspPostInit                      0x080043b1   Thumb Code    68  tim.o(i.HAL_TIM_MspPostInit)
    HAL_TIM_OC_DelayElapsedCallback          0x08004401   Thumb Code     2  stm32f2xx_hal_tim.o(i.HAL_TIM_OC_DelayElapsedCallback)
    HAL_TIM_PWM_ConfigChannel                0x08004403   Thumb Code   204  stm32f2xx_hal_tim.o(i.HAL_TIM_PWM_ConfigChannel)
    HAL_TIM_PWM_Init                         0x080044cf   Thumb Code    90  stm32f2xx_hal_tim.o(i.HAL_TIM_PWM_Init)
    HAL_TIM_PWM_MspInit                      0x08004529   Thumb Code    30  tim.o(i.HAL_TIM_PWM_MspInit)
    HAL_TIM_PWM_PulseFinishedCallback        0x08004551   Thumb Code     2  stm32f2xx_hal_tim.o(i.HAL_TIM_PWM_PulseFinishedCallback)
    HAL_TIM_PWM_Start                        0x08004555   Thumb Code   172  stm32f2xx_hal_tim.o(i.HAL_TIM_PWM_Start)
    HAL_TIM_PWM_Stop                         0x0800461d   Thumb Code   114  stm32f2xx_hal_tim.o(i.HAL_TIM_PWM_Stop)
    HAL_TIM_PeriodElapsedCallback            0x08004699   Thumb Code    68  usart.o(i.HAL_TIM_PeriodElapsedCallback)
    HAL_TIM_TriggerCallback                  0x080046ed   Thumb Code     2  stm32f2xx_hal_tim.o(i.HAL_TIM_TriggerCallback)
    HAL_UARTEx_ReceiveToIdle_DMA             0x080046ef   Thumb Code    78  stm32f2xx_hal_uart.o(i.HAL_UARTEx_ReceiveToIdle_DMA)
    HAL_UARTEx_ReceiveToIdle_IT              0x0800473d   Thumb Code    78  stm32f2xx_hal_uart.o(i.HAL_UARTEx_ReceiveToIdle_IT)
    HAL_UARTEx_RxEventCallback               0x0800478d   Thumb Code   168  usart.o(i.HAL_UARTEx_RxEventCallback)
    HAL_UART_DMAStop                         0x08004855   Thumb Code   112  stm32f2xx_hal_uart.o(i.HAL_UART_DMAStop)
    HAL_UART_DeInit                          0x080048c5   Thumb Code    54  stm32f2xx_hal_uart.o(i.HAL_UART_DeInit)
    HAL_UART_ErrorCallback                   0x080048fd   Thumb Code    24  usart.o(i.HAL_UART_ErrorCallback)
    HAL_UART_IRQHandler                      0x0800491d   Thumb Code   618  stm32f2xx_hal_uart.o(i.HAL_UART_IRQHandler)
    HAL_UART_Init                            0x08004b8d   Thumb Code   100  stm32f2xx_hal_uart.o(i.HAL_UART_Init)
    HAL_UART_MspDeInit                       0x08004bf1   Thumb Code   150  usart.o(i.HAL_UART_MspDeInit)
    HAL_UART_MspInit                         0x08004cad   Thumb Code   474  usart.o(i.HAL_UART_MspInit)
    HAL_UART_Receive_DMA                     0x08004eb5   Thumb Code    28  stm32f2xx_hal_uart.o(i.HAL_UART_Receive_DMA)
    HAL_UART_RxCpltCallback                  0x08004ed1   Thumb Code     2  stm32f2xx_hal_uart.o(i.HAL_UART_RxCpltCallback)
    HAL_UART_RxHalfCpltCallback              0x08004ed3   Thumb Code     2  stm32f2xx_hal_uart.o(i.HAL_UART_RxHalfCpltCallback)
    HAL_UART_Transmit_DMA                    0x08004ed5   Thumb Code   106  stm32f2xx_hal_uart.o(i.HAL_UART_Transmit_DMA)
    HAL_UART_Transmit_IT                     0x08004f4d   Thumb Code    50  stm32f2xx_hal_uart.o(i.HAL_UART_Transmit_IT)
    HAL_UART_TxCpltCallback                  0x08004f81   Thumb Code    62  usart.o(i.HAL_UART_TxCpltCallback)
    HAL_UART_TxHalfCpltCallback              0x08004fd9   Thumb Code     2  stm32f2xx_hal_uart.o(i.HAL_UART_TxHalfCpltCallback)
    HardFault_Handler                        0x08004fdb   Thumb Code     2  stm32f2xx_it.o(i.HardFault_Handler)
    HmiAdjustDected                          0x08004fdd   Thumb Code    90  usart.o(i.HmiAdjustDected)
    HmiCmdDealt                              0x08005045   Thumb Code   876  usart.o(i.HmiCmdDealt)
    HmiWorkTimerRefresh                      0x080053d5   Thumb Code   266  usart.o(i.HmiWorkTimerRefresh)
    IBPChkSum                                0x080054e5   Thumb Code    30  usart.o(i.IBPChkSum)
    IBPCmdSend                               0x08005505   Thumb Code   314  usart.o(i.IBPCmdSend)
    IBPDataAnalysis                          0x0800564d   Thumb Code   596  usart.o(i.IBPDataAnalysis)
    MX_ADC1_Init                             0x08005945   Thumb Code   174  adc.o(i.MX_ADC1_Init)
    MX_DMA_Init                              0x08005a05   Thumb Code    56  dma.o(i.MX_DMA_Init)
    MX_GPIO_Init                             0x08005a41   Thumb Code   232  gpio.o(i.MX_GPIO_Init)
    MX_IWDG_Init                             0x08005b39   Thumb Code     2  iwdg.o(i.MX_IWDG_Init)
    MX_RTC_Init                              0x08005b3d   Thumb Code    44  rtc.o(i.MX_RTC_Init)
    MX_SPI2_Init                             0x08005b71   Thumb Code    64  spi.o(i.MX_SPI2_Init)
    MX_TIM4_Init                             0x08005bb9   Thumb Code   104  tim.o(i.MX_TIM4_Init)
    MX_TIM6_Init                             0x08005c29   Thumb Code    66  tim.o(i.MX_TIM6_Init)
    MX_TIM7_Init                             0x08005c75   Thumb Code    62  tim.o(i.MX_TIM7_Init)
    MX_UART4_Init                            0x08005cbd   Thumb Code    48  usart.o(i.MX_UART4_Init)
    MX_UART5_Init                            0x08005cf5   Thumb Code    48  usart.o(i.MX_UART5_Init)
    MX_USART1_UART_Init                      0x08005d2d   Thumb Code    90  usart.o(i.MX_USART1_UART_Init)
    MX_USART3_UART_Init                      0x08005d99   Thumb Code    74  usart.o(i.MX_USART3_UART_Init)
    MakeCrcFlow                              0x08005df9   Thumb Code    50  usart.o(i.MakeCrcFlow)
    MakeCrcModbus                            0x08005e2d   Thumb Code    54  usart.o(i.MakeCrcModbus)
    MemManage_Handler                        0x08005e63   Thumb Code     2  stm32f2xx_it.o(i.MemManage_Handler)
    NMI_Handler                              0x08005e65   Thumb Code     2  stm32f2xx_it.o(i.NMI_Handler)
    PendSV_Handler                           0x08005e67   Thumb Code     2  stm32f2xx_it.o(i.PendSV_Handler)
    RGBLedDealt                              0x08005e69   Thumb Code   120  gpio.o(i.RGBLedDealt)
    RTCSetDateAndTime                        0x08005eed   Thumb Code    32  rtc.o(i.RTCSetDateAndTime)
    RTCSetTime                               0x08005f15   Thumb Code    18  rtc.o(i.RTCSetTime)
    RTC_Bcd2ToByte                           0x08005f2d   Thumb Code    18  stm32f2xx_hal_rtc.o(i.RTC_Bcd2ToByte)
    RTC_ByteToBcd2                           0x08005f3f   Thumb Code    22  stm32f2xx_hal_rtc.o(i.RTC_ByteToBcd2)
    RTC_EnterInitMode                        0x08005f55   Thumb Code    72  stm32f2xx_hal_rtc.o(i.RTC_EnterInitMode)
    RTC_ExitInitMode                         0x08005f9d   Thumb Code    34  stm32f2xx_hal_rtc.o(i.RTC_ExitInitMode)
    RtcGetDateTime                           0x08005fc1   Thumb Code    28  rtc.o(i.RtcGetDateTime)
    RtcSetDate                               0x08005fe5   Thumb Code    18  rtc.o(i.RtcSetDate)
    SVC_Handler                              0x080060d5   Thumb Code     2  stm32f2xx_it.o(i.SVC_Handler)
    SetCtrlVisable                           0x080060d7   Thumb Code    76  usart.o(i.SetCtrlVisable)
    SetRTCToHmi                              0x08006125   Thumb Code   118  usart.o(i.SetRTCToHmi)
    SetScreenCurveRange                      0x080061a1   Thumb Code    88  usart.o(i.SetScreenCurveRange)
    SpiFlashEraseSector                      0x08006201   Thumb Code    58  spi.o(i.SpiFlashEraseSector)
    SpiFlashRead                             0x08006241   Thumb Code    74  spi.o(i.SpiFlashRead)
    SpiFlashReadID                           0x08006291   Thumb Code   104  spi.o(i.SpiFlashReadID)
    SpiFlashReadOffset                       0x080062fd   Thumb Code    38  spi.o(i.SpiFlashReadOffset)
    SpiFlashReadSR                           0x0800632d   Thumb Code    68  spi.o(i.SpiFlashReadSR)
    SpiFlashSetOffset                        0x08006395   Thumb Code    52  spi.o(i.SpiFlashSetOffset)
    SpiFlashWrite                            0x080063dd   Thumb Code    86  spi.o(i.SpiFlashWrite)
    SpiFlashWriteEnable                      0x08006439   Thumb Code    38  spi.o(i.SpiFlashWriteEnable)
    SpiReadWriteByte                         0x08006465   Thumb Code    28  spi.o(i.SpiReadWriteByte)
    SysTick_Handler                          0x08006485   Thumb Code   138  stm32f2xx_it.o(i.SysTick_Handler)
    SystemClock_Config                       0x08006515   Thumb Code   134  main.o(i.SystemClock_Config)
    SystemInit                               0x0800659b   Thumb Code     2  system_stm32f2xx.o(i.SystemInit)
    TIM6_DAC_IRQHandler                      0x0800659d   Thumb Code     6  stm32f2xx_it.o(i.TIM6_DAC_IRQHandler)
    TIM_Base_SetConfig                       0x080065a9   Thumb Code   156  stm32f2xx_hal_tim.o(i.TIM_Base_SetConfig)
    TIM_CCxChannelCmd                        0x08006671   Thumb Code    26  stm32f2xx_hal_tim.o(i.TIM_CCxChannelCmd)
    TIM_OC2_SetConfig                        0x080066ed   Thumb Code    98  stm32f2xx_hal_tim.o(i.TIM_OC2_SetConfig)
    UART4_IRQHandler                         0x08006811   Thumb Code     6  stm32f2xx_it.o(i.UART4_IRQHandler)
    UART5_IRQHandler                         0x0800681d   Thumb Code     6  stm32f2xx_it.o(i.UART5_IRQHandler)
    UART_Start_Receive_DMA                   0x08006bc5   Thumb Code   130  stm32f2xx_hal_uart.o(i.UART_Start_Receive_DMA)
    UART_Start_Receive_IT                    0x08006c55   Thumb Code    54  stm32f2xx_hal_uart.o(i.UART_Start_Receive_IT)
    USART1_IRQHandler                        0x08006c8d   Thumb Code     6  stm32f2xx_it.o(i.USART1_IRQHandler)
    USART2_IRQHandler                        0x08006c99   Thumb Code   108  bsp_usart.o(i.USART2_IRQHandler)
    USART3_IRQHandler                        0x08006d15   Thumb Code     6  stm32f2xx_it.o(i.USART3_IRQHandler)
    UsageFault_Handler                       0x08006d21   Thumb Code     2  stm32f2xx_it.o(i.UsageFault_Handler)
    UsartSendData                            0x08006d25   Thumb Code   148  usart.o(i.UsartSendData)
    UsartSetTxBuf                            0x08006dcd   Thumb Code   122  usart.o(i.UsartSetTxBuf)
    __ARM_fpclassify                         0x08006e51   Thumb Code    40  fpclassify.o(i.__ARM_fpclassify)
    _is_digit                                0x08006e99   Thumb Code    14  __printf_wp.o(i._is_digit)
    crc_get_crc16                            0x08006ea9   Thumb Code    78  crc_check.o(i.crc_get_crc16)
    main                                     0x08006f01   Thumb Code   882  main.o(i.main)
    motor_comm_send                          0x0800746d   Thumb Code    74  motor.o(i.motor_comm_send)
    motor_en_ctrl                            0x080074bd   Thumb Code    74  motor.o(i.motor_en_ctrl)
    motor_init                               0x08007511   Thumb Code    36  motor.o(i.motor_init)
    motor_read_state                         0x08007539   Thumb Code    50  motor.o(i.motor_read_state)
    motor_run                                0x0800756d   Thumb Code    94  motor.o(i.motor_run)
    motor_speed_ctrl                         0x080075d5   Thumb Code    88  motor.o(i.motor_speed_ctrl)
    queue_clear                              0x08007639   Thumb Code    12  data_queue.o(i.queue_clear)
    queue_delete                             0x08007645   Thumb Code    42  data_queue.o(i.queue_delete)
    queue_delete_single                      0x0800766f   Thumb Code    34  data_queue.o(i.queue_delete_single)
    queue_init                               0x08007691   Thumb Code    32  data_queue.o(i.queue_init)
    queue_input_u8                           0x080076b1   Thumb Code    66  data_queue.o(i.queue_input_u8)
    queue_input_u8_single                    0x080076f3   Thumb Code    44  data_queue.o(i.queue_input_u8_single)
    queue_is_empty                           0x0800771f   Thumb Code    16  data_queue.o(i.queue_is_empty)
    queue_is_full                            0x0800772f   Thumb Code    28  data_queue.o(i.queue_is_full)
    queue_length                             0x0800774b   Thumb Code    22  data_queue.o(i.queue_length)
    queue_output_u8                          0x08007761   Thumb Code    58  data_queue.o(i.queue_output_u8)
    queue_output_u8_single                   0x0800779b   Thumb Code    50  data_queue.o(i.queue_output_u8_single)
    queue_read_u8                            0x080077cd   Thumb Code    58  data_queue.o(i.queue_read_u8)
    uart2_init                               0x08007809   Thumb Code   342  bsp_usart.o(i.uart2_init)
    uart2_receive                            0x08007979   Thumb Code    10  motor.o(i.uart2_receive)
    uart2_send                               0x08007989   Thumb Code    80  bsp_usart.o(i.uart2_send)
    _get_lc_numeric                          0x080079e5   Thumb Code    44  lc_numeric_c.o(locale$$code)
    __aeabi_d2f                              0x08007a11   Thumb Code     0  d2f.o(x$fpl$d2f)
    _d2f                                     0x08007a11   Thumb Code    98  d2f.o(x$fpl$d2f)
    __aeabi_dadd                             0x08007a75   Thumb Code     0  daddsub_clz.o(x$fpl$dadd)
    _dadd                                    0x08007a75   Thumb Code   332  daddsub_clz.o(x$fpl$dadd)
    __aeabi_ddiv                             0x08007bc5   Thumb Code     0  ddiv.o(x$fpl$ddiv)
    _ddiv                                    0x08007bc5   Thumb Code   552  ddiv.o(x$fpl$ddiv)
    __aeabi_ui2d                             0x08007e75   Thumb Code     0  dflt_clz.o(x$fpl$dfltu)
    _dfltu                                   0x08007e75   Thumb Code    38  dflt_clz.o(x$fpl$dfltu)
    __aeabi_dmul                             0x08007e9d   Thumb Code     0  dmul.o(x$fpl$dmul)
    _dmul                                    0x08007e9d   Thumb Code   332  dmul.o(x$fpl$dmul)
    __fpl_dnaninf                            0x08007ff1   Thumb Code   156  dnaninf.o(x$fpl$dnaninf)
    __fpl_dretinf                            0x0800808d   Thumb Code    12  dretinf.o(x$fpl$dretinf)
    __aeabi_drsub                            0x08008099   Thumb Code     0  daddsub_clz.o(x$fpl$drsb)
    _drsb                                    0x08008099   Thumb Code    22  daddsub_clz.o(x$fpl$drsb)
    __aeabi_dsub                             0x080080b1   Thumb Code     0  daddsub_clz.o(x$fpl$dsub)
    _dsub                                    0x080080b1   Thumb Code   464  daddsub_clz.o(x$fpl$dsub)
    __aeabi_f2d                              0x08008285   Thumb Code     0  f2d.o(x$fpl$f2d)
    _f2d                                     0x08008285   Thumb Code    86  f2d.o(x$fpl$f2d)
    __aeabi_fadd                             0x080082dd   Thumb Code     0  faddsub_clz.o(x$fpl$fadd)
    _fadd                                    0x080082dd   Thumb Code   196  faddsub_clz.o(x$fpl$fadd)
    __fpl_fcmp_Inf                           0x080083a1   Thumb Code    24  fcmpi.o(x$fpl$fcmpinf)
    __aeabi_fdiv                             0x080083b9   Thumb Code     0  fdiv.o(x$fpl$fdiv)
    _fdiv                                    0x080083b9   Thumb Code   384  fdiv.o(x$fpl$fdiv)
    __aeabi_cfcmpeq                          0x0800853d   Thumb Code     0  feqf.o(x$fpl$feqf)
    _fcmpeq                                  0x0800853d   Thumb Code   104  feqf.o(x$fpl$feqf)
    __aeabi_f2iz                             0x080085a5   Thumb Code     0  ffix.o(x$fpl$ffix)
    _ffix                                    0x080085a5   Thumb Code    54  ffix.o(x$fpl$ffix)
    __aeabi_f2uiz                            0x080085dd   Thumb Code     0  ffixu.o(x$fpl$ffixu)
    _ffixu                                   0x080085dd   Thumb Code    62  ffixu.o(x$fpl$ffixu)
    __aeabi_i2f                              0x0800861d   Thumb Code     0  fflt_clz.o(x$fpl$fflt)
    _fflt                                    0x0800861d   Thumb Code    48  fflt_clz.o(x$fpl$fflt)
    __aeabi_ui2f                             0x0800864d   Thumb Code     0  fflt_clz.o(x$fpl$ffltu)
    _ffltu                                   0x0800864d   Thumb Code    38  fflt_clz.o(x$fpl$ffltu)
    __aeabi_fmul                             0x08008675   Thumb Code     0  fmul.o(x$fpl$fmul)
    _fmul                                    0x08008675   Thumb Code   258  fmul.o(x$fpl$fmul)
    __fpl_fnaninf                            0x08008777   Thumb Code   140  fnaninf.o(x$fpl$fnaninf)
    __fpl_fretinf                            0x08008803   Thumb Code    10  fretinf.o(x$fpl$fretinf)
    __aeabi_fsub                             0x0800880d   Thumb Code     0  faddsub_clz.o(x$fpl$fsub)
    _fsub                                    0x0800880d   Thumb Code   234  faddsub_clz.o(x$fpl$fsub)
    _printf_fp_dec                           0x080088f7   Thumb Code     4  printf1.o(x$fpl$printf1)
    __I$use$fp                               0x080088fa   Number         0  usenofp.o(x$fpl$usenofp)
    AHBPrescTable                            0x0800891c   Data          16  system_stm32f2xx.o(.constdata)
    APBPrescTable                            0x0800892c   Data           8  system_stm32f2xx.o(.constdata)
    Region$$Table$$Base                      0x08008e04   Number         0  anon$$obj.o(Region$$Table)
    Region$$Table$$Limit                     0x08008e24   Number         0  anon$$obj.o(Region$$Table)
    em1Status                                0x20000000   Data           1  gpio.o(.data)
    em0Status                                0x20000001   Data           1  gpio.o(.data)
    rgbLed                                   0x20000002   Data           1  gpio.o(.data)
    offsetPre1                               0x2000000c   Data           4  spi.o(.data)
    offsetPre2                               0x20000010   Data           4  spi.o(.data)
    setFlag                                  0x2000001a   Data           1  usart.o(.data)
    pswInput                                 0x2000002c   Data           4  usart.o(.data)
    sysTimeFlag                              0x20000050   Data           8  stm32f2xx_it.o(.data)
    uwTickFreq                               0x20000058   Data           1  stm32f2xx_hal.o(.data)
    uwTickPrio                               0x2000005c   Data           4  stm32f2xx_hal.o(.data)
    uwTick                                   0x20000060   Data           4  stm32f2xx_hal.o(.data)
    SystemCoreClock                          0x20000064   Data           4  system_stm32f2xx.o(.data)
    temp                                     0x20000070   Data          16  main.o(.bss)
    sysAdcValue                              0x20000098   Data          12  adc.o(.bss)
    hadc1                                    0x200003d4   Data          72  adc.o(.bss)
    valueAfter                               0x2000041c   Data          12  adc.o(.bss)
    hrtc                                     0x200004a0   Data          32  rtc.o(.bss)
    hspi2                                    0x200004c0   Data          88  spi.o(.bss)
    htim4                                    0x20000518   Data          72  tim.o(.bss)
    htim6                                    0x20000560   Data          72  tim.o(.bss)
    htim7                                    0x200005a8   Data          72  tim.o(.bss)
    dataDebug                                0x2000073c   Data        1502  usart.o(.bss)
    queDebug                                 0x20000d1a   Data         202  usart.o(.bss)
    dataHMI                                  0x20000de4   Data        1502  usart.o(.bss)
    queHMI                                   0x200013c2   Data         202  usart.o(.bss)
    flowRxBuf                                0x20001874   Data          60  usart.o(.bss)
    hmiRxBuf                                 0x200018b0   Data          30  usart.o(.bss)
    batRxBuf                                 0x200018ce   Data          60  usart.o(.bss)
    ibpBuffer                                0x2000190a   Data        1006  usart.o(.bss)
    sysIbpPar                                0x20001cf8   Data          52  usart.o(.bss)
    ibpCmdQue                                0x20001d2c   Data          64  usart.o(.bss)
    sysFlowPar                               0x20001d6c   Data          28  usart.o(.bss)
    hmiCmd                                   0x20001d88   Data         312  usart.o(.bss)
    sysHmiPar                                0x20001ec0   Data          48  usart.o(.bss)
    huart4                                   0x20001ef0   Data          72  usart.o(.bss)
    huart5                                   0x20001f38   Data          72  usart.o(.bss)
    huart1                                   0x20001f80   Data          72  usart.o(.bss)
    huart2                                   0x20001fc8   Data          72  usart.o(.bss)
    huart3                                   0x20002010   Data          72  usart.o(.bss)
    hdma_usart1_rx                           0x20002058   Data          96  usart.o(.bss)
    hdma_usart1_tx                           0x200020b8   Data          96  usart.o(.bss)
    motor_comm_tx_data                       0x20002118   Data         200  motor.o(.bss)
    motor_comm_rx_data                       0x200021e0   Data         200  motor.o(.bss)
    motor_comm                               0x200022a8   Data          24  motor.o(.bss)
    motor_data                               0x200022c0   Data          20  motor.o(.bss)
    uart2_handle                             0x200022d4   Data         264  bsp_usart.o(.bss)
    uart_dma_buf                             0x200023dc   Data         128  bsp_usart.o(.bss)
    __libspace_start                         0x2000245c   Data          96  libspace.o(.bss)
    __temporary_stack_top$libspace           0x200024bc   Data           0  libspace.o(.bss)



==============================================================================

Memory Map of the image

  Image Entry point : 0x08000185

  Load Region LR_IROM1 (Base: 0x08000000, Size: 0x00008eb0, Max: 0x00040000, ABSOLUTE)

    Execution Region ER_IROM1 (Exec base: 0x08000000, Load base: 0x08000000, Size: 0x00008e40, Max: 0x00040000, ABSOLUTE)

    Exec Addr    Load Addr    Size         Type   Attr      Idx    E Section Name        Object

    0x08000000   0x08000000   0x00000184   Data   RO            3    RESET               startup_stm32f205xx.o
    0x08000184   0x08000184   0x00000008   Code   RO         4874  * !!!main             c_w.l(__main.o)
    0x0800018c   0x0800018c   0x00000034   Code   RO         5162    !!!scatter          c_w.l(__scatter.o)
    0x080001c0   0x080001c0   0x0000001a   Code   RO         5164    !!handler_copy      c_w.l(__scatter_copy.o)
    0x080001da   0x080001da   0x00000002   PAD
    0x080001dc   0x080001dc   0x0000001c   Code   RO         5166    !!handler_zi        c_w.l(__scatter_zi.o)
    0x080001f8   0x080001f8   0x00000000   Code   RO         4865    .ARM.Collect$$_printf_percent$$00000000  c_w.l(_printf_percent.o)
    0x080001f8   0x080001f8   0x00000006   Code   RO         4864    .ARM.Collect$$_printf_percent$$00000003  c_w.l(_printf_f.o)
    0x080001fe   0x080001fe   0x00000006   Code   RO         4863    .ARM.Collect$$_printf_percent$$00000009  c_w.l(_printf_d.o)
    0x08000204   0x08000204   0x00000006   Code   RO         4862    .ARM.Collect$$_printf_percent$$0000000C  c_w.l(_printf_x.o)
    0x0800020a   0x0800020a   0x00000006   Code   RO         4861    .ARM.Collect$$_printf_percent$$00000014  c_w.l(_printf_s.o)
    0x08000210   0x08000210   0x00000004   Code   RO         4943    .ARM.Collect$$_printf_percent$$00000017  c_w.l(_printf_percent_end.o)
    0x08000214   0x08000214   0x00000002   Code   RO         5033    .ARM.Collect$$libinit$$00000000  c_w.l(libinit.o)
    0x08000216   0x08000216   0x00000000   Code   RO         5035    .ARM.Collect$$libinit$$00000002  c_w.l(libinit2.o)
    0x08000216   0x08000216   0x00000000   Code   RO         5037    .ARM.Collect$$libinit$$00000004  c_w.l(libinit2.o)
    0x08000216   0x08000216   0x00000000   Code   RO         5040    .ARM.Collect$$libinit$$0000000A  c_w.l(libinit2.o)
    0x08000216   0x08000216   0x00000000   Code   RO         5042    .ARM.Collect$$libinit$$0000000C  c_w.l(libinit2.o)
    0x08000216   0x08000216   0x00000000   Code   RO         5044    .ARM.Collect$$libinit$$0000000E  c_w.l(libinit2.o)
    0x08000216   0x08000216   0x00000006   Code   RO         5045    .ARM.Collect$$libinit$$0000000F  c_w.l(libinit2.o)
    0x0800021c   0x0800021c   0x00000000   Code   RO         5047    .ARM.Collect$$libinit$$00000011  c_w.l(libinit2.o)
    0x0800021c   0x0800021c   0x00000000   Code   RO         5049    .ARM.Collect$$libinit$$00000013  c_w.l(libinit2.o)
    0x0800021c   0x0800021c   0x00000000   Code   RO         5051    .ARM.Collect$$libinit$$00000015  c_w.l(libinit2.o)
    0x0800021c   0x0800021c   0x0000000a   Code   RO         5052    .ARM.Collect$$libinit$$00000016  c_w.l(libinit2.o)
    0x08000226   0x08000226   0x00000000   Code   RO         5053    .ARM.Collect$$libinit$$00000017  c_w.l(libinit2.o)
    0x08000226   0x08000226   0x00000000   Code   RO         5055    .ARM.Collect$$libinit$$00000019  c_w.l(libinit2.o)
    0x08000226   0x08000226   0x00000000   Code   RO         5057    .ARM.Collect$$libinit$$0000001B  c_w.l(libinit2.o)
    0x08000226   0x08000226   0x00000000   Code   RO         5059    .ARM.Collect$$libinit$$0000001D  c_w.l(libinit2.o)
    0x08000226   0x08000226   0x00000000   Code   RO         5061    .ARM.Collect$$libinit$$0000001F  c_w.l(libinit2.o)
    0x08000226   0x08000226   0x00000000   Code   RO         5063    .ARM.Collect$$libinit$$00000021  c_w.l(libinit2.o)
    0x08000226   0x08000226   0x00000000   Code   RO         5065    .ARM.Collect$$libinit$$00000023  c_w.l(libinit2.o)
    0x08000226   0x08000226   0x00000000   Code   RO         5067    .ARM.Collect$$libinit$$00000025  c_w.l(libinit2.o)
    0x08000226   0x08000226   0x00000000   Code   RO         5071    .ARM.Collect$$libinit$$0000002C  c_w.l(libinit2.o)
    0x08000226   0x08000226   0x00000000   Code   RO         5073    .ARM.Collect$$libinit$$0000002E  c_w.l(libinit2.o)
    0x08000226   0x08000226   0x00000000   Code   RO         5075    .ARM.Collect$$libinit$$00000030  c_w.l(libinit2.o)
    0x08000226   0x08000226   0x00000000   Code   RO         5077    .ARM.Collect$$libinit$$00000032  c_w.l(libinit2.o)
    0x08000226   0x08000226   0x00000002   Code   RO         5078    .ARM.Collect$$libinit$$00000033  c_w.l(libinit2.o)
    0x08000228   0x08000228   0x00000002   Code   RO         5125    .ARM.Collect$$libshutdown$$00000000  c_w.l(libshutdown.o)
    0x0800022a   0x0800022a   0x00000000   Code   RO         5143    .ARM.Collect$$libshutdown$$00000002  c_w.l(libshutdown2.o)
    0x0800022a   0x0800022a   0x00000000   Code   RO         5145    .ARM.Collect$$libshutdown$$00000004  c_w.l(libshutdown2.o)
    0x0800022a   0x0800022a   0x00000000   Code   RO         5147    .ARM.Collect$$libshutdown$$00000006  c_w.l(libshutdown2.o)
    0x0800022a   0x0800022a   0x00000000   Code   RO         5150    .ARM.Collect$$libshutdown$$00000009  c_w.l(libshutdown2.o)
    0x0800022a   0x0800022a   0x00000000   Code   RO         5153    .ARM.Collect$$libshutdown$$0000000C  c_w.l(libshutdown2.o)
    0x0800022a   0x0800022a   0x00000000   Code   RO         5155    .ARM.Collect$$libshutdown$$0000000E  c_w.l(libshutdown2.o)
    0x0800022a   0x0800022a   0x00000000   Code   RO         5158    .ARM.Collect$$libshutdown$$00000011  c_w.l(libshutdown2.o)
    0x0800022a   0x0800022a   0x00000002   Code   RO         5159    .ARM.Collect$$libshutdown$$00000012  c_w.l(libshutdown2.o)
    0x0800022c   0x0800022c   0x00000000   Code   RO         4928    .ARM.Collect$$rtentry$$00000000  c_w.l(__rtentry.o)
    0x0800022c   0x0800022c   0x00000000   Code   RO         4956    .ARM.Collect$$rtentry$$00000002  c_w.l(__rtentry2.o)
    0x0800022c   0x0800022c   0x00000006   Code   RO         4968    .ARM.Collect$$rtentry$$00000004  c_w.l(__rtentry4.o)
    0x08000232   0x08000232   0x00000000   Code   RO         4958    .ARM.Collect$$rtentry$$00000009  c_w.l(__rtentry2.o)
    0x08000232   0x08000232   0x00000004   Code   RO         4959    .ARM.Collect$$rtentry$$0000000A  c_w.l(__rtentry2.o)
    0x08000236   0x08000236   0x00000000   Code   RO         4961    .ARM.Collect$$rtentry$$0000000C  c_w.l(__rtentry2.o)
    0x08000236   0x08000236   0x00000008   Code   RO         4962    .ARM.Collect$$rtentry$$0000000D  c_w.l(__rtentry2.o)
    0x0800023e   0x0800023e   0x00000002   Code   RO         5079    .ARM.Collect$$rtexit$$00000000  c_w.l(rtexit.o)
    0x08000240   0x08000240   0x00000000   Code   RO         5094    .ARM.Collect$$rtexit$$00000002  c_w.l(rtexit2.o)
    0x08000240   0x08000240   0x00000004   Code   RO         5095    .ARM.Collect$$rtexit$$00000003  c_w.l(rtexit2.o)
    0x08000244   0x08000244   0x00000006   Code   RO         5096    .ARM.Collect$$rtexit$$00000004  c_w.l(rtexit2.o)
    0x0800024a   0x0800024a   0x00000002   PAD
    0x0800024c   0x0800024c   0x00000040   Code   RO            4    .text               startup_stm32f205xx.o
    0x0800028c   0x0800028c   0x000000ee   Code   RO         4806    .text               c_w.l(lludivv7m.o)
    0x0800037a   0x0800037a   0x00000002   PAD
    0x0800037c   0x0800037c   0x00000028   Code   RO         4810    .text               c_w.l(noretval__2sprintf.o)
    0x080003a4   0x080003a4   0x0000004e   Code   RO         4814    .text               c_w.l(_printf_pad.o)
    0x080003f2   0x080003f2   0x00000052   Code   RO         4816    .text               c_w.l(_printf_str.o)
    0x08000444   0x08000444   0x00000078   Code   RO         4818    .text               c_w.l(_printf_dec.o)
    0x080004bc   0x080004bc   0x00000058   Code   RO         4823    .text               c_w.l(_printf_hex_int.o)
    0x08000514   0x08000514   0x00000138   Code   RO         4853    .text               c_w.l(__printf_flags_wp.o)
    0x0800064c   0x0800064c   0x0000003e   Code   RO         4866    .text               c_w.l(strlen.o)
    0x0800068a   0x0800068a   0x00000064   Code   RO         4868    .text               c_w.l(rt_memcpy_w.o)
    0x080006ee   0x080006ee   0x0000004e   Code   RO         4870    .text               c_w.l(rt_memclr_w.o)
    0x0800073c   0x0800073c   0x00000006   Code   RO         4872    .text               c_w.l(heapauxi.o)
    0x08000742   0x08000742   0x000000b2   Code   RO         4933    .text               c_w.l(_printf_intcommon.o)
    0x080007f4   0x080007f4   0x0000041e   Code   RO         4935    .text               c_w.l(_printf_fp_dec.o)
    0x08000c12   0x08000c12   0x00000002   PAD
    0x08000c14   0x08000c14   0x00000030   Code   RO         4937    .text               c_w.l(_printf_char_common.o)
    0x08000c44   0x08000c44   0x0000000a   Code   RO         4939    .text               c_w.l(_sputc.o)
    0x08000c4e   0x08000c4e   0x0000002c   Code   RO         4941    .text               c_w.l(_printf_char.o)
    0x08000c7a   0x08000c7a   0x00000002   PAD
    0x08000c7c   0x08000c7c   0x00000008   Code   RO         4975    .text               c_w.l(rt_locale_intlibspace.o)
    0x08000c84   0x08000c84   0x0000008a   Code   RO         4977    .text               c_w.l(lludiv10.o)
    0x08000d0e   0x08000d0e   0x00000002   PAD
    0x08000d10   0x08000d10   0x00000080   Code   RO         4979    .text               c_w.l(_printf_fp_infnan.o)
    0x08000d90   0x08000d90   0x000000e4   Code   RO         4983    .text               c_w.l(bigflt0.o)
    0x08000e74   0x08000e74   0x00000008   Code   RO         5015    .text               c_w.l(libspace.o)
    0x08000e7c   0x08000e7c   0x0000004a   Code   RO         5018    .text               c_w.l(sys_stackheap_outer.o)
    0x08000ec6   0x08000ec6   0x00000012   Code   RO         5020    .text               c_w.l(exit.o)
    0x08000ed8   0x08000ed8   0x00000080   Code   RO         5026    .text               c_w.l(strcmpv7m.o)
    0x08000f58   0x08000f58   0x0000000c   Code   RO         5091    .text               c_w.l(sys_exit.o)
    0x08000f64   0x08000f64   0x00000002   Code   RO         5112    .text               c_w.l(use_no_semi.o)
    0x08000f66   0x08000f66   0x00000000   Code   RO         5114    .text               c_w.l(indicate_semi.o)
    0x08000f66   0x08000f66   0x0000003e   Code   RO         4986    CL$$btod_d2e        c_w.l(btod.o)
    0x08000fa4   0x08000fa4   0x00000046   Code   RO         4988    CL$$btod_d2e_denorm_low  c_w.l(btod.o)
    0x08000fea   0x08000fea   0x00000060   Code   RO         4987    CL$$btod_d2e_norm_op1  c_w.l(btod.o)
    0x0800104a   0x0800104a   0x00000338   Code   RO         4996    CL$$btod_div_common  c_w.l(btod.o)
    0x08001382   0x08001382   0x000000dc   Code   RO         4993    CL$$btod_e2e        c_w.l(btod.o)
    0x0800145e   0x0800145e   0x0000002a   Code   RO         4990    CL$$btod_ediv       c_w.l(btod.o)
    0x08001488   0x08001488   0x0000002a   Code   RO         4989    CL$$btod_emul       c_w.l(btod.o)
    0x080014b2   0x080014b2   0x00000244   Code   RO         4995    CL$$btod_mult_common  c_w.l(btod.o)
    0x080016f6   0x080016f6   0x00000002   PAD
    0x080016f8   0x080016f8   0x000000a0   Code   RO          260    i.ADCFilter         adc.o
    0x08001798   0x08001798   0x00000138   Code   RO         1096    i.ADC_Init          stm32f2xx_hal_adc.o
    0x080018d0   0x080018d0   0x00000098   Code   RO          261    i.AdcConvert        adc.o
    0x08001968   0x08001968   0x00000030   Code   RO          262    i.AdcFilterValue    adc.o
    0x08001998   0x08001998   0x00000060   Code   RO          629    i.AddHistorySampleDateFloat  usart.o
    0x080019f8   0x080019f8   0x0000007c   Code   RO          630    i.AddHistorySampleDateFloatTwice  usart.o
    0x08001a74   0x08001a74   0x00000016   Code   RO          631    i.BIN2BCD           usart.o
    0x08001a8a   0x08001a8a   0x00000002   PAD
    0x08001a8c   0x08001a8c   0x00000044   Code   RO          632    i.BatteryDealt      usart.o
    0x08001ad0   0x08001ad0   0x000000bc   Code   RO          633    i.BatteryUpDate     usart.o
    0x08001b8c   0x08001b8c   0x00000080   Code   RO          634    i.BubbleTimer       usart.o
    0x08001c0c   0x08001c0c   0x00000002   Code   RO          944    i.BusFault_Handler  stm32f2xx_it.o
    0x08001c0e   0x08001c0e   0x00000078   Code   RO          635    i.ChangeCurveRange  usart.o
    0x08001c86   0x08001c86   0x00000050   Code   RO          636    i.ChangeIconFrame   usart.o
    0x08001cd6   0x08001cd6   0x00000002   PAD
    0x08001cd8   0x08001cd8   0x00000078   Code   RO          637    i.ChangePSWTxt      usart.o
    0x08001d50   0x08001d50   0x0000003e   Code   RO          638    i.ChangeScreen      usart.o
    0x08001d8e   0x08001d8e   0x0000004c   Code   RO          639    i.ChangeSelectorIndex  usart.o
    0x08001dda   0x08001dda   0x00000002   PAD
    0x08001ddc   0x08001ddc   0x00000030   Code   RO          640    i.ChangeSetSpeed    usart.o
    0x08001e0c   0x08001e0c   0x00000044   Code   RO          641    i.ChangeSetTemp     usart.o
    0x08001e50   0x08001e50   0x000000b8   Code   RO          643    i.ChangeTxtValue    usart.o
    0x08001f08   0x08001f08   0x00000048   Code   RO          644    i.ClearTxtContent   usart.o
    0x08001f50   0x08001f50   0x000002a0   Code   RO         4622    i.DMA1_Stream5_IRQHandler  bsp_usart.o
    0x080021f0   0x080021f0   0x0000000c   Code   RO         4623    i.DMA1_Stream6_IRQHandler  bsp_usart.o
    0x080021fc   0x080021fc   0x0000000c   Code   RO          945    i.DMA2_Stream2_IRQHandler  stm32f2xx_it.o
    0x08002208   0x08002208   0x0000000c   Code   RO          946    i.DMA2_Stream7_IRQHandler  stm32f2xx_it.o
    0x08002214   0x08002214   0x00000028   Code   RO         2239    i.DMA_CalcBaseAndBitshift  stm32f2xx_hal_dma.o
    0x0800223c   0x0800223c   0x00000054   Code   RO         2240    i.DMA_CheckFifoParam  stm32f2xx_hal_dma.o
    0x08002290   0x08002290   0x00000028   Code   RO         2241    i.DMA_SetConfig     stm32f2xx_hal_dma.o
    0x080022b8   0x080022b8   0x00000002   Code   RO          947    i.DebugMon_Handler  stm32f2xx_it.o
    0x080022ba   0x080022ba   0x00000004   Code   RO           13    i.Error_Handler     main.o
    0x080022be   0x080022be   0x00000002   PAD
    0x080022c0   0x080022c0   0x00000018   Code   RO          645    i.FLowGetData       usart.o
    0x080022d8   0x080022d8   0x00000160   Code   RO          646    i.FlowDealt         usart.o
    0x08002438   0x08002438   0x0000006c   Code   RO          648    i.FlowGetMeasure    usart.o
    0x080024a4   0x080024a4   0x00000084   Code   RO          649    i.FlowSetBuble      usart.o
    0x08002528   0x08002528   0x0000002e   Code   RO          650    i.GetRTCFromHMI     usart.o
    0x08002556   0x08002556   0x00000002   PAD
    0x08002558   0x08002558   0x00000104   Code   RO          216    i.GpioChk           gpio.o
    0x0800265c   0x0800265c   0x00000150   Code   RO         1098    i.HAL_ADC_ConfigChannel  stm32f2xx_hal_adc.o
    0x080027ac   0x080027ac   0x00000006   Code   RO         1105    i.HAL_ADC_GetValue  stm32f2xx_hal_adc.o
    0x080027b2   0x080027b2   0x00000054   Code   RO         1107    i.HAL_ADC_Init      stm32f2xx_hal_adc.o
    0x08002806   0x08002806   0x00000002   PAD
    0x08002808   0x08002808   0x00000084   Code   RO          264    i.HAL_ADC_MspInit   adc.o
    0x0800288c   0x0800288c   0x000000c8   Code   RO         1113    i.HAL_ADC_Start     stm32f2xx_hal_adc.o
    0x08002954   0x08002954   0x0000003c   Code   RO         1116    i.HAL_ADC_Stop      stm32f2xx_hal_adc.o
    0x08002990   0x08002990   0x00000092   Code   RO         2242    i.HAL_DMA_Abort     stm32f2xx_hal_dma.o
    0x08002a22   0x08002a22   0x00000024   Code   RO         2243    i.HAL_DMA_Abort_IT  stm32f2xx_hal_dma.o
    0x08002a46   0x08002a46   0x00000062   Code   RO         2244    i.HAL_DMA_DeInit    stm32f2xx_hal_dma.o
    0x08002aa8   0x08002aa8   0x000001a0   Code   RO         2247    i.HAL_DMA_IRQHandler  stm32f2xx_hal_dma.o
    0x08002c48   0x08002c48   0x000000d4   Code   RO         2248    i.HAL_DMA_Init      stm32f2xx_hal_dma.o
    0x08002d1c   0x08002d1c   0x0000006e   Code   RO         2252    i.HAL_DMA_Start_IT  stm32f2xx_hal_dma.o
    0x08002d8a   0x08002d8a   0x00000002   PAD
    0x08002d8c   0x08002d8c   0x00000024   Code   RO         1375    i.HAL_Delay         stm32f2xx_hal.o
    0x08002db0   0x08002db0   0x00000184   Code   RO         2173    i.HAL_GPIO_DeInit   stm32f2xx_hal_gpio.o
    0x08002f34   0x08002f34   0x00000288   Code   RO         2176    i.HAL_GPIO_Init     stm32f2xx_hal_gpio.o
    0x080031bc   0x080031bc   0x0000000a   Code   RO         2178    i.HAL_GPIO_ReadPin  stm32f2xx_hal_gpio.o
    0x080031c6   0x080031c6   0x00000010   Code   RO         2179    i.HAL_GPIO_TogglePin  stm32f2xx_hal_gpio.o
    0x080031d6   0x080031d6   0x0000000a   Code   RO         2180    i.HAL_GPIO_WritePin  stm32f2xx_hal_gpio.o
    0x080031e0   0x080031e0   0x0000000c   Code   RO         1381    i.HAL_GetTick       stm32f2xx_hal.o
    0x080031ec   0x080031ec   0x00000010   Code   RO         1387    i.HAL_IncTick       stm32f2xx_hal.o
    0x080031fc   0x080031fc   0x00000034   Code   RO         1388    i.HAL_Init          stm32f2xx_hal.o
    0x08003230   0x08003230   0x00000040   Code   RO         1389    i.HAL_InitTick      stm32f2xx_hal.o
    0x08003270   0x08003270   0x00000030   Code   RO         1069    i.HAL_MspInit       stm32f2xx_hal_msp.o
    0x080032a0   0x080032a0   0x00000022   Code   RO         1702    i.HAL_NVIC_DisableIRQ  stm32f2xx_hal_cortex.o
    0x080032c2   0x080032c2   0x0000001a   Code   RO         1703    i.HAL_NVIC_EnableIRQ  stm32f2xx_hal_cortex.o
    0x080032dc   0x080032dc   0x00000040   Code   RO         1709    i.HAL_NVIC_SetPriority  stm32f2xx_hal_cortex.o
    0x0800331c   0x0800331c   0x00000024   Code   RO         1710    i.HAL_NVIC_SetPriorityGrouping  stm32f2xx_hal_cortex.o
    0x08003340   0x08003340   0x00000154   Code   RO         1659    i.HAL_RCCEx_PeriphCLKConfig  stm32f2xx_hal_rcc_ex.o
    0x08003494   0x08003494   0x0000013c   Code   RO         1555    i.HAL_RCC_ClockConfig  stm32f2xx_hal_rcc.o
    0x080035d0   0x080035d0   0x00000030   Code   RO         1562    i.HAL_RCC_GetPCLK1Freq  stm32f2xx_hal_rcc.o
    0x08003600   0x08003600   0x00000030   Code   RO         1563    i.HAL_RCC_GetPCLK2Freq  stm32f2xx_hal_rcc.o
    0x08003630   0x08003630   0x00000060   Code   RO         1564    i.HAL_RCC_GetSysClockFreq  stm32f2xx_hal_rcc.o
    0x08003690   0x08003690   0x0000034c   Code   RO         1567    i.HAL_RCC_OscConfig  stm32f2xx_hal_rcc.o
    0x080039dc   0x080039dc   0x00000044   Code   RO         2498    i.HAL_RTC_GetDate   stm32f2xx_hal_rtc.o
    0x08003a20   0x08003a20   0x00000044   Code   RO         2500    i.HAL_RTC_GetTime   stm32f2xx_hal_rtc.o
    0x08003a64   0x08003a64   0x0000009c   Code   RO         2501    i.HAL_RTC_Init      stm32f2xx_hal_rtc.o
    0x08003b00   0x08003b00   0x00000018   Code   RO          381    i.HAL_RTC_MspInit   rtc.o
    0x08003b18   0x08003b18   0x00000098   Code   RO         2507    i.HAL_RTC_SetDate   stm32f2xx_hal_rtc.o
    0x08003bb0   0x08003bb0   0x000000c0   Code   RO         2508    i.HAL_RTC_SetTime   stm32f2xx_hal_rtc.o
    0x08003c70   0x08003c70   0x00000032   Code   RO         2509    i.HAL_RTC_WaitForSynchro  stm32f2xx_hal_rtc.o
    0x08003ca2   0x08003ca2   0x000000bc   Code   RO         2862    i.HAL_SPI_Init      stm32f2xx_hal_spi.o
    0x08003d5e   0x08003d5e   0x00000002   PAD
    0x08003d60   0x08003d60   0x0000006c   Code   RO          447    i.HAL_SPI_MspInit   spi.o
    0x08003dcc   0x08003dcc   0x000001ee   Code   RO         2871    i.HAL_SPI_TransmitReceive  stm32f2xx_hal_spi.o
    0x08003fba   0x08003fba   0x00000028   Code   RO         1714    i.HAL_SYSTICK_Config  stm32f2xx_hal_cortex.o
    0x08003fe2   0x08003fe2   0x00000002   Code   RO         3879    i.HAL_TIMEx_BreakCallback  stm32f2xx_hal_tim_ex.o
    0x08003fe4   0x08003fe4   0x00000002   Code   RO         3880    i.HAL_TIMEx_CommutCallback  stm32f2xx_hal_tim_ex.o
    0x08003fe6   0x08003fe6   0x00000002   PAD
    0x08003fe8   0x08003fe8   0x00000090   Code   RO         3898    i.HAL_TIMEx_MasterConfigSynchronization  stm32f2xx_hal_tim_ex.o
    0x08004078   0x08004078   0x0000005a   Code   RO         3175    i.HAL_TIM_Base_Init  stm32f2xx_hal_tim.o
    0x080040d2   0x080040d2   0x00000002   PAD
    0x080040d4   0x080040d4   0x00000054   Code   RO          557    i.HAL_TIM_Base_MspInit  tim.o
    0x08004128   0x08004128   0x00000078   Code   RO         3178    i.HAL_TIM_Base_Start  stm32f2xx_hal_tim.o
    0x080041a0   0x080041a0   0x00000080   Code   RO         3180    i.HAL_TIM_Base_Start_IT  stm32f2xx_hal_tim.o
    0x08004220   0x08004220   0x00000026   Code   RO         3181    i.HAL_TIM_Base_Stop  stm32f2xx_hal_tim.o
    0x08004246   0x08004246   0x00000002   Code   RO         3209    i.HAL_TIM_IC_CaptureCallback  stm32f2xx_hal_tim.o
    0x08004248   0x08004248   0x00000166   Code   RO         3223    i.HAL_TIM_IRQHandler  stm32f2xx_hal_tim.o
    0x080043ae   0x080043ae   0x00000002   PAD
    0x080043b0   0x080043b0   0x00000050   Code   RO          558    i.HAL_TIM_MspPostInit  tim.o
    0x08004400   0x08004400   0x00000002   Code   RO         3226    i.HAL_TIM_OC_DelayElapsedCallback  stm32f2xx_hal_tim.o
    0x08004402   0x08004402   0x000000cc   Code   RO         3247    i.HAL_TIM_PWM_ConfigChannel  stm32f2xx_hal_tim.o
    0x080044ce   0x080044ce   0x0000005a   Code   RO         3250    i.HAL_TIM_PWM_Init  stm32f2xx_hal_tim.o
    0x08004528   0x08004528   0x00000028   Code   RO          560    i.HAL_TIM_PWM_MspInit  tim.o
    0x08004550   0x08004550   0x00000002   Code   RO         3253    i.HAL_TIM_PWM_PulseFinishedCallback  stm32f2xx_hal_tim.o
    0x08004552   0x08004552   0x00000002   PAD
    0x08004554   0x08004554   0x000000c8   Code   RO         3255    i.HAL_TIM_PWM_Start  stm32f2xx_hal_tim.o
    0x0800461c   0x0800461c   0x0000007c   Code   RO         3258    i.HAL_TIM_PWM_Stop  stm32f2xx_hal_tim.o
    0x08004698   0x08004698   0x00000054   Code   RO          651    i.HAL_TIM_PeriodElapsedCallback  usart.o
    0x080046ec   0x080046ec   0x00000002   Code   RO         3266    i.HAL_TIM_TriggerCallback  stm32f2xx_hal_tim.o
    0x080046ee   0x080046ee   0x0000004e   Code   RO         4156    i.HAL_UARTEx_ReceiveToIdle_DMA  stm32f2xx_hal_uart.o
    0x0800473c   0x0800473c   0x0000004e   Code   RO         4157    i.HAL_UARTEx_ReceiveToIdle_IT  stm32f2xx_hal_uart.o
    0x0800478a   0x0800478a   0x00000002   PAD
    0x0800478c   0x0800478c   0x000000c8   Code   RO          652    i.HAL_UARTEx_RxEventCallback  usart.o
    0x08004854   0x08004854   0x00000070   Code   RO         4170    i.HAL_UART_DMAStop  stm32f2xx_hal_uart.o
    0x080048c4   0x080048c4   0x00000036   Code   RO         4171    i.HAL_UART_DeInit   stm32f2xx_hal_uart.o
    0x080048fa   0x080048fa   0x00000002   PAD
    0x080048fc   0x080048fc   0x00000020   Code   RO          653    i.HAL_UART_ErrorCallback  usart.o
    0x0800491c   0x0800491c   0x00000270   Code   RO         4175    i.HAL_UART_IRQHandler  stm32f2xx_hal_uart.o
    0x08004b8c   0x08004b8c   0x00000064   Code   RO         4176    i.HAL_UART_Init     stm32f2xx_hal_uart.o
    0x08004bf0   0x08004bf0   0x000000bc   Code   RO          654    i.HAL_UART_MspDeInit  usart.o
    0x08004cac   0x08004cac   0x00000208   Code   RO          655    i.HAL_UART_MspInit  usart.o
    0x08004eb4   0x08004eb4   0x0000001c   Code   RO         4180    i.HAL_UART_Receive_DMA  stm32f2xx_hal_uart.o
    0x08004ed0   0x08004ed0   0x00000002   Code   RO         4182    i.HAL_UART_RxCpltCallback  stm32f2xx_hal_uart.o
    0x08004ed2   0x08004ed2   0x00000002   Code   RO         4183    i.HAL_UART_RxHalfCpltCallback  stm32f2xx_hal_uart.o
    0x08004ed4   0x08004ed4   0x00000078   Code   RO         4185    i.HAL_UART_Transmit_DMA  stm32f2xx_hal_uart.o
    0x08004f4c   0x08004f4c   0x00000032   Code   RO         4186    i.HAL_UART_Transmit_IT  stm32f2xx_hal_uart.o
    0x08004f7e   0x08004f7e   0x00000002   PAD
    0x08004f80   0x08004f80   0x00000058   Code   RO          656    i.HAL_UART_TxCpltCallback  usart.o
    0x08004fd8   0x08004fd8   0x00000002   Code   RO         4188    i.HAL_UART_TxHalfCpltCallback  stm32f2xx_hal_uart.o
    0x08004fda   0x08004fda   0x00000002   Code   RO          948    i.HardFault_Handler  stm32f2xx_it.o
    0x08004fdc   0x08004fdc   0x00000068   Code   RO          657    i.HmiAdjustDected   usart.o
    0x08005044   0x08005044   0x00000390   Code   RO          658    i.HmiCmdDealt       usart.o
    0x080053d4   0x080053d4   0x00000110   Code   RO          659    i.HmiWorkTimerRefresh  usart.o
    0x080054e4   0x080054e4   0x0000001e   Code   RO          660    i.IBPChkSum         usart.o
    0x08005502   0x08005502   0x00000002   PAD
    0x08005504   0x08005504   0x00000148   Code   RO          662    i.IBPCmdSend        usart.o
    0x0800564c   0x0800564c   0x000002f8   Code   RO          663    i.IBPDataAnalysis   usart.o
    0x08005944   0x08005944   0x000000c0   Code   RO          265    i.MX_ADC1_Init      adc.o
    0x08005a04   0x08005a04   0x0000003c   Code   RO          326    i.MX_DMA_Init       dma.o
    0x08005a40   0x08005a40   0x000000f8   Code   RO          217    i.MX_GPIO_Init      gpio.o
    0x08005b38   0x08005b38   0x00000002   Code   RO          350    i.MX_IWDG_Init      iwdg.o
    0x08005b3a   0x08005b3a   0x00000002   PAD
    0x08005b3c   0x08005b3c   0x00000034   Code   RO          382    i.MX_RTC_Init       rtc.o
    0x08005b70   0x08005b70   0x00000048   Code   RO          448    i.MX_SPI2_Init      spi.o
    0x08005bb8   0x08005bb8   0x00000070   Code   RO          561    i.MX_TIM4_Init      tim.o
    0x08005c28   0x08005c28   0x0000004c   Code   RO          562    i.MX_TIM6_Init      tim.o
    0x08005c74   0x08005c74   0x00000048   Code   RO          563    i.MX_TIM7_Init      tim.o
    0x08005cbc   0x08005cbc   0x00000038   Code   RO          664    i.MX_UART4_Init     usart.o
    0x08005cf4   0x08005cf4   0x00000038   Code   RO          665    i.MX_UART5_Init     usart.o
    0x08005d2c   0x08005d2c   0x0000006c   Code   RO          666    i.MX_USART1_UART_Init  usart.o
    0x08005d98   0x08005d98   0x00000060   Code   RO          668    i.MX_USART3_UART_Init  usart.o
    0x08005df8   0x08005df8   0x00000032   Code   RO          669    i.MakeCrcFlow       usart.o
    0x08005e2a   0x08005e2a   0x00000002   PAD
    0x08005e2c   0x08005e2c   0x00000036   Code   RO          670    i.MakeCrcModbus     usart.o
    0x08005e62   0x08005e62   0x00000002   Code   RO          949    i.MemManage_Handler  stm32f2xx_it.o
    0x08005e64   0x08005e64   0x00000002   Code   RO          950    i.NMI_Handler       stm32f2xx_it.o
    0x08005e66   0x08005e66   0x00000002   Code   RO          951    i.PendSV_Handler    stm32f2xx_it.o
    0x08005e68   0x08005e68   0x00000084   Code   RO          218    i.RGBLedDealt       gpio.o
    0x08005eec   0x08005eec   0x00000028   Code   RO          383    i.RTCSetDateAndTime  rtc.o
    0x08005f14   0x08005f14   0x00000018   Code   RO          384    i.RTCSetTime        rtc.o
    0x08005f2c   0x08005f2c   0x00000012   Code   RO         2510    i.RTC_Bcd2ToByte    stm32f2xx_hal_rtc.o
    0x08005f3e   0x08005f3e   0x00000016   Code   RO         2511    i.RTC_ByteToBcd2    stm32f2xx_hal_rtc.o
    0x08005f54   0x08005f54   0x00000048   Code   RO         2512    i.RTC_EnterInitMode  stm32f2xx_hal_rtc.o
    0x08005f9c   0x08005f9c   0x00000022   Code   RO         2513    i.RTC_ExitInitMode  stm32f2xx_hal_rtc.o
    0x08005fbe   0x08005fbe   0x00000002   PAD
    0x08005fc0   0x08005fc0   0x00000024   Code   RO          385    i.RtcGetDateTime    rtc.o
    0x08005fe4   0x08005fe4   0x00000018   Code   RO          386    i.RtcSetDate        rtc.o
    0x08005ffc   0x08005ffc   0x00000020   Code   RO         2900    i.SPI_EndRxTxTransaction  stm32f2xx_hal_spi.o
    0x0800601c   0x0800601c   0x000000b8   Code   RO         2905    i.SPI_WaitFlagStateUntilTimeout  stm32f2xx_hal_spi.o
    0x080060d4   0x080060d4   0x00000002   Code   RO          952    i.SVC_Handler       stm32f2xx_it.o
    0x080060d6   0x080060d6   0x0000004c   Code   RO          671    i.SetCtrlVisable    usart.o
    0x08006122   0x08006122   0x00000002   PAD
    0x08006124   0x08006124   0x0000007c   Code   RO          672    i.SetRTCToHmi       usart.o
    0x080061a0   0x080061a0   0x00000060   Code   RO          673    i.SetScreenCurveRange  usart.o
    0x08006200   0x08006200   0x00000040   Code   RO          449    i.SpiFlashEraseSector  spi.o
    0x08006240   0x08006240   0x00000050   Code   RO          450    i.SpiFlashRead      spi.o
    0x08006290   0x08006290   0x0000006c   Code   RO          451    i.SpiFlashReadID    spi.o
    0x080062fc   0x080062fc   0x00000030   Code   RO          452    i.SpiFlashReadOffset  spi.o
    0x0800632c   0x0800632c   0x00000048   Code   RO          453    i.SpiFlashReadSR    spi.o
    0x08006374   0x08006374   0x0000001e   Code   RO          454    i.SpiFlashSendAddr  spi.o
    0x08006392   0x08006392   0x00000002   PAD
    0x08006394   0x08006394   0x00000038   Code   RO          455    i.SpiFlashSetOffset  spi.o
    0x080063cc   0x080063cc   0x0000000e   Code   RO          456    i.SpiFlashWaitBusy  spi.o
    0x080063da   0x080063da   0x00000002   PAD
    0x080063dc   0x080063dc   0x0000005c   Code   RO          457    i.SpiFlashWrite     spi.o
    0x08006438   0x08006438   0x0000002c   Code   RO          458    i.SpiFlashWriteEnable  spi.o
    0x08006464   0x08006464   0x00000020   Code   RO          459    i.SpiReadWriteByte  spi.o
    0x08006484   0x08006484   0x00000090   Code   RO          953    i.SysTick_Handler   stm32f2xx_it.o
    0x08006514   0x08006514   0x00000086   Code   RO           14    i.SystemClock_Config  main.o
    0x0800659a   0x0800659a   0x00000002   Code   RO         4510    i.SystemInit        system_stm32f2xx.o
    0x0800659c   0x0800659c   0x0000000c   Code   RO          954    i.TIM6_DAC_IRQHandler  stm32f2xx_it.o
    0x080065a8   0x080065a8   0x000000c8   Code   RO         3268    i.TIM_Base_SetConfig  stm32f2xx_hal_tim.o
    0x08006670   0x08006670   0x0000001a   Code   RO         3269    i.TIM_CCxChannelCmd  stm32f2xx_hal_tim.o
    0x0800668a   0x0800668a   0x00000002   PAD
    0x0800668c   0x0800668c   0x00000060   Code   RO         3281    i.TIM_OC1_SetConfig  stm32f2xx_hal_tim.o
    0x080066ec   0x080066ec   0x0000006c   Code   RO         3282    i.TIM_OC2_SetConfig  stm32f2xx_hal_tim.o
    0x08006758   0x08006758   0x00000068   Code   RO         3283    i.TIM_OC3_SetConfig  stm32f2xx_hal_tim.o
    0x080067c0   0x080067c0   0x00000050   Code   RO         3284    i.TIM_OC4_SetConfig  stm32f2xx_hal_tim.o
    0x08006810   0x08006810   0x0000000c   Code   RO          955    i.UART4_IRQHandler  stm32f2xx_it.o
    0x0800681c   0x0800681c   0x0000000c   Code   RO          956    i.UART5_IRQHandler  stm32f2xx_it.o
    0x08006828   0x08006828   0x00000010   Code   RO         4189    i.UART_DMAAbortOnError  stm32f2xx_hal_uart.o
    0x08006838   0x08006838   0x0000004a   Code   RO         4190    i.UART_DMAError     stm32f2xx_hal_uart.o
    0x08006882   0x08006882   0x00000086   Code   RO         4191    i.UART_DMAReceiveCplt  stm32f2xx_hal_uart.o
    0x08006908   0x08006908   0x0000001e   Code   RO         4193    i.UART_DMARxHalfCplt  stm32f2xx_hal_uart.o
    0x08006926   0x08006926   0x00000042   Code   RO         4195    i.UART_DMATransmitCplt  stm32f2xx_hal_uart.o
    0x08006968   0x08006968   0x0000000a   Code   RO         4197    i.UART_DMATxHalfCplt  stm32f2xx_hal_uart.o
    0x08006972   0x08006972   0x0000004e   Code   RO         4199    i.UART_EndRxTransfer  stm32f2xx_hal_uart.o
    0x080069c0   0x080069c0   0x0000001c   Code   RO         4200    i.UART_EndTxTransfer  stm32f2xx_hal_uart.o
    0x080069dc   0x080069dc   0x000000c2   Code   RO         4201    i.UART_Receive_IT   stm32f2xx_hal_uart.o
    0x08006a9e   0x08006a9e   0x00000002   PAD
    0x08006aa0   0x08006aa0   0x00000124   Code   RO         4202    i.UART_SetConfig    stm32f2xx_hal_uart.o
    0x08006bc4   0x08006bc4   0x00000090   Code   RO         4203    i.UART_Start_Receive_DMA  stm32f2xx_hal_uart.o
    0x08006c54   0x08006c54   0x00000036   Code   RO         4204    i.UART_Start_Receive_IT  stm32f2xx_hal_uart.o
    0x08006c8a   0x08006c8a   0x00000002   PAD
    0x08006c8c   0x08006c8c   0x0000000c   Code   RO          957    i.USART1_IRQHandler  stm32f2xx_it.o
    0x08006c98   0x08006c98   0x0000007c   Code   RO         4624    i.USART2_IRQHandler  bsp_usart.o
    0x08006d14   0x08006d14   0x0000000c   Code   RO          958    i.USART3_IRQHandler  stm32f2xx_it.o
    0x08006d20   0x08006d20   0x00000002   Code   RO          959    i.UsageFault_Handler  stm32f2xx_it.o
    0x08006d22   0x08006d22   0x00000002   PAD
    0x08006d24   0x08006d24   0x000000a8   Code   RO          674    i.UsartSendData     usart.o
    0x08006dcc   0x08006dcc   0x00000084   Code   RO          675    i.UsartSetTxBuf     usart.o
    0x08006e50   0x08006e50   0x00000028   Code   RO         5013    i.__ARM_fpclassify  m_ws.l(fpclassify.o)
    0x08006e78   0x08006e78   0x00000020   Code   RO         1716    i.__NVIC_SetPriority  stm32f2xx_hal_cortex.o
    0x08006e98   0x08006e98   0x0000000e   Code   RO         4851    i._is_digit         c_w.l(__printf_wp.o)
    0x08006ea6   0x08006ea6   0x00000002   PAD
    0x08006ea8   0x08006ea8   0x00000058   Code   RO         4676    i.crc_get_crc16     crc_check.o
    0x08006f00   0x08006f00   0x00000470   Code   RO           15    i.main              main.o
    0x08007370   0x08007370   0x000000fc   Code   RO         4547    i.motor_comm_rx     motor.o
    0x0800746c   0x0800746c   0x00000050   Code   RO         4548    i.motor_comm_send   motor.o
    0x080074bc   0x080074bc   0x00000054   Code   RO         4549    i.motor_en_ctrl     motor.o
    0x08007510   0x08007510   0x00000028   Code   RO         4550    i.motor_init        motor.o
    0x08007538   0x08007538   0x00000032   Code   RO         4551    i.motor_read_state  motor.o
    0x0800756a   0x0800756a   0x00000002   PAD
    0x0800756c   0x0800756c   0x00000068   Code   RO         4552    i.motor_run         motor.o
    0x080075d4   0x080075d4   0x00000064   Code   RO         4553    i.motor_speed_ctrl  motor.o
    0x08007638   0x08007638   0x0000000c   Code   RO         4701    i.queue_clear       data_queue.o
    0x08007644   0x08007644   0x0000002a   Code   RO         4702    i.queue_delete      data_queue.o
    0x0800766e   0x0800766e   0x00000022   Code   RO         4703    i.queue_delete_single  data_queue.o
    0x08007690   0x08007690   0x00000020   Code   RO         4704    i.queue_init        data_queue.o
    0x080076b0   0x080076b0   0x00000042   Code   RO         4707    i.queue_input_u8    data_queue.o
    0x080076f2   0x080076f2   0x0000002c   Code   RO         4708    i.queue_input_u8_single  data_queue.o
    0x0800771e   0x0800771e   0x00000010   Code   RO         4709    i.queue_is_empty    data_queue.o
    0x0800772e   0x0800772e   0x0000001c   Code   RO         4710    i.queue_is_full     data_queue.o
    0x0800774a   0x0800774a   0x00000016   Code   RO         4711    i.queue_length      data_queue.o
    0x08007760   0x08007760   0x0000003a   Code   RO         4714    i.queue_output_u8   data_queue.o
    0x0800779a   0x0800779a   0x00000032   Code   RO         4715    i.queue_output_u8_single  data_queue.o
    0x080077cc   0x080077cc   0x0000003a   Code   RO         4716    i.queue_read_u8     data_queue.o
    0x08007806   0x08007806   0x00000002   PAD
    0x08007808   0x08007808   0x00000170   Code   RO         4625    i.uart2_init        bsp_usart.o
    0x08007978   0x08007978   0x00000010   Code   RO         4554    i.uart2_receive     motor.o
    0x08007988   0x08007988   0x0000005c   Code   RO         4627    i.uart2_send        bsp_usart.o
    0x080079e4   0x080079e4   0x0000002c   Code   RO         5009    locale$$code        c_w.l(lc_numeric_c.o)
    0x08007a10   0x08007a10   0x00000062   Code   RO         4876    x$fpl$d2f           fz_ws.l(d2f.o)
    0x08007a72   0x08007a72   0x00000002   PAD
    0x08007a74   0x08007a74   0x00000150   Code   RO         4878    x$fpl$dadd          fz_ws.l(daddsub_clz.o)
    0x08007bc4   0x08007bc4   0x000002b0   Code   RO         4885    x$fpl$ddiv          fz_ws.l(ddiv.o)
    0x08007e74   0x08007e74   0x00000026   Code   RO         4888    x$fpl$dfltu         fz_ws.l(dflt_clz.o)
    0x08007e9a   0x08007e9a   0x00000002   PAD
    0x08007e9c   0x08007e9c   0x00000154   Code   RO         4894    x$fpl$dmul          fz_ws.l(dmul.o)
    0x08007ff0   0x08007ff0   0x0000009c   Code   RO         4944    x$fpl$dnaninf       fz_ws.l(dnaninf.o)
    0x0800808c   0x0800808c   0x0000000c   Code   RO         4946    x$fpl$dretinf       fz_ws.l(dretinf.o)
    0x08008098   0x08008098   0x00000016   Code   RO         4879    x$fpl$drsb          fz_ws.l(daddsub_clz.o)
    0x080080ae   0x080080ae   0x00000002   PAD
    0x080080b0   0x080080b0   0x000001d4   Code   RO         4880    x$fpl$dsub          fz_ws.l(daddsub_clz.o)
    0x08008284   0x08008284   0x00000056   Code   RO         4896    x$fpl$f2d           fz_ws.l(f2d.o)
    0x080082da   0x080082da   0x00000002   PAD
    0x080082dc   0x080082dc   0x000000c4   Code   RO         4898    x$fpl$fadd          fz_ws.l(faddsub_clz.o)
    0x080083a0   0x080083a0   0x00000018   Code   RO         4948    x$fpl$fcmpinf       fz_ws.l(fcmpi.o)
    0x080083b8   0x080083b8   0x00000184   Code   RO         4905    x$fpl$fdiv          fz_ws.l(fdiv.o)
    0x0800853c   0x0800853c   0x00000068   Code   RO         4908    x$fpl$feqf          fz_ws.l(feqf.o)
    0x080085a4   0x080085a4   0x00000036   Code   RO         4910    x$fpl$ffix          fz_ws.l(ffix.o)
    0x080085da   0x080085da   0x00000002   PAD
    0x080085dc   0x080085dc   0x0000003e   Code   RO         4914    x$fpl$ffixu         fz_ws.l(ffixu.o)
    0x0800861a   0x0800861a   0x00000002   PAD
    0x0800861c   0x0800861c   0x00000030   Code   RO         4919    x$fpl$fflt          fz_ws.l(fflt_clz.o)
    0x0800864c   0x0800864c   0x00000026   Code   RO         4918    x$fpl$ffltu         fz_ws.l(fflt_clz.o)
    0x08008672   0x08008672   0x00000002   PAD
    0x08008674   0x08008674   0x00000102   Code   RO         4924    x$fpl$fmul          fz_ws.l(fmul.o)
    0x08008776   0x08008776   0x0000008c   Code   RO         4950    x$fpl$fnaninf       fz_ws.l(fnaninf.o)
    0x08008802   0x08008802   0x0000000a   Code   RO         4952    x$fpl$fretinf       fz_ws.l(fretinf.o)
    0x0800880c   0x0800880c   0x000000ea   Code   RO         4900    x$fpl$fsub          fz_ws.l(faddsub_clz.o)
    0x080088f6   0x080088f6   0x00000004   Code   RO         4926    x$fpl$printf1       fz_ws.l(printf1.o)
    0x080088fa   0x080088fa   0x00000000   Code   RO         4954    x$fpl$usenofp       fz_ws.l(usenofp.o)
    0x080088fa   0x080088fa   0x00000002   PAD
    0x080088fc   0x080088fc   0x00000018   Data   RO          267    .constdata          adc.o
    0x08008914   0x08008914   0x00000008   Data   RO         2254    .constdata          stm32f2xx_hal_dma.o
    0x0800891c   0x0800891c   0x00000010   Data   RO         4511    .constdata          system_stm32f2xx.o
    0x0800892c   0x0800892c   0x00000008   Data   RO         4512    .constdata          system_stm32f2xx.o
    0x08008934   0x08008934   0x00000400   Data   RO         4679    .constdata          crc_check.o
    0x08008d34   0x08008d34   0x00000028   Data   RO         4824    .constdata          c_w.l(_printf_hex_int.o)
    0x08008d5c   0x08008d5c   0x00000011   Data   RO         4854    .constdata          c_w.l(__printf_flags_wp.o)
    0x08008d6d   0x08008d6d   0x00000003   PAD
    0x08008d70   0x08008d70   0x00000094   Data   RO         4984    .constdata          c_w.l(bigflt0.o)
    0x08008e04   0x08008e04   0x00000020   Data   RO         5160    Region$$Table       anon$$obj.o
    0x08008e24   0x08008e24   0x0000001c   Data   RO         5008    locale$$data        c_w.l(lc_numeric_c.o)


    Execution Region RW_IRAM1 (Exec base: 0x20000000, Load base: 0x08008e40, Size: 0x00002ac0, Max: 0x00014000, ABSOLUTE)

    Exec Addr    Load Addr    Size         Type   Attr      Idx    E Section Name        Object

    0x20000000   0x08008e40   0x00000008   Data   RW          219    .data               gpio.o
    0x20000008   0x08008e48   0x00000004   Data   RW          268    .data               adc.o
    0x2000000c   0x08008e4c   0x00000008   Data   RW          461    .data               spi.o
    0x20000014   0x08008e54   0x0000003a   Data   RW          677    .data               usart.o
    0x2000004e   0x08008e8e   0x0000000a   Data   RW          960    .data               stm32f2xx_it.o
    0x20000058   0x08008e98   0x0000000c   Data   RW         1395    .data               stm32f2xx_hal.o
    0x20000064   0x08008ea4   0x00000004   Data   RW         4513    .data               system_stm32f2xx.o
    0x20000068   0x08008ea8   0x00000008   Data   RW         4556    .data               motor.o
    0x20000070        -       0x00000010   Zero   RW           16    .bss                main.o
    0x20000080        -       0x00000420   Zero   RW          266    .bss                adc.o
    0x200004a0        -       0x00000020   Zero   RW          387    .bss                rtc.o
    0x200004c0        -       0x00000058   Zero   RW          460    .bss                spi.o
    0x20000518        -       0x000000d8   Zero   RW          564    .bss                tim.o
    0x200005f0        -       0x00001b28   Zero   RW          676    .bss                usart.o
    0x20002118        -       0x000001bc   Zero   RW         4555    .bss                motor.o
    0x200022d4        -       0x00000188   Zero   RW         4628    .bss                bsp_usart.o
    0x2000245c        -       0x00000060   Zero   RW         5016    .bss                c_w.l(libspace.o)
    0x200024bc   0x08008eb0   0x00000004   PAD
    0x200024c0        -       0x00000200   Zero   RW            2    HEAP                startup_stm32f205xx.o
    0x200026c0        -       0x00000400   Zero   RW            1    STACK               startup_stm32f205xx.o


    Execution Region RW_IRAM2 (Exec base: 0x2001c000, Load base: 0x08008eb0, Size: 0x00000000, Max: 0x00004000, ABSOLUTE)

    **** No section assigned to this execution region ****


==============================================================================

Image component sizes


      Code (inc. data)   RO Data    RW Data    ZI Data      Debug   Object Name

       684         70         24          4       1056       6998   adc.o
      1268         82          0          0        392       4090   bsp_usart.o
        88         10       1024          0          0       1108   crc_check.o
       462          0          0          0          0       7898   data_queue.o
        60          4          0          0          0        750   dma.o
       640         54          0          8          0       5733   gpio.o
         2          0          0          0          0        399   iwdg.o
      1274        254          0          0         16     647778   main.o
       726         58          0          8        444       6475   motor.o
       200         44          0          0         32       3206   rtc.o
       820         72          0          8         88       7610   spi.o
        64         26        388          0       1536        796   startup_stm32f205xx.o
       180         28          0         12          0       9021   stm32f2xx_hal.o
       998         34          0          0          0       4621   stm32f2xx_hal_adc.o
       232         14          0          0          0      31261   stm32f2xx_hal_cortex.o
      1182         16          8          0          0       7727   stm32f2xx_hal_dma.o
      1072         96          0          0          0       4326   stm32f2xx_hal_gpio.o
        48          6          0          0          0        822   stm32f2xx_hal_msp.o
      1352         82          0          0          0       5064   stm32f2xx_hal_rcc.o
       340         20          0          0          0       1356   stm32f2xx_hal_rcc_ex.o
       832         30          0          0          0       7803   stm32f2xx_hal_rtc.o
       898          4          0          0          0       4713   stm32f2xx_hal_spi.o
      1974        176          0          0          0      14348   stm32f2xx_hal_tim.o
       148         28          0          0          0       2373   stm32f2xx_hal_tim_ex.o
      2370         42          0          0          0      17953   stm32f2xx_hal_uart.o
       244         48          0         10          0      10284   stm32f2xx_it.o
         2          0         24          4          0       1095   system_stm32f2xx.o
       464         62          0          0        216       3876   tim.o
      6652        728          0         58       6952      37996   usart.o

    ----------------------------------------------------------------------
     25332       2088       1500        112      10732     857480   Object Totals
         0          0         32          0          0          0   (incl. Generated)
        56          0          0          0          0          0   (incl. Padding)

    ----------------------------------------------------------------------

      Code (inc. data)   RO Data    RW Data    ZI Data      Debug   Library Member Name

         8          0          0          0          0         68   __main.o
       312          4         17          0          0         92   __printf_flags_wp.o
        14          0          0          0          0         68   __printf_wp.o
         0          0          0          0          0          0   __rtentry.o
        12          0          0          0          0          0   __rtentry2.o
         6          0          0          0          0          0   __rtentry4.o
        52          8          0          0          0          0   __scatter.o
        26          0          0          0          0          0   __scatter_copy.o
        28          0          0          0          0          0   __scatter_zi.o
        44          0          0          0          0        108   _printf_char.o
        48          6          0          0          0         96   _printf_char_common.o
         6          0          0          0          0          0   _printf_d.o
       120         16          0          0          0         92   _printf_dec.o
         6          0          0          0          0          0   _printf_f.o
      1054          0          0          0          0        216   _printf_fp_dec.o
       128         16          0          0          0         84   _printf_fp_infnan.o
        88          4         40          0          0         88   _printf_hex_int.o
       178          0          0          0          0         88   _printf_intcommon.o
        78          0          0          0          0        108   _printf_pad.o
         0          0          0          0          0          0   _printf_percent.o
         4          0          0          0          0          0   _printf_percent_end.o
         6          0          0          0          0          0   _printf_s.o
        82          0          0          0          0         80   _printf_str.o
         6          0          0          0          0          0   _printf_x.o
        10          0          0          0          0         68   _sputc.o
       228          4        148          0          0         96   bigflt0.o
      1936        128          0          0          0        672   btod.o
        18          0          0          0          0         80   exit.o
         6          0          0          0          0        152   heapauxi.o
         0          0          0          0          0          0   indicate_semi.o
        44         10         28          0          0         76   lc_numeric_c.o
         2          0          0          0          0          0   libinit.o
        18          0          0          0          0          0   libinit2.o
         2          0          0          0          0          0   libshutdown.o
         2          0          0          0          0          0   libshutdown2.o
         8          4          0          0         96         68   libspace.o
       138          0          0          0          0         80   lludiv10.o
       238          0          0          0          0        100   lludivv7m.o
        40          6          0          0          0         84   noretval__2sprintf.o
         8          4          0          0          0         68   rt_locale_intlibspace.o
        78          0          0          0          0         80   rt_memclr_w.o
       100          0          0          0          0         80   rt_memcpy_w.o
         2          0          0          0          0          0   rtexit.o
        10          0          0          0          0          0   rtexit2.o
       128          0          0          0          0         68   strcmpv7m.o
        62          0          0          0          0         76   strlen.o
        12          4          0          0          0         68   sys_exit.o
        74          0          0          0          0         80   sys_stackheap_outer.o
         2          0          0          0          0         68   use_no_semi.o
        98          4          0          0          0         92   d2f.o
       826         16          0          0          0        348   daddsub_clz.o
       688        140          0          0          0        208   ddiv.o
        38          0          0          0          0         68   dflt_clz.o
       340         12          0          0          0        104   dmul.o
       156          4          0          0          0         92   dnaninf.o
        12          0          0          0          0         68   dretinf.o
        86          4          0          0          0         84   f2d.o
       430          8          0          0          0        168   faddsub_clz.o
        24          0          0          0          0         68   fcmpi.o
       388         76          0          0          0         96   fdiv.o
       104          4          0          0          0         84   feqf.o
        54          4          0          0          0         84   ffix.o
        62          4          0          0          0         84   ffixu.o
        86          0          0          0          0        136   fflt_clz.o
       258          4          0          0          0         84   fmul.o
       140          4          0          0          0         84   fnaninf.o
        10          0          0          0          0         68   fretinf.o
         4          0          0          0          0         68   printf1.o
         0          0          0          0          0          0   usenofp.o
        40          0          0          0          0         68   fpclassify.o

    ----------------------------------------------------------------------
      9348        498        236          0        100       5408   Library Totals
        32          0          3          0          4          0   (incl. Padding)

    ----------------------------------------------------------------------

      Code (inc. data)   RO Data    RW Data    ZI Data      Debug   Library Name

      5472        214        233          0         96       3252   c_w.l
      3804        284          0          0          0       2088   fz_ws.l
        40          0          0          0          0         68   m_ws.l

    ----------------------------------------------------------------------
      9348        498        236          0        100       5408   Library Totals

    ----------------------------------------------------------------------

==============================================================================


      Code (inc. data)   RO Data    RW Data    ZI Data      Debug   

     34680       2586       1736        112      10832     848636   Grand Totals
     34680       2586       1736        112      10832     848636   ELF Image Totals
     34680       2586       1736        112          0          0   ROM Totals

==============================================================================

    Total RO  Size (Code + RO Data)                36416 (  35.56kB)
    Total RW  Size (RW Data + ZI Data)             10944 (  10.69kB)
    Total ROM Size (Code + RO Data + RW Data)      36528 (  35.67kB)

==============================================================================

