Component: ARM Compiler 5.06 update 7 (build 960) Tool: armlink [4d3601]

==============================================================================

Section Cross References

    startup_stm32f205xx.o(STACK) refers (Special) to heapauxi.o(.text) for __use_two_region_memory
    startup_stm32f205xx.o(HEAP) refers (Special) to heapauxi.o(.text) for __use_two_region_memory
    startup_stm32f205xx.o(RESET) refers (Special) to heapauxi.o(.text) for __use_two_region_memory
    startup_stm32f205xx.o(RESET) refers to startup_stm32f205xx.o(STACK) for __initial_sp
    startup_stm32f205xx.o(RESET) refers to startup_stm32f205xx.o(.text) for Reset_Handler
    startup_stm32f205xx.o(RESET) refers to stm32f2xx_it.o(i.NMI_Handler) for NMI_Handler
    startup_stm32f205xx.o(RESET) refers to stm32f2xx_it.o(i.HardFault_Handler) for HardFault_Handler
    startup_stm32f205xx.o(RESET) refers to stm32f2xx_it.o(i.MemManage_Handler) for MemManage_Handler
    startup_stm32f205xx.o(RESET) refers to stm32f2xx_it.o(i.BusFault_Handler) for BusFault_Handler
    startup_stm32f205xx.o(RESET) refers to stm32f2xx_it.o(i.UsageFault_Handler) for UsageFault_Handler
    startup_stm32f205xx.o(RESET) refers to stm32f2xx_it.o(i.SVC_Handler) for SVC_Handler
    startup_stm32f205xx.o(RESET) refers to stm32f2xx_it.o(i.DebugMon_Handler) for DebugMon_Handler
    startup_stm32f205xx.o(RESET) refers to stm32f2xx_it.o(i.PendSV_Handler) for PendSV_Handler
    startup_stm32f205xx.o(RESET) refers to stm32f2xx_it.o(i.SysTick_Handler) for SysTick_Handler
    startup_stm32f205xx.o(RESET) refers to stm32f2xx_it.o(i.USART1_IRQHandler) for USART1_IRQHandler
    startup_stm32f205xx.o(RESET) refers to stm32f2xx_it.o(i.USART2_IRQHandler) for USART2_IRQHandler
    startup_stm32f205xx.o(RESET) refers to stm32f2xx_it.o(i.USART3_IRQHandler) for USART3_IRQHandler
    startup_stm32f205xx.o(RESET) refers to stm32f2xx_it.o(i.UART4_IRQHandler) for UART4_IRQHandler
    startup_stm32f205xx.o(RESET) refers to stm32f2xx_it.o(i.UART5_IRQHandler) for UART5_IRQHandler
    startup_stm32f205xx.o(RESET) refers to stm32f2xx_it.o(i.TIM6_DAC_IRQHandler) for TIM6_DAC_IRQHandler
    startup_stm32f205xx.o(RESET) refers to stm32f2xx_it.o(i.DMA2_Stream2_IRQHandler) for DMA2_Stream2_IRQHandler
    startup_stm32f205xx.o(RESET) refers to stm32f2xx_it.o(i.DMA2_Stream7_IRQHandler) for DMA2_Stream7_IRQHandler
    startup_stm32f205xx.o(.text) refers (Special) to heapauxi.o(.text) for __use_two_region_memory
    startup_stm32f205xx.o(.text) refers to system_stm32f2xx.o(i.SystemInit) for SystemInit
    startup_stm32f205xx.o(.text) refers to __main.o(!!!main) for __main
    startup_stm32f205xx.o(.text) refers to startup_stm32f205xx.o(HEAP) for Heap_Mem
    startup_stm32f205xx.o(.text) refers to startup_stm32f205xx.o(STACK) for Stack_Mem
    main.o(i.SystemClock_Config) refers to rt_memclr_w.o(.text) for __aeabi_memclr4
    main.o(i.SystemClock_Config) refers to stm32f2xx_hal_rcc.o(i.HAL_RCC_OscConfig) for HAL_RCC_OscConfig
    main.o(i.SystemClock_Config) refers to stm32f2xx_hal_rcc.o(i.HAL_RCC_ClockConfig) for HAL_RCC_ClockConfig
    main.o(i.SystemClock_Config) refers to stm32f2xx_hal_rcc_ex.o(i.HAL_RCCEx_PeriphCLKConfig) for HAL_RCCEx_PeriphCLKConfig
    main.o(i.main) refers to _printf_percent.o(.ARM.Collect$$_printf_percent$$00000000) for _printf_percent
    main.o(i.main) refers to _printf_s.o(.ARM.Collect$$_printf_percent$$00000014) for _printf_s
    main.o(i.main) refers to _printf_str.o(.text) for _printf_str
    main.o(i.main) refers to _printf_x.o(.ARM.Collect$$_printf_percent$$0000000C) for _printf_x
    main.o(i.main) refers to _printf_hex_int.o(.text) for _printf_longlong_hex
    main.o(i.main) refers to _printf_f.o(.ARM.Collect$$_printf_percent$$00000003) for _printf_f
    main.o(i.main) refers to printf1.o(x$fpl$printf1) for _printf_fp_dec
    main.o(i.main) refers to _printf_pad.o(.text) for _printf_pre_padding
    main.o(i.main) refers to stm32f2xx_hal.o(i.HAL_Init) for HAL_Init
    main.o(i.main) refers to main.o(i.SystemClock_Config) for SystemClock_Config
    main.o(i.main) refers to stm32f2xx_hal.o(i.HAL_Delay) for HAL_Delay
    main.o(i.main) refers to gpio.o(i.MX_GPIO_Init) for MX_GPIO_Init
    main.o(i.main) refers to dma.o(i.MX_DMA_Init) for MX_DMA_Init
    main.o(i.main) refers to adc.o(i.MX_ADC1_Init) for MX_ADC1_Init
    main.o(i.main) refers to rtc.o(i.MX_RTC_Init) for MX_RTC_Init
    main.o(i.main) refers to usart.o(i.MX_UART4_Init) for MX_UART4_Init
    main.o(i.main) refers to usart.o(i.MX_USART1_UART_Init) for MX_USART1_UART_Init
    main.o(i.main) refers to usart.o(i.MX_UART5_Init) for MX_UART5_Init
    main.o(i.main) refers to usart.o(i.MX_USART3_UART_Init) for MX_USART3_UART_Init
    main.o(i.main) refers to tim.o(i.MX_TIM4_Init) for MX_TIM4_Init
    main.o(i.main) refers to tim.o(i.MX_TIM6_Init) for MX_TIM6_Init
    main.o(i.main) refers to tim.o(i.MX_TIM7_Init) for MX_TIM7_Init
    main.o(i.main) refers to iwdg.o(i.MX_IWDG_Init) for MX_IWDG_Init
[...]
    __rt_lib_init_heap_1                     0x08000217   Thumb Code     0  libinit2.o(.ARM.Collect$$libinit$$0000000A)
    __rt_lib_init_lc_common                  0x08000217   Thumb Code     0  libinit2.o(.ARM.Collect$$libinit$$0000000F)
    __rt_lib_init_preinit_1                  0x08000217   Thumb Code     0  libinit2.o(.ARM.Collect$$libinit$$00000004)
    __rt_lib_init_rand_1                     0x08000217   Thumb Code     0  libinit2.o(.ARM.Collect$$libinit$$0000000E)
    __rt_lib_init_user_alloc_1               0x08000217   Thumb Code     0  libinit2.o(.ARM.Collect$$libinit$$0000000C)
    __rt_lib_init_lc_collate_1               0x0800021d   Thumb Code     0  libinit2.o(.ARM.Collect$$libinit$$00000011)
    __rt_lib_init_lc_ctype_1                 0x0800021d   Thumb Code     0  libinit2.o(.ARM.Collect$$libinit$$00000013)
    __rt_lib_init_lc_monetary_1              0x0800021d   Thumb Code     0  libinit2.o(.ARM.Collect$$libinit$$00000015)
    __rt_lib_init_lc_numeric_2               0x0800021d   Thumb Code     0  libinit2.o(.ARM.Collect$$libinit$$00000016)
    __rt_lib_init_alloca_1                   0x08000227   Thumb Code     0  libinit2.o(.ARM.Collect$$libinit$$0000002E)
    __rt_lib_init_argv_1                     0x08000227   Thumb Code     0  libinit2.o(.ARM.Collect$$libinit$$0000002C)
    __rt_lib_init_atexit_1                   0x08000227   Thumb Code     0  libinit2.o(.ARM.Collect$$libinit$$0000001B)
    __rt_lib_init_clock_1                    0x08000227   Thumb Code     0  libinit2.o(.ARM.Collect$$libinit$$00000021)
    __rt_lib_init_cpp_1                      0x08000227   Thumb Code     0  libinit2.o(.ARM.Collect$$libinit$$00000032)
    __rt_lib_init_exceptions_1               0x08000227   Thumb Code     0  libinit2.o(.ARM.Collect$$libinit$$00000030)
    __rt_lib_init_fp_trap_1                  0x08000227   Thumb Code     0  libinit2.o(.ARM.Collect$$libinit$$0000001F)
    __rt_lib_init_getenv_1                   0x08000227   Thumb Code     0  libinit2.o(.ARM.Collect$$libinit$$00000023)
    __rt_lib_init_lc_numeric_1               0x08000227   Thumb Code     0  libinit2.o(.ARM.Collect$$libinit$$00000017)
    __rt_lib_init_lc_time_1                  0x08000227   Thumb Code     0  libinit2.o(.ARM.Collect$$libinit$$00000019)
    __rt_lib_init_return                     0x08000227   Thumb Code     0  libinit2.o(.ARM.Collect$$libinit$$00000033)
    __rt_lib_init_signal_1                   0x08000227   Thumb Code     0  libinit2.o(.ARM.Collect$$libinit$$0000001D)
    __rt_lib_init_stdio_1                    0x08000227   Thumb Code     0  libinit2.o(.ARM.Collect$$libinit$$00000025)
    __rt_lib_shutdown                        0x08000229   Thumb Code     0  libshutdown.o(.ARM.Collect$$libshutdown$$00000000)
    __rt_lib_shutdown_cpp_1                  0x0800022b   Thumb Code     0  libshutdown2.o(.ARM.Collect$$libshutdown$$00000004)
    __rt_lib_shutdown_fini_1                 0x0800022b   Thumb Code     0  libshutdown2.o(.ARM.Collect$$libshutdown$$00000002)
    __rt_lib_shutdown_fp_trap_1              0x0800022b   Thumb Code     0  libshutdown2.o(.ARM.Collect$$libshutdown$$00000009)
    __rt_lib_shutdown_heap_1                 0x0800022b   Thumb Code     0  libshutdown2.o(.ARM.Collect$$libshutdown$$00000011)
    __rt_lib_shutdown_return                 0x0800022b   Thumb Code     0  libshutdown2.o(.ARM.Collect$$libshutdown$$00000012)
    __rt_lib_shutdown_signal_1               0x0800022b   Thumb Code     0  libshutdown2.o(.ARM.Collect$$libshutdown$$0000000C)
    __rt_lib_shutdown_stdio_1                0x0800022b   Thumb Code     0  libshutdown2.o(.ARM.Collect$$libshutdown$$00000006)
    __rt_lib_shutdown_user_alloc_1           0x0800022b   Thumb Code     0  libshutdown2.o(.ARM.Collect$$libshutdown$$0000000E)
    __rt_entry                               0x0800022d   Thumb Code     0  __rtentry.o(.ARM.Collect$$rtentry$$00000000)
    __rt_entry_presh_1                       0x0800022d   Thumb Code     0  __rtentry2.o(.ARM.Collect$$rtentry$$00000002)
    __rt_entry_sh                            0x0800022d   Thumb Code     0  __rtentry4.o(.ARM.Collect$$rtentry$$00000004)
    __rt_entry_li                            0x08000233   Thumb Code     0  __rtentry2.o(.ARM.Collect$$rtentry$$0000000A)
    __rt_entry_postsh_1                      0x08000233   Thumb Code     0  __rtentry2.o(.ARM.Collect$$rtentry$$00000009)
    __rt_entry_main                          0x08000237   Thumb Code     0  __rtentry2.o(.ARM.Collect$$rtentry$$0000000D)
    __rt_entry_postli_1                      0x08000237   Thumb Code     0  __rtentry2.o(.ARM.Collect$$rtentry$$0000000C)
    __rt_exit                                0x0800023f   Thumb Code     0  rtexit.o(.ARM.Collect$$rtexit$$00000000)
    __rt_exit_ls                             0x08000241   Thumb Code     0  rtexit2.o(.ARM.Collect$$rtexit$$00000003)
    __rt_exit_prels_1                        0x08000241   Thumb Code     0  rtexit2.o(.ARM.Collect$$rtexit$$00000002)
    __rt_exit_exit                           0x08000245   Thumb Code     0  rtexit2.o(.ARM.Collect$$rtexit$$00000004)
    Reset_Handler                            0x0800024d   Thumb Code     8  startup_stm32f205xx.o(.text)
    ADC_IRQHandler                           0x08000267   Thumb Code     0  startup_stm32f205xx.o(.text)
    CAN1_RX0_IRQHandler                      0x08000267   Thumb Code     0  startup_stm32f205xx.o(.text)
    CAN1_RX1_IRQHandler                      0x08000267   Thumb Code     0  startup_stm32f205xx.o(.text)
    CAN1_SCE_IRQHandler                      0x08000267   Thumb Code     0  startup_stm32f205xx.o(.text)
    CAN1_TX_IRQHandler                       0x08000267   Thumb Code     0  startup_stm32f205xx.o(.text)
    CAN2_RX0_IRQHandler                      0x08000267   Thumb Code     0  startup_stm32f205xx.o(.text)
    CAN2_RX1_IRQHandler                      0x08000267   Thumb Code     0  startup_stm32f205xx.o(.text)
    CAN2_SCE_IRQHandler                      0x08000267   Thumb Code     0  startup_stm32f205xx.o(.text)
    CAN2_TX_IRQHandler                       0x08000267   Thumb Code     0  startup_stm32f205xx.o(.text)
    DMA1_Stream0_IRQHandler                  0x08000267   Thumb Code     0  startup_stm32f205xx.o(.text)
    DMA1_Stream1_IRQHandler                  0x08000267   Thumb Code     0  startup_stm32f205xx.o(.text)
    DMA1_Stream2_IRQHandler                  0x08000267   Thumb Code     0  startup_stm32f205xx.o(.text)
    DMA1_Stream3_IRQHandler                  0x08000267   Thumb Code     0  startup_stm32f205xx.o(.text)
    DMA1_Stream4_IRQHandler                  0x08000267   Thumb Code     0  startup_stm32f205xx.o(.text)
    DMA1_Stream5_IRQHandler                  0x08000267   Thumb Code     0  startup_stm32f205xx.o(.text)
    DMA1_Stream6_IRQHandler                  0x08000267   Thumb Code     0  startup_stm32f205xx.o(.text)
    DMA1_Stream7_IRQHandler                  0x08000267   Thumb Code     0  startup_stm32f205xx.o(.text)
    DMA2_Stream0_IRQHandler                  0x08000267   Thumb Code     0  startup_stm32f205xx.o(.text)
    DMA2_Stream1_IRQHandler                  0x08000267   Thumb Code     0  startup_stm32f205xx.o(.text)
    DMA2_Stream3_IRQHandler                  0x08000267   Thumb Code     0  startup_stm32f205xx.o(.text)
    DMA2_Stream4_IRQHandler                  0x08000267   Thumb Code     0  startup_stm32f205xx.o(.text)
    DMA2_Stream5_IRQHandler                  0x08000267   Thumb Code     0  startup_stm32f205xx.o(.text)
    DMA2_Stream6_IRQHandler                  0x08000267   Thumb Code     0  startup_stm32f205xx.o(.text)
    EXTI0_IRQHandler                         0x08000267   Thumb Code     0  startup_stm32f205xx.o(.text)
    EXTI15_10_IRQHandler                     0x08000267   Thumb Code     0  startup_stm32f205xx.o(.text)
    EXTI1_IRQHandler                         0x08000267   Thumb Code     0  startup_stm32f205xx.o(.text)
    EXTI2_IRQHandler                         0x08000267   Thumb Code     0  startup_stm32f205xx.o(.text)
    EXTI3_IRQHandler                         0x08000267   Thumb Code     0  startup_stm32f205xx.o(.text)
    EXTI4_IRQHandler                         0x08000267   Thumb Code     0  startup_stm32f205xx.o(.text)
    EXTI9_5_IRQHandler                       0x08000267   Thumb Code     0  startup_stm32f205xx.o(.text)
    FLASH_IRQHandler                         0x08000267   Thumb Code     0  startup_stm32f205xx.o(.text)
    FSMC_IRQHandler                          0x08000267   Thumb Code     0  startup_stm32f205xx.o(.text)
    HASH_RNG_IRQHandler                      0x08000267   Thumb Code     0  startup_stm32f205xx.o(.text)
    I2C1_ER_IRQHandler                       0x08000267   Thumb Code     0  startup_stm32f205xx.o(.text)
    I2C1_EV_IRQHandler                       0x08000267   Thumb Code     0  startup_stm32f205xx.o(.text)
    I2C2_ER_IRQHandler                       0x08000267   Thumb Code     0  startup_stm32f205xx.o(.text)
    I2C2_EV_IRQHandler                       0x08000267   Thumb Code     0  startup_stm32f205xx.o(.text)
    I2C3_ER_IRQHandler                       0x08000267   Thumb Code     0  startup_stm32f205xx.o(.text)
    I2C3_EV_IRQHandler                       0x08000267   Thumb Code     0  startup_stm32f205xx.o(.text)
    OTG_FS_IRQHandler                        0x08000267   Thumb Code     0  startup_stm32f205xx.o(.text)
    OTG_FS_WKUP_IRQHandler                   0x08000267   Thumb Code     0  startup_stm32f205xx.o(.text)
    OTG_HS_EP1_IN_IRQHandler                 0x08000267   Thumb Code     0  startup_stm32f205xx.o(.text)
    OTG_HS_EP1_OUT_IRQHandler                0x08000267   Thumb Code     0  startup_stm32f205xx.o(.text)
    OTG_HS_IRQHandler                        0x08000267   Thumb Code     0  startup_stm32f205xx.o(.text)
    OTG_HS_WKUP_IRQHandler                   0x08000267   Thumb Code     0  startup_stm32f205xx.o(.text)
    PVD_IRQHandler                           0x08000267   Thumb Code     0  startup_stm32f205xx.o(.text)
    RCC_IRQHandler                           0x08000267   Thumb Code     0  startup_stm32f205xx.o(.text)
    RTC_Alarm_IRQHandler                     0x08000267   Thumb Code     0  startup_stm32f205xx.o(.text)
    RTC_WKUP_IRQHandler                      0x08000267   Thumb Code     0  startup_stm32f205xx.o(.text)
    SDIO_IRQHandler                          0x08000267   Thumb Code     0  startup_stm32f205xx.o(.text)
    SPI1_IRQHandler                          0x08000267   Thumb Code     0  startup_stm32f205xx.o(.text)
    SPI2_IRQHandler                          0x08000267   Thumb Code     0  startup_stm32f205xx.o(.text)
    SPI3_IRQHandler                          0x08000267   Thumb Code     0  startup_stm32f205xx.o(.text)
    TAMP_STAMP_IRQHandler                    0x08000267   Thumb Code     0  startup_stm32f205xx.o(.text)
    TIM1_BRK_TIM9_IRQHandler                 0x08000267   Thumb Code     0  startup_stm32f205xx.o(.text)
    TIM1_CC_IRQHandler                       0x08000267   Thumb Code     0  startup_stm32f205xx.o(.text)
    TIM1_TRG_COM_TIM11_IRQHandler            0x08000267   Thumb Code     0  startup_stm32f205xx.o(.text)
    TIM1_UP_TIM10_IRQHandler                 0x08000267   Thumb Code     0  startup_stm32f205xx.o(.text)
    TIM2_IRQHandler                          0x08000267   Thumb Code     0  startup_stm32f205xx.o(.text)
    TIM3_IRQHandler                          0x08000267   Thumb Code     0  startup_stm32f205xx.o(.text)
    TIM4_IRQHandler                          0x08000267   Thumb Code     0  startup_stm32f205xx.o(.text)
    TIM5_IRQHandler                          0x08000267   Thumb Code     0  startup_stm32f205xx.o(.text)
    TIM7_IRQHandler                          0x08000267   Thumb Code     0  startup_stm32f205xx.o(.text)
    TIM8_BRK_TIM12_IRQHandler                0x08000267   Thumb Code     0  startup_stm32f205xx.o(.text)
    TIM8_CC_IRQHandler                       0x08000267   Thumb Code     0  startup_stm32f205xx.o(.text)
    TIM8_TRG_COM_TIM14_IRQHandler            0x08000267   Thumb Code     0  startup_stm32f205xx.o(.text)
    TIM8_UP_TIM13_IRQHandler                 0x08000267   Thumb Code     0  startup_stm32f205xx.o(.text)
    USART6_IRQHandler                        0x08000267   Thumb Code     0  startup_stm32f205xx.o(.text)
    WWDG_IRQHandler                          0x08000267   Thumb Code     0  startup_stm32f205xx.o(.text)
    __user_initial_stackheap                 0x08000269   Thumb Code     0  startup_stm32f205xx.o(.text)
    __aeabi_uldivmod                         0x0800028d   Thumb Code     0  lludivv7m.o(.text)
    _ll_udiv                                 0x0800028d   Thumb Code   238  lludivv7m.o(.text)
    __2sprintf                               0x0800037d   Thumb Code    34  noretval__2sprintf.o(.text)
    _printf_pre_padding                      0x080003a5   Thumb Code    44  _printf_pad.o(.text)
    _printf_post_padding                     0x080003d1   Thumb Code    34  _printf_pad.o(.text)
    _printf_str                              0x080003f3   Thumb Code    82  _printf_str.o(.text)
    _printf_int_dec                          0x08000445   Thumb Code   104  _printf_dec.o(.text)
    _printf_int_hex                          0x080004bd   Thumb Code    84  _printf_hex_int.o(.text)
    _printf_longlong_hex                     0x080004bd   Thumb Code     0  _printf_hex_int.o(.text)
    __printf                                 0x08000515   Thumb Code   308  __printf_flags_wp.o(.text)
    strlen                                   0x0800064d   Thumb Code    62  strlen.o(.text)
    __aeabi_memclr4                          0x0800068b   Thumb Code     0  rt_memclr_w.o(.text)
    __aeabi_memclr8                          0x0800068b   Thumb Code     0  rt_memclr_w.o(.text)
    __rt_memclr_w                            0x0800068b   Thumb Code    78  rt_memclr_w.o(.text)
    _memset_w                                0x0800068f   Thumb Code     0  rt_memclr_w.o(.text)
    __use_two_region_memory                  0x080006d9   Thumb Code     2  heapauxi.o(.text)
    __rt_heap_escrow$2region                 0x080006db   Thumb Code     2  heapauxi.o(.text)
    __rt_heap_expand$2region                 0x080006dd   Thumb Code     2  heapauxi.o(.text)
    _printf_int_common                       0x080006df   Thumb Code   178  _printf_intcommon.o(.text)
    __lib_sel_fp_printf                      0x08000791   Thumb Code     2  _printf_fp_dec.o(.text)
    _printf_fp_dec_real                      0x08000943   Thumb Code   620  _printf_fp_dec.o(.text)
    _printf_char_common                      0x08000bbb   Thumb Code    32  _printf_char_common.o(.text)
    _sputc                                   0x08000be1   Thumb Code    10  _sputc.o(.text)
    _printf_cs_common                        0x08000beb   Thumb Code    20  _printf_char.o(.text)
    _printf_char                             0x08000bff   Thumb Code    16  _printf_char.o(.text)
    _printf_string                           0x08000c0f   Thumb Code     8  _printf_char.o(.text)
    __rt_locale                              0x08000c19   Thumb Code     8  rt_locale_intlibspace.o(.text)
    _ll_udiv10                               0x08000c21   Thumb Code   138  lludiv10.o(.text)
    _printf_fp_infnan                        0x08000cad   Thumb Code   112  _printf_fp_infnan.o(.text)
    _btod_etento                             0x08000d2d   Thumb Code   224  bigflt0.o(.text)
    __user_libspace                          0x08000e11   Thumb Code     8  libspace.o(.text)
    __user_perproc_libspace                  0x08000e11   Thumb Code     0  libspace.o(.text)
    __user_perthread_libspace                0x08000e11   Thumb Code     0  libspace.o(.text)
    __user_setup_stackheap                   0x08000e19   Thumb Code    74  sys_stackheap_outer.o(.text)
    exit                                     0x08000e63   Thumb Code    18  exit.o(.text)
    strcmp                                   0x08000e75   Thumb Code   128  strcmpv7m.o(.text)
    _sys_exit                                0x08000ef5   Thumb Code     8  sys_exit.o(.text)
    __I$use$semihosting                      0x08000f01   Thumb Code     0  use_no_semi.o(.text)
    __use_no_semihosting_swi                 0x08000f01   Thumb Code     2  use_no_semi.o(.text)
    __semihosting_library_function           0x08000f03   Thumb Code     0  indicate_semi.o(.text)
    _btod_d2e                                0x08000f03   Thumb Code    62  btod.o(CL$$btod_d2e)
    _d2e_denorm_low                          0x08000f41   Thumb Code    70  btod.o(CL$$btod_d2e_denorm_low)
    _d2e_norm_op1                            0x08000f87   Thumb Code    96  btod.o(CL$$btod_d2e_norm_op1)
    __btod_div_common                        0x08000fe7   Thumb Code   696  btod.o(CL$$btod_div_common)
    _e2e                                     0x0800131f   Thumb Code   220  btod.o(CL$$btod_e2e)
    _btod_ediv                               0x080013fb   Thumb Code    42  btod.o(CL$$btod_ediv)
    _btod_emul                               0x08001425   Thumb Code    42  btod.o(CL$$btod_emul)
    __btod_mult_common                       0x0800144f   Thumb Code   580  btod.o(CL$$btod_mult_common)
    ADCFilter                                0x08001695   Thumb Code   146  adc.o(i.ADCFilter)
    AdcConvert                               0x0800186d   Thumb Code   130  adc.o(i.AdcConvert)
    AdcFilterValue                           0x08001905   Thumb Code    48  adc.o(i.AdcFilterValue)
    AdcSetSpeed                              0x08001935   Thumb Code    90  usart.o(i.AdcSetSpeed)
    AddHistorySampleDateFloat                0x080019a9   Thumb Code    96  usart.o(i.AddHistorySampleDateFloat)
    AddHistorySampleDateFloatTwice           0x08001a09   Thumb Code   124  usart.o(i.AddHistorySampleDateFloatTwice)
    BIN2BCD                                  0x08001a85   Thumb Code    22  usart.o(i.BIN2BCD)
    BatteryDealt                             0x08001a9d   Thumb Code    60  usart.o(i.BatteryDealt)
    BatteryGetData                           0x08001ae1   Thumb Code    80  usart.o(i.BatteryGetData)
    BatteryUpDate                            0x08001b3d   Thumb Code   178  usart.o(i.BatteryUpDate)
    BubbleTimer                              0x08001bf9   Thumb Code   112  usart.o(i.BubbleTimer)
    BusFault_Handler                         0x08001c79   Thumb Code     2  stm32f2xx_it.o(i.BusFault_Handler)
    ChangeCurveRange                         0x08001c7b   Thumb Code   120  usart.o(i.ChangeCurveRange)
    ChangeIconFrame                          0x08001cf3   Thumb Code    80  usart.o(i.ChangeIconFrame)
    ChangePSWTxt                             0x08001d45   Thumb Code   110  usart.o(i.ChangePSWTxt)
    ChangeScreen                             0x08001dbd   Thumb Code    62  usart.o(i.ChangeScreen)
    ChangeSelectorIndex                      0x08001dfb   Thumb Code    76  usart.o(i.ChangeSelectorIndex)
    ChangeSetSpeed                           0x08001e49   Thumb Code    44  usart.o(i.ChangeSetSpeed)
    ChangeSetTemp                            0x08001e79   Thumb Code    56  usart.o(i.ChangeSetTemp)
    ChangeTxtValue                           0x08001ebd   Thumb Code   164  usart.o(i.ChangeTxtValue)
    ClearTxtContent                          0x08001f75   Thumb Code    72  usart.o(i.ClearTxtContent)
    DMA2_Stream2_IRQHandler                  0x08001fbd   Thumb Code     6  stm32f2xx_it.o(i.DMA2_Stream2_IRQHandler)
    DMA2_Stream7_IRQHandler                  0x08001fc9   Thumb Code     6  stm32f2xx_it.o(i.DMA2_Stream7_IRQHandler)
    DebugMon_Handler                         0x08002079   Thumb Code     2  stm32f2xx_it.o(i.DebugMon_Handler)
    Error_Handler                            0x0800207b   Thumb Code     4  main.o(i.Error_Handler)
    FLowGetData                              0x08002081   Thumb Code    20  usart.o(i.FLowGetData)
    FlowDealt                                0x08002099   Thumb Code   256  usart.o(i.FlowDealt)
    FlowGetMeasure                           0x080021f9   Thumb Code    92  usart.o(i.FlowGetMeasure)
    FlowSetBuble                             0x08002265   Thumb Code   120  usart.o(i.FlowSetBuble)
    GetRTCFromHMI                            0x080022e9   Thumb Code    46  usart.o(i.GetRTCFromHMI)
    GpioChk                                  0x08002319   Thumb Code   234  gpio.o(i.GpioChk)
    HAL_ADC_ConfigChannel                    0x0800241d   Thumb Code   322  stm32f2xx_hal_adc.o(i.HAL_ADC_ConfigChannel)
    HAL_ADC_GetValue                         0x0800256d   Thumb Code     6  stm32f2xx_hal_adc.o(i.HAL_ADC_GetValue)
    HAL_ADC_Init                             0x08002573   Thumb Code    84  stm32f2xx_hal_adc.o(i.HAL_ADC_Init)
    HAL_ADC_MspInit                          0x080025c9   Thumb Code   116  adc.o(i.HAL_ADC_MspInit)
    HAL_ADC_Start                            0x0800264d   Thumb Code   188  stm32f2xx_hal_adc.o(i.HAL_ADC_Start)
    HAL_ADC_Stop                             0x08002715   Thumb Code    60  stm32f2xx_hal_adc.o(i.HAL_ADC_Stop)
    HAL_DMA_Abort                            0x08002751   Thumb Code   146  stm32f2xx_hal_dma.o(i.HAL_DMA_Abort)
    HAL_DMA_Abort_IT                         0x080027e3   Thumb Code    36  stm32f2xx_hal_dma.o(i.HAL_DMA_Abort_IT)
    HAL_DMA_IRQHandler                       0x08002809   Thumb Code   412  stm32f2xx_hal_dma.o(i.HAL_DMA_IRQHandler)
    HAL_DMA_Init                             0x080029a9   Thumb Code   206  stm32f2xx_hal_dma.o(i.HAL_DMA_Init)
    HAL_DMA_Start_IT                         0x08002a7d   Thumb Code   110  stm32f2xx_hal_dma.o(i.HAL_DMA_Start_IT)
    HAL_Delay                                0x08002aed   Thumb Code    32  stm32f2xx_hal.o(i.HAL_Delay)
    HAL_GPIO_Init                            0x08002b11   Thumb Code   598  stm32f2xx_hal_gpio.o(i.HAL_GPIO_Init)
    HAL_GPIO_ReadPin                         0x08002d99   Thumb Code    10  stm32f2xx_hal_gpio.o(i.HAL_GPIO_ReadPin)
    HAL_GPIO_TogglePin                       0x08002da3   Thumb Code    16  stm32f2xx_hal_gpio.o(i.HAL_GPIO_TogglePin)
    HAL_GPIO_WritePin                        0x08002db3   Thumb Code    10  stm32f2xx_hal_gpio.o(i.HAL_GPIO_WritePin)
    HAL_GetTick                              0x08002dbd   Thumb Code     6  stm32f2xx_hal.o(i.HAL_GetTick)
    HAL_IncTick                              0x08002dc9   Thumb Code    12  stm32f2xx_hal.o(i.HAL_IncTick)
    HAL_Init                                 0x08002dd9   Thumb Code    48  stm32f2xx_hal.o(i.HAL_Init)
    HAL_InitTick                             0x08002e0d   Thumb Code    54  stm32f2xx_hal.o(i.HAL_InitTick)
    HAL_MspInit                              0x08002e4d   Thumb Code    42  stm32f2xx_hal_msp.o(i.HAL_MspInit)
    HAL_NVIC_EnableIRQ                       0x08002e7d   Thumb Code    26  stm32f2xx_hal_cortex.o(i.HAL_NVIC_EnableIRQ)
    HAL_NVIC_SetPriority                     0x08002e99   Thumb Code    60  stm32f2xx_hal_cortex.o(i.HAL_NVIC_SetPriority)
    HAL_NVIC_SetPriorityGrouping             0x08002ed9   Thumb Code    26  stm32f2xx_hal_cortex.o(i.HAL_NVIC_SetPriorityGrouping)
    HAL_RCCEx_PeriphCLKConfig                0x08002efd   Thumb Code   320  stm32f2xx_hal_rcc_ex.o(i.HAL_RCCEx_PeriphCLKConfig)
    HAL_RCC_ClockConfig                      0x08003051   Thumb Code   296  stm32f2xx_hal_rcc.o(i.HAL_RCC_ClockConfig)
    HAL_RCC_GetPCLK1Freq                     0x0800318d   Thumb Code    34  stm32f2xx_hal_rcc.o(i.HAL_RCC_GetPCLK1Freq)
    HAL_RCC_GetPCLK2Freq                     0x080031bd   Thumb Code    34  stm32f2xx_hal_rcc.o(i.HAL_RCC_GetPCLK2Freq)
    HAL_RCC_GetSysClockFreq                  0x080031ed   Thumb Code    88  stm32f2xx_hal_rcc.o(i.HAL_RCC_GetSysClockFreq)
    HAL_RCC_OscConfig                        0x0800324d   Thumb Code   818  stm32f2xx_hal_rcc.o(i.HAL_RCC_OscConfig)
    HAL_RTC_GetDate                          0x08003599   Thumb Code    62  stm32f2xx_hal_rtc.o(i.HAL_RTC_GetDate)
    HAL_RTC_GetTime                          0x080035dd   Thumb Code    62  stm32f2xx_hal_rtc.o(i.HAL_RTC_GetTime)
    HAL_RTC_Init                             0x08003621   Thumb Code   150  stm32f2xx_hal_rtc.o(i.HAL_RTC_Init)
    HAL_RTC_MspInit                          0x080036bd   Thumb Code    16  rtc.o(i.HAL_RTC_MspInit)
    HAL_RTC_SetDate                          0x080036d5   Thumb Code   146  stm32f2xx_hal_rtc.o(i.HAL_RTC_SetDate)
    HAL_RTC_SetTime                          0x0800376d   Thumb Code   186  stm32f2xx_hal_rtc.o(i.HAL_RTC_SetTime)
    HAL_RTC_WaitForSynchro                   0x0800382d   Thumb Code    50  stm32f2xx_hal_rtc.o(i.HAL_RTC_WaitForSynchro)
    HAL_SPI_Init                             0x0800385f   Thumb Code   188  stm32f2xx_hal_spi.o(i.HAL_SPI_Init)
    HAL_SPI_MspInit                          0x0800391d   Thumb Code    94  spi.o(i.HAL_SPI_MspInit)
    HAL_SPI_TransmitReceive                  0x08003989   Thumb Code   494  stm32f2xx_hal_spi.o(i.HAL_SPI_TransmitReceive)
    HAL_SYSTICK_Config                       0x08003b77   Thumb Code    40  stm32f2xx_hal_cortex.o(i.HAL_SYSTICK_Config)
    HAL_TIMEx_BreakCallback                  0x08003b9f   Thumb Code     2  stm32f2xx_hal_tim_ex.o(i.HAL_TIMEx_BreakCallback)
    HAL_TIMEx_CommutCallback                 0x08003ba1   Thumb Code     2  stm32f2xx_hal_tim_ex.o(i.HAL_TIMEx_CommutCallback)
    HAL_TIMEx_MasterConfigSynchronization    0x08003ba5   Thumb Code   116  stm32f2xx_hal_tim_ex.o(i.HAL_TIMEx_MasterConfigSynchronization)
    HAL_TIM_Base_Init                        0x08003c35   Thumb Code    90  stm32f2xx_hal_tim.o(i.HAL_TIM_Base_Init)
    HAL_TIM_Base_MspInit                     0x08003c91   Thumb Code    72  tim.o(i.HAL_TIM_Base_MspInit)
    HAL_TIM_Base_Start                       0x08003ce5   Thumb Code    90  stm32f2xx_hal_tim.o(i.HAL_TIM_Base_Start)
    HAL_TIM_Base_Start_IT                    0x08003d5d   Thumb Code   100  stm32f2xx_hal_tim.o(i.HAL_TIM_Base_Start_IT)
    HAL_TIM_Base_Stop                        0x08003ddd   Thumb Code    38  stm32f2xx_hal_tim.o(i.HAL_TIM_Base_Stop)
    HAL_TIM_IC_CaptureCallback               0x08003e03   Thumb Code     2  stm32f2xx_hal_tim.o(i.HAL_TIM_IC_CaptureCallback)
    HAL_TIM_IRQHandler                       0x08003e05   Thumb Code   358  stm32f2xx_hal_tim.o(i.HAL_TIM_IRQHandler)
    HAL_TIM_MspPostInit                      0x08003f6d   Thumb Code    68  tim.o(i.HAL_TIM_MspPostInit)
    HAL_TIM_OC_DelayElapsedCallback          0x08003fbd   Thumb Code     2  stm32f2xx_hal_tim.o(i.HAL_TIM_OC_DelayElapsedCallback)
    HAL_TIM_PWM_ConfigChannel                0x08003fbf   Thumb Code   204  stm32f2xx_hal_tim.o(i.HAL_TIM_PWM_ConfigChannel)
    HAL_TIM_PWM_Init                         0x0800408b   Thumb Code    90  stm32f2xx_hal_tim.o(i.HAL_TIM_PWM_Init)
    HAL_TIM_PWM_MspInit                      0x080040e5   Thumb Code    30  tim.o(i.HAL_TIM_PWM_MspInit)
    HAL_TIM_PWM_PulseFinishedCallback        0x0800410d   Thumb Code     2  stm32f2xx_hal_tim.o(i.HAL_TIM_PWM_PulseFinishedCallback)
    HAL_TIM_PWM_Start                        0x08004111   Thumb Code   172  stm32f2xx_hal_tim.o(i.HAL_TIM_PWM_Start)
    HAL_TIM_PWM_Stop                         0x080041d9   Thumb Code   114  stm32f2xx_hal_tim.o(i.HAL_TIM_PWM_Stop)
    HAL_TIM_PeriodElapsedCallback            0x08004255   Thumb Code    68  usart.o(i.HAL_TIM_PeriodElapsedCallback)
    HAL_TIM_TriggerCallback                  0x080042a9   Thumb Code     2  stm32f2xx_hal_tim.o(i.HAL_TIM_TriggerCallback)
    HAL_UARTEx_ReceiveToIdle_DMA             0x080042ab   Thumb Code    78  stm32f2xx_hal_uart.o(i.HAL_UARTEx_ReceiveToIdle_DMA)
    HAL_UARTEx_ReceiveToIdle_IT              0x080042f9   Thumb Code    78  stm32f2xx_hal_uart.o(i.HAL_UARTEx_ReceiveToIdle_IT)
    HAL_UARTEx_RxEventCallback               0x08004349   Thumb Code   186  usart.o(i.HAL_UARTEx_RxEventCallback)
    HAL_UART_ErrorCallback                   0x08004429   Thumb Code    24  usart.o(i.HAL_UART_ErrorCallback)
    HAL_UART_IRQHandler                      0x08004449   Thumb Code   618  stm32f2xx_hal_uart.o(i.HAL_UART_IRQHandler)
    HAL_UART_Init                            0x080046b9   Thumb Code   100  stm32f2xx_hal_uart.o(i.HAL_UART_Init)
    HAL_UART_MspInit                         0x0800471d   Thumb Code   556  usart.o(i.HAL_UART_MspInit)
    HAL_UART_RxCpltCallback                  0x08004979   Thumb Code     2  stm32f2xx_hal_uart.o(i.HAL_UART_RxCpltCallback)
    HAL_UART_RxHalfCpltCallback              0x0800497b   Thumb Code     2  stm32f2xx_hal_uart.o(i.HAL_UART_RxHalfCpltCallback)
    HAL_UART_Transmit_DMA                    0x0800497d   Thumb Code   106  stm32f2xx_hal_uart.o(i.HAL_UART_Transmit_DMA)
    HAL_UART_Transmit_IT                     0x080049f5   Thumb Code    50  stm32f2xx_hal_uart.o(i.HAL_UART_Transmit_IT)
    HAL_UART_TxCpltCallback                  0x08004a29   Thumb Code    92  usart.o(i.HAL_UART_TxCpltCallback)
    HAL_UART_TxHalfCpltCallback              0x08004aa5   Thumb Code     2  stm32f2xx_hal_uart.o(i.HAL_UART_TxHalfCpltCallback)
    HardFault_Handler                        0x08004aa7   Thumb Code     2  stm32f2xx_it.o(i.HardFault_Handler)
    HmiAdjustDected                          0x08004aa9   Thumb Code    90  usart.o(i.HmiAdjustDected)
    HmiCmdDealt                              0x08004b11   Thumb Code   876  usart.o(i.HmiCmdDealt)
    HmiWorkTimerRefresh                      0x08004ea1   Thumb Code   266  usart.o(i.HmiWorkTimerRefresh)
    IBPChkSum                                0x08004fb1   Thumb Code    30  usart.o(i.IBPChkSum)
    IBPCmdSend                               0x08004fd1   Thumb Code   314  usart.o(i.IBPCmdSend)
    IBPDataAnalysis                          0x08005119   Thumb Code   596  usart.o(i.IBPDataAnalysis)
    MX_ADC1_Init                             0x08005411   Thumb Code   174  adc.o(i.MX_ADC1_Init)
    MX_DMA_Init                              0x080054d1   Thumb Code    56  dma.o(i.MX_DMA_Init)
    MX_GPIO_Init                             0x0800550d   Thumb Code   232  gpio.o(i.MX_GPIO_Init)
    MX_IWDG_Init                             0x08005605   Thumb Code     2  iwdg.o(i.MX_IWDG_Init)
    MX_RTC_Init                              0x08005609   Thumb Code    44  rtc.o(i.MX_RTC_Init)
    MX_SPI2_Init                             0x0800563d   Thumb Code    64  spi.o(i.MX_SPI2_Init)
    MX_TIM4_Init                             0x08005685   Thumb Code   104  tim.o(i.MX_TIM4_Init)
    MX_TIM6_Init                             0x080056f5   Thumb Code    66  tim.o(i.MX_TIM6_Init)
    MX_TIM7_Init                             0x08005741   Thumb Code    62  tim.o(i.MX_TIM7_Init)
    MX_UART4_Init                            0x08005789   Thumb Code    48  usart.o(i.MX_UART4_Init)
    MX_UART5_Init                            0x080057c1   Thumb Code    48  usart.o(i.MX_UART5_Init)
    MX_USART1_UART_Init                      0x080057f9   Thumb Code    90  usart.o(i.MX_USART1_UART_Init)
    MX_USART2_UART_Init                      0x08005865   Thumb Code    48  usart.o(i.MX_USART2_UART_Init)
    MX_USART3_UART_Init                      0x0800589d   Thumb Code    74  usart.o(i.MX_USART3_UART_Init)
    MakeCrcFlow                              0x080058fd   Thumb Code    50  usart.o(i.MakeCrcFlow)
    MakeCrcModbus                            0x08005931   Thumb Code    54  usart.o(i.MakeCrcModbus)
    MemManage_Handler                        0x08005967   Thumb Code     2  stm32f2xx_it.o(i.MemManage_Handler)
    NMI_Handler                              0x08005969   Thumb Code     2  stm32f2xx_it.o(i.NMI_Handler)
    PendSV_Handler                           0x0800596b   Thumb Code     2  stm32f2xx_it.o(i.PendSV_Handler)
    RGBLedDealt                              0x0800596d   Thumb Code   120  gpio.o(i.RGBLedDealt)
    RTCSetDateAndTime                        0x080059f1   Thumb Code    32  rtc.o(i.RTCSetDateAndTime)
    RTCSetTime                               0x08005a19   Thumb Code    18  rtc.o(i.RTCSetTime)
    RTC_Bcd2ToByte                           0x08005a31   Thumb Code    18  stm32f2xx_hal_rtc.o(i.RTC_Bcd2ToByte)
    RTC_ByteToBcd2                           0x08005a43   Thumb Code    22  stm32f2xx_hal_rtc.o(i.RTC_ByteToBcd2)
    RTC_EnterInitMode                        0x08005a59   Thumb Code    72  stm32f2xx_hal_rtc.o(i.RTC_EnterInitMode)
    RTC_ExitInitMode                         0x08005aa1   Thumb Code    34  stm32f2xx_hal_rtc.o(i.RTC_ExitInitMode)
    RtcGetDateTime                           0x08005ac5   Thumb Code    28  rtc.o(i.RtcGetDateTime)
    RtcSetDate                               0x08005ae9   Thumb Code    18  rtc.o(i.RtcSetDate)
    SVC_Handler                              0x08005bd9   Thumb Code     2  stm32f2xx_it.o(i.SVC_Handler)
    SetCtrlVisable                           0x08005bdb   Thumb Code    76  usart.o(i.SetCtrlVisable)
    SetRTCToHmi                              0x08005c29   Thumb Code   118  usart.o(i.SetRTCToHmi)
    SetScreenCurveRange                      0x08005ca5   Thumb Code    88  usart.o(i.SetScreenCurveRange)
    SpiFlashEraseSector                      0x08005d05   Thumb Code    58  spi.o(i.SpiFlashEraseSector)
    SpiFlashRead                             0x08005d45   Thumb Code    74  spi.o(i.SpiFlashRead)
    SpiFlashReadID                           0x08005d95   Thumb Code   104  spi.o(i.SpiFlashReadID)
    SpiFlashReadOffset                       0x08005e01   Thumb Code    38  spi.o(i.SpiFlashReadOffset)
    SpiFlashReadSR                           0x08005e31   Thumb Code    68  spi.o(i.SpiFlashReadSR)
    SpiFlashSetOffset                        0x08005e99   Thumb Code    52  spi.o(i.SpiFlashSetOffset)
    SpiFlashWrite                            0x08005ee1   Thumb Code    86  spi.o(i.SpiFlashWrite)
    SpiFlashWriteEnable                      0x08005f3d   Thumb Code    38  spi.o(i.SpiFlashWriteEnable)
    SpiReadWriteByte                         0x08005f69   Thumb Code    28  spi.o(i.SpiReadWriteByte)
    SysTick_Handler                          0x08005f89   Thumb Code   138  stm32f2xx_it.o(i.SysTick_Handler)
    SystemClock_Config                       0x08006019   Thumb Code   134  main.o(i.SystemClock_Config)
    SystemInit                               0x0800609f   Thumb Code     2  system_stm32f2xx.o(i.SystemInit)
    TIM6_DAC_IRQHandler                      0x080060a1   Thumb Code     6  stm32f2xx_it.o(i.TIM6_DAC_IRQHandler)
    TIM_Base_SetConfig                       0x080060ad   Thumb Code   156  stm32f2xx_hal_tim.o(i.TIM_Base_SetConfig)
    TIM_CCxChannelCmd                        0x08006175   Thumb Code    26  stm32f2xx_hal_tim.o(i.TIM_CCxChannelCmd)
    TIM_OC2_SetConfig                        0x080061f1   Thumb Code    98  stm32f2xx_hal_tim.o(i.TIM_OC2_SetConfig)
    UART4_IRQHandler                         0x08006315   Thumb Code     6  stm32f2xx_it.o(i.UART4_IRQHandler)
    UART5_IRQHandler                         0x08006321   Thumb Code     6  stm32f2xx_it.o(i.UART5_IRQHandler)
    UART_Start_Receive_DMA                   0x080066c9   Thumb Code   130  stm32f2xx_hal_uart.o(i.UART_Start_Receive_DMA)
    UART_Start_Receive_IT                    0x08006759   Thumb Code    54  stm32f2xx_hal_uart.o(i.UART_Start_Receive_IT)
    USART1_IRQHandler                        0x08006791   Thumb Code     6  stm32f2xx_it.o(i.USART1_IRQHandler)
    USART2_IRQHandler                        0x0800679d   Thumb Code     6  stm32f2xx_it.o(i.USART2_IRQHandler)
    USART3_IRQHandler                        0x080067a9   Thumb Code     6  stm32f2xx_it.o(i.USART3_IRQHandler)
    UsageFault_Handler                       0x080067b5   Thumb Code     2  stm32f2xx_it.o(i.UsageFault_Handler)
    UsartSendData                            0x080067b9   Thumb Code   148  usart.o(i.UsartSendData)
    UsartSetTxBuf                            0x08006861   Thumb Code   122  usart.o(i.UsartSetTxBuf)
    __ARM_fpclassify                         0x080068e5   Thumb Code    40  fpclassify.o(i.__ARM_fpclassify)
    _is_digit                                0x0800692d   Thumb Code    14  __printf_wp.o(i._is_digit)
    main                                     0x0800693d   Thumb Code   942  main.o(i.main)
    _get_lc_numeric                          0x08006df5   Thumb Code    44  lc_numeric_c.o(locale$$code)
    __aeabi_d2f                              0x08006e21   Thumb Code     0  d2f.o(x$fpl$d2f)
    _d2f                                     0x08006e21   Thumb Code    98  d2f.o(x$fpl$d2f)
    __aeabi_dadd                             0x08006e85   Thumb Code     0  daddsub_clz.o(x$fpl$dadd)
    _dadd                                    0x08006e85   Thumb Code   332  daddsub_clz.o(x$fpl$dadd)
    __fpl_dcheck_NaN1                        0x08006fd5   Thumb Code    10  dcheck1.o(x$fpl$dcheck1)
    __aeabi_ddiv                             0x08006fe5   Thumb Code     0  ddiv.o(x$fpl$ddiv)
    _ddiv                                    0x08006fe5   Thumb Code   552  ddiv.o(x$fpl$ddiv)
    __aeabi_d2iz                             0x08007295   Thumb Code     0  dfix.o(x$fpl$dfix)
    _dfix                                    0x08007295   Thumb Code    94  dfix.o(x$fpl$dfix)
    __aeabi_d2uiz                            0x080072f5   Thumb Code     0  dfixu.o(x$fpl$dfixu)
    _dfixu                                   0x080072f5   Thumb Code    90  dfixu.o(x$fpl$dfixu)
    __aeabi_i2d                              0x0800734f   Thumb Code     0  dflt_clz.o(x$fpl$dflt)
    _dflt                                    0x0800734f   Thumb Code    46  dflt_clz.o(x$fpl$dflt)
    __aeabi_ui2d                             0x0800737d   Thumb Code     0  dflt_clz.o(x$fpl$dfltu)
    _dfltu                                   0x0800737d   Thumb Code    38  dflt_clz.o(x$fpl$dfltu)
    __aeabi_dmul                             0x080073a5   Thumb Code     0  dmul.o(x$fpl$dmul)
    _dmul                                    0x080073a5   Thumb Code   332  dmul.o(x$fpl$dmul)
    __fpl_dnaninf                            0x080074f9   Thumb Code   156  dnaninf.o(x$fpl$dnaninf)
    __fpl_dretinf                            0x08007595   Thumb Code    12  dretinf.o(x$fpl$dretinf)
    __aeabi_drsub                            0x080075a1   Thumb Code     0  daddsub_clz.o(x$fpl$drsb)
    _drsb                                    0x080075a1   Thumb Code    22  daddsub_clz.o(x$fpl$drsb)
    __aeabi_dsub                             0x080075b9   Thumb Code     0  daddsub_clz.o(x$fpl$dsub)
    _dsub                                    0x080075b9   Thumb Code   464  daddsub_clz.o(x$fpl$dsub)
    __aeabi_f2d                              0x0800778d   Thumb Code     0  f2d.o(x$fpl$f2d)
    _f2d                                     0x0800778d   Thumb Code    86  f2d.o(x$fpl$f2d)
    __aeabi_fadd                             0x080077e5   Thumb Code     0  faddsub_clz.o(x$fpl$fadd)
    _fadd                                    0x080077e5   Thumb Code   196  faddsub_clz.o(x$fpl$fadd)
    __aeabi_fdiv                             0x080078a9   Thumb Code     0  fdiv.o(x$fpl$fdiv)
    _fdiv                                    0x080078a9   Thumb Code   384  fdiv.o(x$fpl$fdiv)
    __aeabi_f2iz                             0x08007a2d   Thumb Code     0  ffix.o(x$fpl$ffix)
    _ffix                                    0x08007a2d   Thumb Code    54  ffix.o(x$fpl$ffix)
    __aeabi_ui2f                             0x08007a65   Thumb Code     0  fflt_clz.o(x$fpl$ffltu)
    _ffltu                                   0x08007a65   Thumb Code    38  fflt_clz.o(x$fpl$ffltu)
    __aeabi_fmul                             0x08007a8d   Thumb Code     0  fmul.o(x$fpl$fmul)
    _fmul                                    0x08007a8d   Thumb Code   258  fmul.o(x$fpl$fmul)
    __fpl_fnaninf                            0x08007b8f   Thumb Code   140  fnaninf.o(x$fpl$fnaninf)
    __fpl_fretinf                            0x08007c1b   Thumb Code    10  fretinf.o(x$fpl$fretinf)
    __aeabi_fsub                             0x08007c25   Thumb Code     0  faddsub_clz.o(x$fpl$fsub)
    _fsub                                    0x08007c25   Thumb Code   234  faddsub_clz.o(x$fpl$fsub)
    _printf_fp_dec                           0x08007d0f   Thumb Code     4  printf1.o(x$fpl$printf1)
    __fpl_return_NaN                         0x08007d13   Thumb Code   100  retnan.o(x$fpl$retnan)
    __ARM_scalbn                             0x08007d77   Thumb Code    92  scalbn.o(x$fpl$scalbn)
    __fpl_cmpreturn                          0x08007dd3   Thumb Code    48  trapv.o(x$fpl$trapveneer)
    __I$use$fp                               0x08007e02   Number         0  usenofp.o(x$fpl$usenofp)
    AHBPrescTable                            0x08007e24   Data          16  system_stm32f2xx.o(.constdata)
    APBPrescTable                            0x08007e34   Data           8  system_stm32f2xx.o(.constdata)
    Region$$Table$$Base                      0x08007f0c   Number         0  anon$$obj.o(Region$$Table)
    Region$$Table$$Limit                     0x08007f2c   Number         0  anon$$obj.o(Region$$Table)
    em1Status                                0x20000000   Data           1  gpio.o(.data)
    em0Status                                0x20000001   Data           1  gpio.o(.data)
    rgbLed                                   0x20000002   Data           1  gpio.o(.data)
    offsetPre1                               0x2000000c   Data           4  spi.o(.data)
    offsetPre2                               0x20000010   Data           4  spi.o(.data)
    setFlag                                  0x2000001b   Data           1  usart.o(.data)
    pswInput                                 0x2000002c   Data           4  usart.o(.data)
    sysTimeFlag                              0x20000050   Data           8  stm32f2xx_it.o(.data)
    uwTickFreq                               0x20000058   Data           1  stm32f2xx_hal.o(.data)
    uwTickPrio                               0x2000005c   Data           4  stm32f2xx_hal.o(.data)
    uwTick                                   0x20000060   Data           4  stm32f2xx_hal.o(.data)
    SystemCoreClock                          0x20000064   Data           4  system_stm32f2xx.o(.data)
    temp                                     0x20000068   Data          16  main.o(.bss)
    sysAdcValue                              0x20000090   Data          12  adc.o(.bss)
    hadc1                                    0x200003cc   Data          72  adc.o(.bss)
    valueAfter                               0x20000414   Data          12  adc.o(.bss)
    hrtc                                     0x20000498   Data          32  rtc.o(.bss)
    hspi2                                    0x200004b8   Data          88  spi.o(.bss)
    htim4                                    0x20000510   Data          72  tim.o(.bss)
    htim6                                    0x20000558   Data          72  tim.o(.bss)
    htim7                                    0x200005a0   Data          72  tim.o(.bss)
    dataDebug                                0x20000748   Data        1502  usart.o(.bss)
    queDebug                                 0x20000d26   Data         202  usart.o(.bss)
    dataHMI                                  0x20000df0   Data        1502  usart.o(.bss)
    queHMI                                   0x200013ce   Data         202  usart.o(.bss)
    flowRxBuf                                0x20001880   Data          60  usart.o(.bss)
    hmiRxBuf                                 0x200018bc   Data          30  usart.o(.bss)
    batRxBuf                                 0x200018da   Data          60  usart.o(.bss)
    ibpBuffer                                0x20001916   Data        1006  usart.o(.bss)
    sysIbpPar                                0x20001d04   Data          52  usart.o(.bss)
    ibpCmdQue                                0x20001d38   Data          64  usart.o(.bss)
    sysFlowPar                               0x20001d78   Data          28  usart.o(.bss)
    hmiCmd                                   0x20001d94   Data         312  usart.o(.bss)
    sysHmiPar                                0x20001ecc   Data          48  usart.o(.bss)
    huart4                                   0x20001efc   Data          72  usart.o(.bss)
    huart5                                   0x20001f44   Data          72  usart.o(.bss)
    huart1                                   0x20001f8c   Data          72  usart.o(.bss)
    huart2                                   0x20001fd4   Data          72  usart.o(.bss)
    huart3                                   0x2000201c   Data          72  usart.o(.bss)
    hdma_usart1_rx                           0x20002064   Data          96  usart.o(.bss)
    hdma_usart1_tx                           0x200020c4   Data          96  usart.o(.bss)
    __libspace_start                         0x20002124   Data          96  libspace.o(.bss)
    __temporary_stack_top$libspace           0x20002184   Data           0  libspace.o(.bss)



==============================================================================

Memory Map of the image

  Image Entry point : 0x08000185

  Load Region LR_IROM1 (Base: 0x08000000, Size: 0x00007fb0, Max: 0x00040000, ABSOLUTE)

    Execution Region ER_IROM1 (Exec base: 0x08000000, Load base: 0x08000000, Size: 0x00007f48, Max: 0x00040000, ABSOLUTE)

    Exec Addr    Load Addr    Size         Type   Attr      Idx    E Section Name        Object

    0x08000000   0x08000000   0x00000184   Data   RO            3    RESET               startup_stm32f205xx.o
    0x08000184   0x08000184   0x00000008   Code   RO         4614  * !!!main             c_w.l(__main.o)
    0x0800018c   0x0800018c   0x00000034   Code   RO         4910    !!!scatter          c_w.l(__scatter.o)
    0x080001c0   0x080001c0   0x0000001a   Code   RO         4912    !!handler_copy      c_w.l(__scatter_copy.o)
    0x080001da   0x080001da   0x00000002   PAD
    0x080001dc   0x080001dc   0x0000001c   Code   RO         4914    !!handler_zi        c_w.l(__scatter_zi.o)
    0x080001f8   0x080001f8   0x00000000   Code   RO         4607    .ARM.Collect$$_printf_percent$$00000000  c_w.l(_printf_percent.o)
    0x080001f8   0x080001f8   0x00000006   Code   RO         4606    .ARM.Collect$$_printf_percent$$00000003  c_w.l(_printf_f.o)
    0x080001fe   0x080001fe   0x00000006   Code   RO         4605    .ARM.Collect$$_printf_percent$$00000009  c_w.l(_printf_d.o)
    0x08000204   0x08000204   0x00000006   Code   RO         4604    .ARM.Collect$$_printf_percent$$0000000C  c_w.l(_printf_x.o)
    0x0800020a   0x0800020a   0x00000006   Code   RO         4603    .ARM.Collect$$_printf_percent$$00000014  c_w.l(_printf_s.o)
    0x08000210   0x08000210   0x00000004   Code   RO         4687    .ARM.Collect$$_printf_percent$$00000017  c_w.l(_printf_percent_end.o)
    0x08000214   0x08000214   0x00000002   Code   RO         4779    .ARM.Collect$$libinit$$00000000  c_w.l(libinit.o)
    0x08000216   0x08000216   0x00000000   Code   RO         4781    .ARM.Collect$$libinit$$00000002  c_w.l(libinit2.o)
    0x08000216   0x08000216   0x00000000   Code   RO         4783    .ARM.Collect$$libinit$$00000004  c_w.l(libinit2.o)
    0x08000216   0x08000216   0x00000000   Code   RO         4786    .ARM.Collect$$libinit$$0000000A  c_w.l(libinit2.o)
    0x08000216   0x08000216   0x00000000   Code   RO         4788    .ARM.Collect$$libinit$$0000000C  c_w.l(libinit2.o)
    0x08000216   0x08000216   0x00000000   Code   RO         4790    .ARM.Collect$$libinit$$0000000E  c_w.l(libinit2.o)
    0x08000216   0x08000216   0x00000006   Code   RO         4791    .ARM.Collect$$libinit$$0000000F  c_w.l(libinit2.o)
    0x0800021c   0x0800021c   0x00000000   Code   RO         4793    .ARM.Collect$$libinit$$00000011  c_w.l(libinit2.o)
    0x0800021c   0x0800021c   0x00000000   Code   RO         4795    .ARM.Collect$$libinit$$00000013  c_w.l(libinit2.o)
    0x0800021c   0x0800021c   0x00000000   Code   RO         4797    .ARM.Collect$$libinit$$00000015  c_w.l(libinit2.o)
    0x0800021c   0x0800021c   0x0000000a   Code   RO         4798    .ARM.Collect$$libinit$$00000016  c_w.l(libinit2.o)
    0x08000226   0x08000226   0x00000000   Code   RO         4799    .ARM.Collect$$libinit$$00000017  c_w.l(libinit2.o)
    0x08000226   0x08000226   0x00000000   Code   RO         4801    .ARM.Collect$$libinit$$00000019  c_w.l(libinit2.o)
    0x08000226   0x08000226   0x00000000   Code   RO         4803    .ARM.Collect$$libinit$$0000001B  c_w.l(libinit2.o)
    0x08000226   0x08000226   0x00000000   Code   RO         4805    .ARM.Collect$$libinit$$0000001D  c_w.l(libinit2.o)
    0x08000226   0x08000226   0x00000000   Code   RO         4807    .ARM.Collect$$libinit$$0000001F  c_w.l(libinit2.o)
    0x08000226   0x08000226   0x00000000   Code   RO         4809    .ARM.Collect$$libinit$$00000021  c_w.l(libinit2.o)
    0x08000226   0x08000226   0x00000000   Code   RO         4811    .ARM.Collect$$libinit$$00000023  c_w.l(libinit2.o)
    0x08000226   0x08000226   0x00000000   Code   RO         4813    .ARM.Collect$$libinit$$00000025  c_w.l(libinit2.o)
    0x08000226   0x08000226   0x00000000   Code   RO         4817    .ARM.Collect$$libinit$$0000002C  c_w.l(libinit2.o)
    0x08000226   0x08000226   0x00000000   Code   RO         4819    .ARM.Collect$$libinit$$0000002E  c_w.l(libinit2.o)
    0x08000226   0x08000226   0x00000000   Code   RO         4821    .ARM.Collect$$libinit$$00000030  c_w.l(libinit2.o)
    0x08000226   0x08000226   0x00000000   Code   RO         4823    .ARM.Collect$$libinit$$00000032  c_w.l(libinit2.o)
    0x08000226   0x08000226   0x00000002   Code   RO         4824    .ARM.Collect$$libinit$$00000033  c_w.l(libinit2.o)
    0x08000228   0x08000228   0x00000002   Code   RO         4873    .ARM.Collect$$libshutdown$$00000000  c_w.l(libshutdown.o)
    0x0800022a   0x0800022a   0x00000000   Code   RO         4891    .ARM.Collect$$libshutdown$$00000002  c_w.l(libshutdown2.o)
    0x0800022a   0x0800022a   0x00000000   Code   RO         4893    .ARM.Collect$$libshutdown$$00000004  c_w.l(libshutdown2.o)
    0x0800022a   0x0800022a   0x00000000   Code   RO         4895    .ARM.Collect$$libshutdown$$00000006  c_w.l(libshutdown2.o)
    0x0800022a   0x0800022a   0x00000000   Code   RO         4898    .ARM.Collect$$libshutdown$$00000009  c_w.l(libshutdown2.o)
    0x0800022a   0x0800022a   0x00000000   Code   RO         4901    .ARM.Collect$$libshutdown$$0000000C  c_w.l(libshutdown2.o)
    0x0800022a   0x0800022a   0x00000000   Code   RO         4903    .ARM.Collect$$libshutdown$$0000000E  c_w.l(libshutdown2.o)
    0x0800022a   0x0800022a   0x00000000   Code   RO         4906    .ARM.Collect$$libshutdown$$00000011  c_w.l(libshutdown2.o)
    0x0800022a   0x0800022a   0x00000002   Code   RO         4907    .ARM.Collect$$libshutdown$$00000012  c_w.l(libshutdown2.o)
    0x0800022c   0x0800022c   0x00000000   Code   RO         4672    .ARM.Collect$$rtentry$$00000000  c_w.l(__rtentry.o)
    0x0800022c   0x0800022c   0x00000000   Code   RO         4700    .ARM.Collect$$rtentry$$00000002  c_w.l(__rtentry2.o)
    0x0800022c   0x0800022c   0x00000006   Code   RO         4712    .ARM.Collect$$rtentry$$00000004  c_w.l(__rtentry4.o)
    0x08000232   0x08000232   0x00000000   Code   RO         4702    .ARM.Collect$$rtentry$$00000009  c_w.l(__rtentry2.o)
    0x08000232   0x08000232   0x00000004   Code   RO         4703    .ARM.Collect$$rtentry$$0000000A  c_w.l(__rtentry2.o)
    0x08000236   0x08000236   0x00000000   Code   RO         4705    .ARM.Collect$$rtentry$$0000000C  c_w.l(__rtentry2.o)
    0x08000236   0x08000236   0x00000008   Code   RO         4706    .ARM.Collect$$rtentry$$0000000D  c_w.l(__rtentry2.o)
    0x0800023e   0x0800023e   0x00000002   Code   RO         4827    .ARM.Collect$$rtexit$$00000000  c_w.l(rtexit.o)
    0x08000240   0x08000240   0x00000000   Code   RO         4842    .ARM.Collect$$rtexit$$00000002  c_w.l(rtexit2.o)
    0x08000240   0x08000240   0x00000004   Code   RO         4843    .ARM.Collect$$rtexit$$00000003  c_w.l(rtexit2.o)
    0x08000244   0x08000244   0x00000006   Code   RO         4844    .ARM.Collect$$rtexit$$00000004  c_w.l(rtexit2.o)
    0x0800024a   0x0800024a   0x00000002   PAD
    0x0800024c   0x0800024c   0x00000040   Code   RO            4    .text               startup_stm32f205xx.o
    0x0800028c   0x0800028c   0x000000ee   Code   RO         4548    .text               c_w.l(lludivv7m.o)
    0x0800037a   0x0800037a   0x00000002   PAD
    0x0800037c   0x0800037c   0x00000028   Code   RO         4552    .text               c_w.l(noretval__2sprintf.o)
    0x080003a4   0x080003a4   0x0000004e   Code   RO         4556    .text               c_w.l(_printf_pad.o)
    0x080003f2   0x080003f2   0x00000052   Code   RO         4558    .text               c_w.l(_printf_str.o)
    0x08000444   0x08000444   0x00000078   Code   RO         4560    .text               c_w.l(_printf_dec.o)
    0x080004bc   0x080004bc   0x00000058   Code   RO         4565    .text               c_w.l(_printf_hex_int.o)
    0x08000514   0x08000514   0x00000138   Code   RO         4595    .text               c_w.l(__printf_flags_wp.o)
    0x0800064c   0x0800064c   0x0000003e   Code   RO         4608    .text               c_w.l(strlen.o)
    0x0800068a   0x0800068a   0x0000004e   Code   RO         4610    .text               c_w.l(rt_memclr_w.o)
    0x080006d8   0x080006d8   0x00000006   Code   RO         4612    .text               c_w.l(heapauxi.o)
    0x080006de   0x080006de   0x000000b2   Code   RO         4677    .text               c_w.l(_printf_intcommon.o)
    0x08000790   0x08000790   0x0000041e   Code   RO         4679    .text               c_w.l(_printf_fp_dec.o)
    0x08000bae   0x08000bae   0x00000002   PAD
    0x08000bb0   0x08000bb0   0x00000030   Code   RO         4681    .text               c_w.l(_printf_char_common.o)
    0x08000be0   0x08000be0   0x0000000a   Code   RO         4683    .text               c_w.l(_sputc.o)
    0x08000bea   0x08000bea   0x0000002c   Code   RO         4685    .text               c_w.l(_printf_char.o)
    0x08000c16   0x08000c16   0x00000002   PAD
    0x08000c18   0x08000c18   0x00000008   Code   RO         4719    .text               c_w.l(rt_locale_intlibspace.o)
    0x08000c20   0x08000c20   0x0000008a   Code   RO         4721    .text               c_w.l(lludiv10.o)
    0x08000caa   0x08000caa   0x00000002   PAD
    0x08000cac   0x08000cac   0x00000080   Code   RO         4723    .text               c_w.l(_printf_fp_infnan.o)
    0x08000d2c   0x08000d2c   0x000000e4   Code   RO         4727    .text               c_w.l(bigflt0.o)
    0x08000e10   0x08000e10   0x00000008   Code   RO         4761    .text               c_w.l(libspace.o)
    0x08000e18   0x08000e18   0x0000004a   Code   RO         4764    .text               c_w.l(sys_stackheap_outer.o)
    0x08000e62   0x08000e62   0x00000012   Code   RO         4766    .text               c_w.l(exit.o)
    0x08000e74   0x08000e74   0x00000080   Code   RO         4772    .text               c_w.l(strcmpv7m.o)
    0x08000ef4   0x08000ef4   0x0000000c   Code   RO         4839    .text               c_w.l(sys_exit.o)
    0x08000f00   0x08000f00   0x00000002   Code   RO         4860    .text               c_w.l(use_no_semi.o)
    0x08000f02   0x08000f02   0x00000000   Code   RO         4862    .text               c_w.l(indicate_semi.o)
    0x08000f02   0x08000f02   0x0000003e   Code   RO         4730    CL$$btod_d2e        c_w.l(btod.o)
    0x08000f40   0x08000f40   0x00000046   Code   RO         4732    CL$$btod_d2e_denorm_low  c_w.l(btod.o)
    0x08000f86   0x08000f86   0x00000060   Code   RO         4731    CL$$btod_d2e_norm_op1  c_w.l(btod.o)
    0x08000fe6   0x08000fe6   0x00000338   Code   RO         4740    CL$$btod_div_common  c_w.l(btod.o)
    0x0800131e   0x0800131e   0x000000dc   Code   RO         4737    CL$$btod_e2e        c_w.l(btod.o)
    0x080013fa   0x080013fa   0x0000002a   Code   RO         4734    CL$$btod_ediv       c_w.l(btod.o)
    0x08001424   0x08001424   0x0000002a   Code   RO         4733    CL$$btod_emul       c_w.l(btod.o)
    0x0800144e   0x0800144e   0x00000244   Code   RO         4739    CL$$btod_mult_common  c_w.l(btod.o)
    0x08001692   0x08001692   0x00000002   PAD
    0x08001694   0x08001694   0x000000a0   Code   RO          250    i.ADCFilter         adc.o
    0x08001734   0x08001734   0x00000138   Code   RO         1098    i.ADC_Init          stm32f2xx_hal_adc.o
    0x0800186c   0x0800186c   0x00000098   Code   RO          251    i.AdcConvert        adc.o
    0x08001904   0x08001904   0x00000030   Code   RO          252    i.AdcFilterValue    adc.o
    0x08001934   0x08001934   0x00000074   Code   RO          618    i.AdcSetSpeed       usart.o
    0x080019a8   0x080019a8   0x00000060   Code   RO          619    i.AddHistorySampleDateFloat  usart.o
    0x08001a08   0x08001a08   0x0000007c   Code   RO          620    i.AddHistorySampleDateFloatTwice  usart.o
    0x08001a84   0x08001a84   0x00000016   Code   RO          621    i.BIN2BCD           usart.o
    0x08001a9a   0x08001a9a   0x00000002   PAD
    0x08001a9c   0x08001a9c   0x00000044   Code   RO          622    i.BatteryDealt      usart.o
    0x08001ae0   0x08001ae0   0x0000005c   Code   RO          623    i.BatteryGetData    usart.o
    0x08001b3c   0x08001b3c   0x000000bc   Code   RO          624    i.BatteryUpDate     usart.o
    0x08001bf8   0x08001bf8   0x00000080   Code   RO          625    i.BubbleTimer       usart.o
    0x08001c78   0x08001c78   0x00000002   Code   RO          940    i.BusFault_Handler  stm32f2xx_it.o
    0x08001c7a   0x08001c7a   0x00000078   Code   RO          626    i.ChangeCurveRange  usart.o
    0x08001cf2   0x08001cf2   0x00000050   Code   RO          627    i.ChangeIconFrame   usart.o
    0x08001d42   0x08001d42   0x00000002   PAD
    0x08001d44   0x08001d44   0x00000078   Code   RO          628    i.ChangePSWTxt      usart.o
    0x08001dbc   0x08001dbc   0x0000003e   Code   RO          629    i.ChangeScreen      usart.o
    0x08001dfa   0x08001dfa   0x0000004c   Code   RO          630    i.ChangeSelectorIndex  usart.o
    0x08001e46   0x08001e46   0x00000002   PAD
    0x08001e48   0x08001e48   0x00000030   Code   RO          631    i.ChangeSetSpeed    usart.o
    0x08001e78   0x08001e78   0x00000044   Code   RO          632    i.ChangeSetTemp     usart.o
    0x08001ebc   0x08001ebc   0x000000b8   Code   RO          634    i.ChangeTxtValue    usart.o
    0x08001f74   0x08001f74   0x00000048   Code   RO          635    i.ClearTxtContent   usart.o
    0x08001fbc   0x08001fbc   0x0000000c   Code   RO          941    i.DMA2_Stream2_IRQHandler  stm32f2xx_it.o
    0x08001fc8   0x08001fc8   0x0000000c   Code   RO          942    i.DMA2_Stream7_IRQHandler  stm32f2xx_it.o
    0x08001fd4   0x08001fd4   0x00000028   Code   RO         2241    i.DMA_CalcBaseAndBitshift  stm32f2xx_hal_dma.o
    0x08001ffc   0x08001ffc   0x00000054   Code   RO         2242    i.DMA_CheckFifoParam  stm32f2xx_hal_dma.o
    0x08002050   0x08002050   0x00000028   Code   RO         2243    i.DMA_SetConfig     stm32f2xx_hal_dma.o
    0x08002078   0x08002078   0x00000002   Code   RO          943    i.DebugMon_Handler  stm32f2xx_it.o
    0x0800207a   0x0800207a   0x00000004   Code   RO           13    i.Error_Handler     main.o
    0x0800207e   0x0800207e   0x00000002   PAD
    0x08002080   0x08002080   0x00000018   Code   RO          636    i.FLowGetData       usart.o
    0x08002098   0x08002098   0x00000160   Code   RO          637    i.FlowDealt         usart.o
    0x080021f8   0x080021f8   0x0000006c   Code   RO          639    i.FlowGetMeasure    usart.o
    0x08002264   0x08002264   0x00000084   Code   RO          640    i.FlowSetBuble      usart.o
    0x080022e8   0x080022e8   0x0000002e   Code   RO          641    i.GetRTCFromHMI     usart.o
    0x08002316   0x08002316   0x00000002   PAD
    0x08002318   0x08002318   0x00000104   Code   RO          206    i.GpioChk           gpio.o
    0x0800241c   0x0800241c   0x00000150   Code   RO         1100    i.HAL_ADC_ConfigChannel  stm32f2xx_hal_adc.o
    0x0800256c   0x0800256c   0x00000006   Code   RO         1107    i.HAL_ADC_GetValue  stm32f2xx_hal_adc.o
    0x08002572   0x08002572   0x00000054   Code   RO         1109    i.HAL_ADC_Init      stm32f2xx_hal_adc.o
    0x080025c6   0x080025c6   0x00000002   PAD
    0x080025c8   0x080025c8   0x00000084   Code   RO          254    i.HAL_ADC_MspInit   adc.o
    0x0800264c   0x0800264c   0x000000c8   Code   RO         1115    i.HAL_ADC_Start     stm32f2xx_hal_adc.o
    0x08002714   0x08002714   0x0000003c   Code   RO         1118    i.HAL_ADC_Stop      stm32f2xx_hal_adc.o
    0x08002750   0x08002750   0x00000092   Code   RO         2244    i.HAL_DMA_Abort     stm32f2xx_hal_dma.o
    0x080027e2   0x080027e2   0x00000024   Code   RO         2245    i.HAL_DMA_Abort_IT  stm32f2xx_hal_dma.o
    0x08002806   0x08002806   0x00000002   PAD
    0x08002808   0x08002808   0x000001a0   Code   RO         2249    i.HAL_DMA_IRQHandler  stm32f2xx_hal_dma.o
    0x080029a8   0x080029a8   0x000000d4   Code   RO         2250    i.HAL_DMA_Init      stm32f2xx_hal_dma.o
    0x08002a7c   0x08002a7c   0x0000006e   Code   RO         2254    i.HAL_DMA_Start_IT  stm32f2xx_hal_dma.o
    0x08002aea   0x08002aea   0x00000002   PAD
    0x08002aec   0x08002aec   0x00000024   Code   RO         1377    i.HAL_Delay         stm32f2xx_hal.o
    0x08002b10   0x08002b10   0x00000288   Code   RO         2178    i.HAL_GPIO_Init     stm32f2xx_hal_gpio.o
    0x08002d98   0x08002d98   0x0000000a   Code   RO         2180    i.HAL_GPIO_ReadPin  stm32f2xx_hal_gpio.o
    0x08002da2   0x08002da2   0x00000010   Code   RO         2181    i.HAL_GPIO_TogglePin  stm32f2xx_hal_gpio.o
    0x08002db2   0x08002db2   0x0000000a   Code   RO         2182    i.HAL_GPIO_WritePin  stm32f2xx_hal_gpio.o
    0x08002dbc   0x08002dbc   0x0000000c   Code   RO         1383    i.HAL_GetTick       stm32f2xx_hal.o
    0x08002dc8   0x08002dc8   0x00000010   Code   RO         1389    i.HAL_IncTick       stm32f2xx_hal.o
    0x08002dd8   0x08002dd8   0x00000034   Code   RO         1390    i.HAL_Init          stm32f2xx_hal.o
    0x08002e0c   0x08002e0c   0x00000040   Code   RO         1391    i.HAL_InitTick      stm32f2xx_hal.o
    0x08002e4c   0x08002e4c   0x00000030   Code   RO         1071    i.HAL_MspInit       stm32f2xx_hal_msp.o
    0x08002e7c   0x08002e7c   0x0000001a   Code   RO         1705    i.HAL_NVIC_EnableIRQ  stm32f2xx_hal_cortex.o
    0x08002e96   0x08002e96   0x00000002   PAD
    0x08002e98   0x08002e98   0x00000040   Code   RO         1711    i.HAL_NVIC_SetPriority  stm32f2xx_hal_cortex.o
    0x08002ed8   0x08002ed8   0x00000024   Code   RO         1712    i.HAL_NVIC_SetPriorityGrouping  stm32f2xx_hal_cortex.o
    0x08002efc   0x08002efc   0x00000154   Code   RO         1661    i.HAL_RCCEx_PeriphCLKConfig  stm32f2xx_hal_rcc_ex.o
    0x08003050   0x08003050   0x0000013c   Code   RO         1557    i.HAL_RCC_ClockConfig  stm32f2xx_hal_rcc.o
    0x0800318c   0x0800318c   0x00000030   Code   RO         1564    i.HAL_RCC_GetPCLK1Freq  stm32f2xx_hal_rcc.o
    0x080031bc   0x080031bc   0x00000030   Code   RO         1565    i.HAL_RCC_GetPCLK2Freq  stm32f2xx_hal_rcc.o
    0x080031ec   0x080031ec   0x00000060   Code   RO         1566    i.HAL_RCC_GetSysClockFreq  stm32f2xx_hal_rcc.o
    0x0800324c   0x0800324c   0x0000034c   Code   RO         1569    i.HAL_RCC_OscConfig  stm32f2xx_hal_rcc.o
    0x08003598   0x08003598   0x00000044   Code   RO         2500    i.HAL_RTC_GetDate   stm32f2xx_hal_rtc.o
    0x080035dc   0x080035dc   0x00000044   Code   RO         2502    i.HAL_RTC_GetTime   stm32f2xx_hal_rtc.o
    0x08003620   0x08003620   0x0000009c   Code   RO         2503    i.HAL_RTC_Init      stm32f2xx_hal_rtc.o
    0x080036bc   0x080036bc   0x00000018   Code   RO          371    i.HAL_RTC_MspInit   rtc.o
    0x080036d4   0x080036d4   0x00000098   Code   RO         2509    i.HAL_RTC_SetDate   stm32f2xx_hal_rtc.o
    0x0800376c   0x0800376c   0x000000c0   Code   RO         2510    i.HAL_RTC_SetTime   stm32f2xx_hal_rtc.o
    0x0800382c   0x0800382c   0x00000032   Code   RO         2511    i.HAL_RTC_WaitForSynchro  stm32f2xx_hal_rtc.o
    0x0800385e   0x0800385e   0x000000bc   Code   RO         2864    i.HAL_SPI_Init      stm32f2xx_hal_spi.o
    0x0800391a   0x0800391a   0x00000002   PAD
    0x0800391c   0x0800391c   0x0000006c   Code   RO          437    i.HAL_SPI_MspInit   spi.o
    0x08003988   0x08003988   0x000001ee   Code   RO         2873    i.HAL_SPI_TransmitReceive  stm32f2xx_hal_spi.o
    0x08003b76   0x08003b76   0x00000028   Code   RO         1716    i.HAL_SYSTICK_Config  stm32f2xx_hal_cortex.o
    0x08003b9e   0x08003b9e   0x00000002   Code   RO         3881    i.HAL_TIMEx_BreakCallback  stm32f2xx_hal_tim_ex.o
    0x08003ba0   0x08003ba0   0x00000002   Code   RO         3882    i.HAL_TIMEx_CommutCallback  stm32f2xx_hal_tim_ex.o
    0x08003ba2   0x08003ba2   0x00000002   PAD
    0x08003ba4   0x08003ba4   0x00000090   Code   RO         3900    i.HAL_TIMEx_MasterConfigSynchronization  stm32f2xx_hal_tim_ex.o
    0x08003c34   0x08003c34   0x0000005a   Code   RO         3177    i.HAL_TIM_Base_Init  stm32f2xx_hal_tim.o
    0x08003c8e   0x08003c8e   0x00000002   PAD
    0x08003c90   0x08003c90   0x00000054   Code   RO          547    i.HAL_TIM_Base_MspInit  tim.o
    0x08003ce4   0x08003ce4   0x00000078   Code   RO         3180    i.HAL_TIM_Base_Start  stm32f2xx_hal_tim.o
    0x08003d5c   0x08003d5c   0x00000080   Code   RO         3182    i.HAL_TIM_Base_Start_IT  stm32f2xx_hal_tim.o
    0x08003ddc   0x08003ddc   0x00000026   Code   RO         3183    i.HAL_TIM_Base_Stop  stm32f2xx_hal_tim.o
    0x08003e02   0x08003e02   0x00000002   Code   RO         3211    i.HAL_TIM_IC_CaptureCallback  stm32f2xx_hal_tim.o
    0x08003e04   0x08003e04   0x00000166   Code   RO         3225    i.HAL_TIM_IRQHandler  stm32f2xx_hal_tim.o
    0x08003f6a   0x08003f6a   0x00000002   PAD
    0x08003f6c   0x08003f6c   0x00000050   Code   RO          548    i.HAL_TIM_MspPostInit  tim.o
    0x08003fbc   0x08003fbc   0x00000002   Code   RO         3228    i.HAL_TIM_OC_DelayElapsedCallback  stm32f2xx_hal_tim.o
    0x08003fbe   0x08003fbe   0x000000cc   Code   RO         3249    i.HAL_TIM_PWM_ConfigChannel  stm32f2xx_hal_tim.o
    0x0800408a   0x0800408a   0x0000005a   Code   RO         3252    i.HAL_TIM_PWM_Init  stm32f2xx_hal_tim.o
    0x080040e4   0x080040e4   0x00000028   Code   RO          550    i.HAL_TIM_PWM_MspInit  tim.o
    0x0800410c   0x0800410c   0x00000002   Code   RO         3255    i.HAL_TIM_PWM_PulseFinishedCallback  stm32f2xx_hal_tim.o
    0x0800410e   0x0800410e   0x00000002   PAD
    0x08004110   0x08004110   0x000000c8   Code   RO         3257    i.HAL_TIM_PWM_Start  stm32f2xx_hal_tim.o
    0x080041d8   0x080041d8   0x0000007c   Code   RO         3260    i.HAL_TIM_PWM_Stop  stm32f2xx_hal_tim.o
    0x08004254   0x08004254   0x00000054   Code   RO          642    i.HAL_TIM_PeriodElapsedCallback  usart.o
    0x080042a8   0x080042a8   0x00000002   Code   RO         3268    i.HAL_TIM_TriggerCallback  stm32f2xx_hal_tim.o
    0x080042aa   0x080042aa   0x0000004e   Code   RO         4158    i.HAL_UARTEx_ReceiveToIdle_DMA  stm32f2xx_hal_uart.o
    0x080042f8   0x080042f8   0x0000004e   Code   RO         4159    i.HAL_UARTEx_ReceiveToIdle_IT  stm32f2xx_hal_uart.o
    0x08004346   0x08004346   0x00000002   PAD
    0x08004348   0x08004348   0x000000e0   Code   RO          643    i.HAL_UARTEx_RxEventCallback  usart.o
    0x08004428   0x08004428   0x00000020   Code   RO          644    i.HAL_UART_ErrorCallback  usart.o
    0x08004448   0x08004448   0x00000270   Code   RO         4177    i.HAL_UART_IRQHandler  stm32f2xx_hal_uart.o
    0x080046b8   0x080046b8   0x00000064   Code   RO         4178    i.HAL_UART_Init     stm32f2xx_hal_uart.o
    0x0800471c   0x0800471c   0x0000025c   Code   RO          646    i.HAL_UART_MspInit  usart.o
    0x08004978   0x08004978   0x00000002   Code   RO         4184    i.HAL_UART_RxCpltCallback  stm32f2xx_hal_uart.o
    0x0800497a   0x0800497a   0x00000002   Code   RO         4185    i.HAL_UART_RxHalfCpltCallback  stm32f2xx_hal_uart.o
    0x0800497c   0x0800497c   0x00000078   Code   RO         4187    i.HAL_UART_Transmit_DMA  stm32f2xx_hal_uart.o
    0x080049f4   0x080049f4   0x00000032   Code   RO         4188    i.HAL_UART_Transmit_IT  stm32f2xx_hal_uart.o
    0x08004a26   0x08004a26   0x00000002   PAD
    0x08004a28   0x08004a28   0x0000007c   Code   RO          647    i.HAL_UART_TxCpltCallback  usart.o
    0x08004aa4   0x08004aa4   0x00000002   Code   RO         4190    i.HAL_UART_TxHalfCpltCallback  stm32f2xx_hal_uart.o
    0x08004aa6   0x08004aa6   0x00000002   Code   RO          944    i.HardFault_Handler  stm32f2xx_it.o
    0x08004aa8   0x08004aa8   0x00000068   Code   RO          648    i.HmiAdjustDected   usart.o
    0x08004b10   0x08004b10   0x00000390   Code   RO          649    i.HmiCmdDealt       usart.o
    0x08004ea0   0x08004ea0   0x00000110   Code   RO          650    i.HmiWorkTimerRefresh  usart.o
    0x08004fb0   0x08004fb0   0x0000001e   Code   RO          651    i.IBPChkSum         usart.o
    0x08004fce   0x08004fce   0x00000002   PAD
    0x08004fd0   0x08004fd0   0x00000148   Code   RO          653    i.IBPCmdSend        usart.o
    0x08005118   0x08005118   0x000002f8   Code   RO          654    i.IBPDataAnalysis   usart.o
    0x08005410   0x08005410   0x000000c0   Code   RO          255    i.MX_ADC1_Init      adc.o
    0x080054d0   0x080054d0   0x0000003c   Code   RO          316    i.MX_DMA_Init       dma.o
    0x0800550c   0x0800550c   0x000000f8   Code   RO          207    i.MX_GPIO_Init      gpio.o
    0x08005604   0x08005604   0x00000002   Code   RO          340    i.MX_IWDG_Init      iwdg.o
    0x08005606   0x08005606   0x00000002   PAD
    0x08005608   0x08005608   0x00000034   Code   RO          372    i.MX_RTC_Init       rtc.o
    0x0800563c   0x0800563c   0x00000048   Code   RO          438    i.MX_SPI2_Init      spi.o
    0x08005684   0x08005684   0x00000070   Code   RO          551    i.MX_TIM4_Init      tim.o
    0x080056f4   0x080056f4   0x0000004c   Code   RO          552    i.MX_TIM6_Init      tim.o
    0x08005740   0x08005740   0x00000048   Code   RO          553    i.MX_TIM7_Init      tim.o
    0x08005788   0x08005788   0x00000038   Code   RO          655    i.MX_UART4_Init     usart.o
    0x080057c0   0x080057c0   0x00000038   Code   RO          656    i.MX_UART5_Init     usart.o
    0x080057f8   0x080057f8   0x0000006c   Code   RO          657    i.MX_USART1_UART_Init  usart.o
    0x08005864   0x08005864   0x00000038   Code   RO          658    i.MX_USART2_UART_Init  usart.o
    0x0800589c   0x0800589c   0x00000060   Code   RO          659    i.MX_USART3_UART_Init  usart.o
    0x080058fc   0x080058fc   0x00000032   Code   RO          660    i.MakeCrcFlow       usart.o
    0x0800592e   0x0800592e   0x00000002   PAD
    0x08005930   0x08005930   0x00000036   Code   RO          661    i.MakeCrcModbus     usart.o
    0x08005966   0x08005966   0x00000002   Code   RO          945    i.MemManage_Handler  stm32f2xx_it.o
    0x08005968   0x08005968   0x00000002   Code   RO          946    i.NMI_Handler       stm32f2xx_it.o
    0x0800596a   0x0800596a   0x00000002   Code   RO          947    i.PendSV_Handler    stm32f2xx_it.o
    0x0800596c   0x0800596c   0x00000084   Code   RO          208    i.RGBLedDealt       gpio.o
    0x080059f0   0x080059f0   0x00000028   Code   RO          373    i.RTCSetDateAndTime  rtc.o
    0x08005a18   0x08005a18   0x00000018   Code   RO          374    i.RTCSetTime        rtc.o
    0x08005a30   0x08005a30   0x00000012   Code   RO         2512    i.RTC_Bcd2ToByte    stm32f2xx_hal_rtc.o
    0x08005a42   0x08005a42   0x00000016   Code   RO         2513    i.RTC_ByteToBcd2    stm32f2xx_hal_rtc.o
    0x08005a58   0x08005a58   0x00000048   Code   RO         2514    i.RTC_EnterInitMode  stm32f2xx_hal_rtc.o
    0x08005aa0   0x08005aa0   0x00000022   Code   RO         2515    i.RTC_ExitInitMode  stm32f2xx_hal_rtc.o
    0x08005ac2   0x08005ac2   0x00000002   PAD
    0x08005ac4   0x08005ac4   0x00000024   Code   RO          375    i.RtcGetDateTime    rtc.o
    0x08005ae8   0x08005ae8   0x00000018   Code   RO          376    i.RtcSetDate        rtc.o
    0x08005b00   0x08005b00   0x00000020   Code   RO         2902    i.SPI_EndRxTxTransaction  stm32f2xx_hal_spi.o
    0x08005b20   0x08005b20   0x000000b8   Code   RO         2907    i.SPI_WaitFlagStateUntilTimeout  stm32f2xx_hal_spi.o
    0x08005bd8   0x08005bd8   0x00000002   Code   RO          948    i.SVC_Handler       stm32f2xx_it.o
    0x08005bda   0x08005bda   0x0000004c   Code   RO          662    i.SetCtrlVisable    usart.o
    0x08005c26   0x08005c26   0x00000002   PAD
    0x08005c28   0x08005c28   0x0000007c   Code   RO          663    i.SetRTCToHmi       usart.o
    0x08005ca4   0x08005ca4   0x00000060   Code   RO          664    i.SetScreenCurveRange  usart.o
    0x08005d04   0x08005d04   0x00000040   Code   RO          439    i.SpiFlashEraseSector  spi.o
    0x08005d44   0x08005d44   0x00000050   Code   RO          440    i.SpiFlashRead      spi.o
    0x08005d94   0x08005d94   0x0000006c   Code   RO          441    i.SpiFlashReadID    spi.o
    0x08005e00   0x08005e00   0x00000030   Code   RO          442    i.SpiFlashReadOffset  spi.o
    0x08005e30   0x08005e30   0x00000048   Code   RO          443    i.SpiFlashReadSR    spi.o
    0x08005e78   0x08005e78   0x0000001e   Code   RO          444    i.SpiFlashSendAddr  spi.o
    0x08005e96   0x08005e96   0x00000002   PAD
    0x08005e98   0x08005e98   0x00000038   Code   RO          445    i.SpiFlashSetOffset  spi.o
    0x08005ed0   0x08005ed0   0x0000000e   Code   RO          446    i.SpiFlashWaitBusy  spi.o
    0x08005ede   0x08005ede   0x00000002   PAD
    0x08005ee0   0x08005ee0   0x0000005c   Code   RO          447    i.SpiFlashWrite     spi.o
    0x08005f3c   0x08005f3c   0x0000002c   Code   RO          448    i.SpiFlashWriteEnable  spi.o
    0x08005f68   0x08005f68   0x00000020   Code   RO          449    i.SpiReadWriteByte  spi.o
    0x08005f88   0x08005f88   0x00000090   Code   RO          949    i.SysTick_Handler   stm32f2xx_it.o
    0x08006018   0x08006018   0x00000086   Code   RO           14    i.SystemClock_Config  main.o
    0x0800609e   0x0800609e   0x00000002   Code   RO         4512    i.SystemInit        system_stm32f2xx.o
    0x080060a0   0x080060a0   0x0000000c   Code   RO          950    i.TIM6_DAC_IRQHandler  stm32f2xx_it.o
    0x080060ac   0x080060ac   0x000000c8   Code   RO         3270    i.TIM_Base_SetConfig  stm32f2xx_hal_tim.o
    0x08006174   0x08006174   0x0000001a   Code   RO         3271    i.TIM_CCxChannelCmd  stm32f2xx_hal_tim.o
    0x0800618e   0x0800618e   0x00000002   PAD
    0x08006190   0x08006190   0x00000060   Code   RO         3283    i.TIM_OC1_SetConfig  stm32f2xx_hal_tim.o
    0x080061f0   0x080061f0   0x0000006c   Code   RO         3284    i.TIM_OC2_SetConfig  stm32f2xx_hal_tim.o
    0x0800625c   0x0800625c   0x00000068   Code   RO         3285    i.TIM_OC3_SetConfig  stm32f2xx_hal_tim.o
    0x080062c4   0x080062c4   0x00000050   Code   RO         3286    i.TIM_OC4_SetConfig  stm32f2xx_hal_tim.o
    0x08006314   0x08006314   0x0000000c   Code   RO          951    i.UART4_IRQHandler  stm32f2xx_it.o
    0x08006320   0x08006320   0x0000000c   Code   RO          952    i.UART5_IRQHandler  stm32f2xx_it.o
    0x0800632c   0x0800632c   0x00000010   Code   RO         4191    i.UART_DMAAbortOnError  stm32f2xx_hal_uart.o
    0x0800633c   0x0800633c   0x0000004a   Code   RO         4192    i.UART_DMAError     stm32f2xx_hal_uart.o
    0x08006386   0x08006386   0x00000086   Code   RO         4193    i.UART_DMAReceiveCplt  stm32f2xx_hal_uart.o
    0x0800640c   0x0800640c   0x0000001e   Code   RO         4195    i.UART_DMARxHalfCplt  stm32f2xx_hal_uart.o
    0x0800642a   0x0800642a   0x00000042   Code   RO         4197    i.UART_DMATransmitCplt  stm32f2xx_hal_uart.o
    0x0800646c   0x0800646c   0x0000000a   Code   RO         4199    i.UART_DMATxHalfCplt  stm32f2xx_hal_uart.o
    0x08006476   0x08006476   0x0000004e   Code   RO         4201    i.UART_EndRxTransfer  stm32f2xx_hal_uart.o
    0x080064c4   0x080064c4   0x0000001c   Code   RO         4202    i.UART_EndTxTransfer  stm32f2xx_hal_uart.o
    0x080064e0   0x080064e0   0x000000c2   Code   RO         4203    i.UART_Receive_IT   stm32f2xx_hal_uart.o
    0x080065a2   0x080065a2   0x00000002   PAD
    0x080065a4   0x080065a4   0x00000124   Code   RO         4204    i.UART_SetConfig    stm32f2xx_hal_uart.o
    0x080066c8   0x080066c8   0x00000090   Code   RO         4205    i.UART_Start_Receive_DMA  stm32f2xx_hal_uart.o
    0x08006758   0x08006758   0x00000036   Code   RO         4206    i.UART_Start_Receive_IT  stm32f2xx_hal_uart.o
    0x0800678e   0x0800678e   0x00000002   PAD
    0x08006790   0x08006790   0x0000000c   Code   RO          953    i.USART1_IRQHandler  stm32f2xx_it.o
    0x0800679c   0x0800679c   0x0000000c   Code   RO          954    i.USART2_IRQHandler  stm32f2xx_it.o
    0x080067a8   0x080067a8   0x0000000c   Code   RO          955    i.USART3_IRQHandler  stm32f2xx_it.o
    0x080067b4   0x080067b4   0x00000002   Code   RO          956    i.UsageFault_Handler  stm32f2xx_it.o
    0x080067b6   0x080067b6   0x00000002   PAD
    0x080067b8   0x080067b8   0x000000a8   Code   RO          665    i.UsartSendData     usart.o
    0x08006860   0x08006860   0x00000084   Code   RO          666    i.UsartSetTxBuf     usart.o
    0x080068e4   0x080068e4   0x00000028   Code   RO         4759    i.__ARM_fpclassify  m_ws.l(fpclassify.o)
    0x0800690c   0x0800690c   0x00000020   Code   RO         1718    i.__NVIC_SetPriority  stm32f2xx_hal_cortex.o
    0x0800692c   0x0800692c   0x0000000e   Code   RO         4593    i._is_digit         c_w.l(__printf_wp.o)
    0x0800693a   0x0800693a   0x00000002   PAD
    0x0800693c   0x0800693c   0x000004b8   Code   RO           15    i.main              main.o
    0x08006df4   0x08006df4   0x0000002c   Code   RO         4753    locale$$code        c_w.l(lc_numeric_c.o)
    0x08006e20   0x08006e20   0x00000062   Code   RO         4616    x$fpl$d2f           fz_ws.l(d2f.o)
    0x08006e82   0x08006e82   0x00000002   PAD
    0x08006e84   0x08006e84   0x00000150   Code   RO         4618    x$fpl$dadd          fz_ws.l(daddsub_clz.o)
    0x08006fd4   0x08006fd4   0x00000010   Code   RO         4688    x$fpl$dcheck1       fz_ws.l(dcheck1.o)
    0x08006fe4   0x08006fe4   0x000002b0   Code   RO         4625    x$fpl$ddiv          fz_ws.l(ddiv.o)
    0x08007294   0x08007294   0x0000005e   Code   RO         4628    x$fpl$dfix          fz_ws.l(dfix.o)
    0x080072f2   0x080072f2   0x00000002   PAD
    0x080072f4   0x080072f4   0x0000005a   Code   RO         4632    x$fpl$dfixu         fz_ws.l(dfixu.o)
    0x0800734e   0x0800734e   0x0000002e   Code   RO         4637    x$fpl$dflt          fz_ws.l(dflt_clz.o)
    0x0800737c   0x0800737c   0x00000026   Code   RO         4636    x$fpl$dfltu         fz_ws.l(dflt_clz.o)
    0x080073a2   0x080073a2   0x00000002   PAD
    0x080073a4   0x080073a4   0x00000154   Code   RO         4642    x$fpl$dmul          fz_ws.l(dmul.o)
    0x080074f8   0x080074f8   0x0000009c   Code   RO         4690    x$fpl$dnaninf       fz_ws.l(dnaninf.o)
    0x08007594   0x08007594   0x0000000c   Code   RO         4692    x$fpl$dretinf       fz_ws.l(dretinf.o)
    0x080075a0   0x080075a0   0x00000016   Code   RO         4619    x$fpl$drsb          fz_ws.l(daddsub_clz.o)
    0x080075b6   0x080075b6   0x00000002   PAD
    0x080075b8   0x080075b8   0x000001d4   Code   RO         4620    x$fpl$dsub          fz_ws.l(daddsub_clz.o)
    0x0800778c   0x0800778c   0x00000056   Code   RO         4644    x$fpl$f2d           fz_ws.l(f2d.o)
    0x080077e2   0x080077e2   0x00000002   PAD
    0x080077e4   0x080077e4   0x000000c4   Code   RO         4646    x$fpl$fadd          fz_ws.l(faddsub_clz.o)
    0x080078a8   0x080078a8   0x00000184   Code   RO         4653    x$fpl$fdiv          fz_ws.l(fdiv.o)
    0x08007a2c   0x08007a2c   0x00000036   Code   RO         4656    x$fpl$ffix          fz_ws.l(ffix.o)
    0x08007a62   0x08007a62   0x00000002   PAD
    0x08007a64   0x08007a64   0x00000026   Code   RO         4660    x$fpl$ffltu         fz_ws.l(fflt_clz.o)
    0x08007a8a   0x08007a8a   0x00000002   PAD
    0x08007a8c   0x08007a8c   0x00000102   Code   RO         4666    x$fpl$fmul          fz_ws.l(fmul.o)
    0x08007b8e   0x08007b8e   0x0000008c   Code   RO         4694    x$fpl$fnaninf       fz_ws.l(fnaninf.o)
    0x08007c1a   0x08007c1a   0x0000000a   Code   RO         4696    x$fpl$fretinf       fz_ws.l(fretinf.o)
    0x08007c24   0x08007c24   0x000000ea   Code   RO         4648    x$fpl$fsub          fz_ws.l(faddsub_clz.o)
    0x08007d0e   0x08007d0e   0x00000004   Code   RO         4668    x$fpl$printf1       fz_ws.l(printf1.o)
    0x08007d12   0x08007d12   0x00000064   Code   RO         4757    x$fpl$retnan        fz_ws.l(retnan.o)
    0x08007d76   0x08007d76   0x0000005c   Code   RO         4670    x$fpl$scalbn        fz_ws.l(scalbn.o)
    0x08007dd2   0x08007dd2   0x00000030   Code   RO         4825    x$fpl$trapveneer    fz_ws.l(trapv.o)
    0x08007e02   0x08007e02   0x00000000   Code   RO         4698    x$fpl$usenofp       fz_ws.l(usenofp.o)
    0x08007e02   0x08007e02   0x00000002   PAD
    0x08007e04   0x08007e04   0x00000018   Data   RO          257    .constdata          adc.o
    0x08007e1c   0x08007e1c   0x00000008   Data   RO         2256    .constdata          stm32f2xx_hal_dma.o
    0x08007e24   0x08007e24   0x00000010   Data   RO         4513    .constdata          system_stm32f2xx.o
    0x08007e34   0x08007e34   0x00000008   Data   RO         4514    .constdata          system_stm32f2xx.o
    0x08007e3c   0x08007e3c   0x00000028   Data   RO         4566    .constdata          c_w.l(_printf_hex_int.o)
    0x08007e64   0x08007e64   0x00000011   Data   RO         4596    .constdata          c_w.l(__printf_flags_wp.o)
    0x08007e75   0x08007e75   0x00000003   PAD
    0x08007e78   0x08007e78   0x00000094   Data   RO         4728    .constdata          c_w.l(bigflt0.o)
    0x08007f0c   0x08007f0c   0x00000020   Data   RO         4908    Region$$Table       anon$$obj.o
    0x08007f2c   0x08007f2c   0x0000001c   Data   RO         4752    locale$$data        c_w.l(lc_numeric_c.o)


    Execution Region RW_IRAM1 (Exec base: 0x20000000, Load base: 0x08007f48, Size: 0x00002788, Max: 0x00014000, ABSOLUTE)

    Exec Addr    Load Addr    Size         Type   Attr      Idx    E Section Name        Object

    0x20000000   0x08007f48   0x00000008   Data   RW          209    .data               gpio.o
    0x20000008   0x08007f50   0x00000004   Data   RW          258    .data               adc.o
    0x2000000c   0x08007f54   0x00000008   Data   RW          451    .data               spi.o
    0x20000014   0x08007f5c   0x0000003a   Data   RW          668    .data               usart.o
    0x2000004e   0x08007f96   0x0000000a   Data   RW          957    .data               stm32f2xx_it.o
    0x20000058   0x08007fa0   0x0000000c   Data   RW         1397    .data               stm32f2xx_hal.o
    0x20000064   0x08007fac   0x00000004   Data   RW         4515    .data               system_stm32f2xx.o
    0x20000068        -       0x00000010   Zero   RW           16    .bss                main.o
    0x20000078        -       0x00000420   Zero   RW          256    .bss                adc.o
    0x20000498        -       0x00000020   Zero   RW          377    .bss                rtc.o
    0x200004b8        -       0x00000058   Zero   RW          450    .bss                spi.o
    0x20000510        -       0x000000d8   Zero   RW          554    .bss                tim.o
    0x200005e8        -       0x00001b3c   Zero   RW          667    .bss                usart.o
    0x20002124        -       0x00000060   Zero   RW         4762    .bss                c_w.l(libspace.o)
    0x20002184   0x08007fb0   0x00000004   PAD
    0x20002188        -       0x00000200   Zero   RW            2    HEAP                startup_stm32f205xx.o
    0x20002388        -       0x00000400   Zero   RW            1    STACK               startup_stm32f205xx.o


    Execution Region RW_IRAM2 (Exec base: 0x2001c000, Load base: 0x08007fb0, Size: 0x00000000, Max: 0x00004000, ABSOLUTE)

    **** No section assigned to this execution region ****


==============================================================================

Image component sizes


      Code (inc. data)   RO Data    RW Data    ZI Data      Debug   Object Name

       684         70         24          4       1056       6970   adc.o
        60          4          0          0          0        746   dma.o
       640         54          0          8          0       5717   gpio.o
         2          0          0          0          0        399   iwdg.o
      1346        266          0          0         16     647098   main.o
       200         44          0          0         32       3186   rtc.o
       820         72          0          8         88       7558   spi.o
        64         26        388          0       1536        792   startup_stm32f205xx.o
       180         28          0         12          0       8997   stm32f2xx_hal.o
       998         34          0          0          0       4601   stm32f2xx_hal_adc.o
       198         14          0          0          0      30579   stm32f2xx_hal_cortex.o
      1084         16          8          0          0       7010   stm32f2xx_hal_dma.o
       684         50          0          0          0       3448   stm32f2xx_hal_gpio.o
        48          6          0          0          0        818   stm32f2xx_hal_msp.o
      1352         82          0          0          0       5040   stm32f2xx_hal_rcc.o
       340         20          0          0          0       1352   stm32f2xx_hal_rcc_ex.o
       832         30          0          0          0       7763   stm32f2xx_hal_rtc.o
       898          4          0          0          0       4693   stm32f2xx_hal_spi.o
      1974        176          0          0          0      14316   stm32f2xx_hal_tim.o
       148         28          0          0          0       2361   stm32f2xx_hal_tim_ex.o
      2176         42          0          0          0      15789   stm32f2xx_hal_uart.o
       256         54          0         10          0      10660   stm32f2xx_it.o
         2          0         24          4          0       1083   system_stm32f2xx.o
       464         62          0          0        216       3848   tim.o
      6872        750          0         58       6972      38534   usart.o

    ----------------------------------------------------------------------
     22376       1932        476        104       9916     833358   Object Totals
         0          0         32          0          0          0   (incl. Generated)
        54          0          0          0          0          0   (incl. Padding)

    ----------------------------------------------------------------------

      Code (inc. data)   RO Data    RW Data    ZI Data      Debug   Library Member Name

         8          0          0          0          0         68   __main.o
       312          4         17          0          0         92   __printf_flags_wp.o
        14          0          0          0          0         68   __printf_wp.o
         0          0          0          0          0          0   __rtentry.o
        12          0          0          0          0          0   __rtentry2.o
         6          0          0          0          0          0   __rtentry4.o
        52          8          0          0          0          0   __scatter.o
        26          0          0          0          0          0   __scatter_copy.o
        28          0          0          0          0          0   __scatter_zi.o
        44          0          0          0          0        108   _printf_char.o
        48          6          0          0          0         96   _printf_char_common.o
         6          0          0          0          0          0   _printf_d.o
       120         16          0          0          0         92   _printf_dec.o
         6          0          0          0          0          0   _printf_f.o
      1054          0          0          0          0        216   _printf_fp_dec.o
       128         16          0          0          0         84   _printf_fp_infnan.o
        88          4         40          0          0         88   _printf_hex_int.o
       178          0          0          0          0         88   _printf_intcommon.o
        78          0          0          0          0        108   _printf_pad.o
         0          0          0          0          0          0   _printf_percent.o
         4          0          0          0          0          0   _printf_percent_end.o
         6          0          0          0          0          0   _printf_s.o
        82          0          0          0          0         80   _printf_str.o
         6          0          0          0          0          0   _printf_x.o
        10          0          0          0          0         68   _sputc.o
       228          4        148          0          0         96   bigflt0.o
      1936        128          0          0          0        672   btod.o
        18          0          0          0          0         80   exit.o
         6          0          0          0          0        152   heapauxi.o
         0          0          0          0          0          0   indicate_semi.o
        44         10         28          0          0         76   lc_numeric_c.o
         2          0          0          0          0          0   libinit.o
        18          0          0          0          0          0   libinit2.o
         2          0          0          0          0          0   libshutdown.o
         2          0          0          0          0          0   libshutdown2.o
         8          4          0          0         96         68   libspace.o
       138          0          0          0          0         80   lludiv10.o
       238          0          0          0          0        100   lludivv7m.o
        40          6          0          0          0         84   noretval__2sprintf.o
         8          4          0          0          0         68   rt_locale_intlibspace.o
        78          0          0          0          0         80   rt_memclr_w.o
         2          0          0          0          0          0   rtexit.o
        10          0          0          0          0          0   rtexit2.o
       128          0          0          0          0         68   strcmpv7m.o
        62          0          0          0          0         76   strlen.o
        12          4          0          0          0         68   sys_exit.o
        74          0          0          0          0         80   sys_stackheap_outer.o
         2          0          0          0          0         68   use_no_semi.o
        98          4          0          0          0         92   d2f.o
       826         16          0          0          0        348   daddsub_clz.o
        16          4          0          0          0         68   dcheck1.o
       688        140          0          0          0        208   ddiv.o
        94          4          0          0          0         92   dfix.o
        90          4          0          0          0         92   dfixu.o
        84          0          0          0          0        136   dflt_clz.o
       340         12          0          0          0        104   dmul.o
       156          4          0          0          0         92   dnaninf.o
        12          0          0          0          0         68   dretinf.o
        86          4          0          0          0         84   f2d.o
       430          8          0          0          0        168   faddsub_clz.o
       388         76          0          0          0         96   fdiv.o
        54          4          0          0          0         84   ffix.o
        38          0          0          0          0         68   fflt_clz.o
       258          4          0          0          0         84   fmul.o
       140          4          0          0          0         84   fnaninf.o
        10          0          0          0          0         68   fretinf.o
         4          0          0          0          0         68   printf1.o
       100          0          0          0          0         68   retnan.o
        92          0          0          0          0         68   scalbn.o
        48          0          0          0          0         68   trapv.o
         0          0          0          0          0          0   usenofp.o
        40          0          0          0          0         68   fpclassify.o

    ----------------------------------------------------------------------
      9496        502        236          0        100       5548   Library Totals
        32          0          3          0          4          0   (incl. Padding)

    ----------------------------------------------------------------------

      Code (inc. data)   RO Data    RW Data    ZI Data      Debug   Library Name

      5372        214        233          0         96       3172   c_w.l
      4052        288          0          0          0       2308   fz_ws.l
        40          0          0          0          0         68   m_ws.l

    ----------------------------------------------------------------------
      9496        502        236          0        100       5548   Library Totals

    ----------------------------------------------------------------------

==============================================================================


      Code (inc. data)   RO Data    RW Data    ZI Data      Debug   

     31872       2434        712        104      10016     826058   Grand Totals
     31872       2434        712        104      10016     826058   ELF Image Totals
     31872       2434        712        104          0          0   ROM Totals

==============================================================================

    Total RO  Size (Code + RO Data)                32584 (  31.82kB)
    Total RW  Size (RW Data + ZI Data)             10120 (   9.88kB)
    Total ROM Size (Code + RO Data + RW Data)      32688 (  31.92kB)

==============================================================================

